<html>
<body>
<pre>
<h1>礦ision Build Log</h1>
<h2>Tool Versions:</h2>
IDE-Version: μVision V5.18a
Copyright (C) 2016 ARM Ltd and ARM Germany GmbH. All rights reserved.
License Information: 11 11, 11, LIC=RC9QD-8ZWJP-LCXJF-6Q09Q-6DJAQ-9GK0U
 
Tool Versions:
Toolchain:       MDK-ARM Standard  Version: 5.18a
Toolchain Path:  H:\Install\ARM\ARMCC\Bin
C Compiler:      Armcc.exe V5.06 update 1 (build 61)
Assembler:       Armasm.exe V5.06 update 1 (build 61)
Linker/Locator:  ArmLink.exe V5.06 update 1 (build 61)
Library Manager: ArmAr.exe V5.06 update 1 (build 61)
Hex Converter:   FromElf.exe V5.06 update 1 (build 61)
CPU DLL:         SARMCM3.DLL V5.18a
Dialog DLL:      DARMSTM.DLL V1.65.0.0
Target DLL:      Segger\JL2CM3.dll V2.99.19.0
Dialog DLL:      TARMSTM.DLL V1.64.0.0
 
<h2>Project:</h2>
D:\Source_Of_Lujie\嵌入式综合课程设计\最新的ucosii\ucosii\Project\RVMDK（uv4）\iSO-STM32.uvprojx
Project File Date:  09/04/2016

<h2>Output:</h2>
*** Using Compiler 'V5.06 update 1 (build 61)', folder: 'H:\Install\ARM\ARMCC\Bin'
Build target 'os__stm32'
assembling startup_stm32f10x_hd.s...
compiling core_cm3.c...
compiling system_stm32f10x.c...
compiling misc.c...
compiling stm32f10x_bkp.c...
compiling stm32f10x_adc.c...
compiling stm32f10x_can.c...
compiling stm32f10x_cec.c...
compiling stm32f10x_crc.c...
compiling stm32f10x_dac.c...
compiling stm32f10x_dbgmcu.c...
compiling stm32f10x_dma.c...
compiling stm32f10x_exti.c...
compiling stm32f10x_flash.c...
compiling stm32f10x_fsmc.c...
compiling stm32f10x_gpio.c...
compiling stm32f10x_iwdg.c...
compiling stm32f10x_i2c.c...
compiling stm32f10x_pwr.c...
compiling stm32f10x_rcc.c...
compiling stm32f10x_rtc.c...
compiling stm32f10x_sdio.c...
compiling stm32f10x_spi.c...
compiling stm32f10x_tim.c...
compiling stm32f10x_usart.c...
compiling stm32f10x_wwdg.c...
compiling main.c...
..\..\BSP\HMC5883L\HMC5883L.h(11): warning:  #1-D: last line of file ends without a newline
  #endif
..\..\BSP\eeprom\eeprom.h(79): warning:  #1-D: last line of file ends without a newline
  /******************* (C) COPYRIGHT 2009 STMicroelectronics *****END OF FILE****/
..\..\BSP\eeprom\flash.h(6): warning:  #1-D: last line of file ends without a newline
  #endif
..\..\BSP\BSP.h(22): warning:  #1-D: last line of file ends without a newline
  #endif // __BSP_H
..\..\User\main.c: 4 warnings, 0 errors
compiling stm32f10x_it.c...
compiling BSP.c...
..\..\BSP\HMC5883L\HMC5883L.h(11): warning:  #1-D: last line of file ends without a newline
  #endif
..\..\BSP\eeprom\eeprom.h(79): warning:  #1-D: last line of file ends without a newline
  /******************* (C) COPYRIGHT 2009 STMicroelectronics *****END OF FILE****/
..\..\BSP\eeprom\flash.h(6): warning:  #1-D: last line of file ends without a newline
  #endif
..\..\BSP\BSP.h(22): warning:  #1-D: last line of file ends without a newline
  #endif // __BSP_H
..\..\BSP\BSP.c(79): warning:  #1-D: last line of file ends without a newline
  }
..\..\BSP\BSP.c: 5 warnings, 0 errors
compiling bsp_led.c...
compiling BlueTooth.c...
..\..\BSP\BlueTooth\BlueTooth.c(105): warning:  #177-D: variable "m" was declared but never referenced
  	char *p,*q,*m,*n;
..\..\BSP\BlueTooth\BlueTooth.c(105): warning:  #177-D: variable "n" was declared but never referenced
  	char *p,*q,*m,*n;
..\..\BSP\BlueTooth\BlueTooth.c: 2 warnings, 0 errors
compiling GPS.c...
compiling motor.c...
..\..\BSP\HMC5883L\HMC5883L.h(11): warning:  #1-D: last line of file ends without a newline
  #endif
..\..\BSP\eeprom\eeprom.h(79): warning:  #1-D: last line of file ends without a newline
  /******************* (C) COPYRIGHT 2009 STMicroelectronics *****END OF FILE****/
..\..\BSP\eeprom\flash.h(6): warning:  #1-D: last line of file ends without a newline
  #endif
..\..\BSP\BSP.h(22): warning:  #1-D: last line of file ends without a newline
  #endif // __BSP_H
..\..\BSP\Motor\motor.c: 4 warnings, 0 errors
compiling Rev.c...
..\..\BSP\HMC5883L\HMC5883L.h(11): warning:  #1-D: last line of file ends without a newline
  #endif
..\..\BSP\eeprom\eeprom.h(79): warning:  #1-D: last line of file ends without a newline
  /******************* (C) COPYRIGHT 2009 STMicroelectronics *****END OF FILE****/
..\..\BSP\eeprom\flash.h(6): warning:  #1-D: last line of file ends without a newline
  #endif
..\..\BSP\BSP.h(22): warning:  #1-D: last line of file ends without a newline
  #endif // __BSP_H
..\..\BSP\Receiver\Rev.c(222): warning:  #1-D: last line of file ends without a newline
  }
..\..\BSP\Receiver\Rev.c: 5 warnings, 0 errors
compiling tim7.c...
compiling usart1.c...
..\..\BSP\HMC5883L\HMC5883L.h(11): warning:  #1-D: last line of file ends without a newline
  #endif
..\..\BSP\eeprom\eeprom.h(79): warning:  #1-D: last line of file ends without a newline
  /******************* (C) COPYRIGHT 2009 STMicroelectronics *****END OF FILE****/
..\..\BSP\eeprom\flash.h(6): warning:  #1-D: last line of file ends without a newline
  #endif
..\..\BSP\BSP.h(22): warning:  #1-D: last line of file ends without a newline
  #endif // __BSP_H
..\..\BSP\Usart\usart1.c(109): warning:  #1-D: last line of file ends without a newline
  }
..\..\BSP\Usart\usart1.c: 5 warnings, 0 errors
compiling MPU6050.c...
..\..\BSP\HMC5883L\HMC5883L.h(11): warning:  #1-D: last line of file ends without a newline
  #endif
..\..\BSP\eeprom\eeprom.h(79): warning:  #1-D: last line of file ends without a newline
  /******************* (C) COPYRIGHT 2009 STMicroelectronics *****END OF FILE****/
..\..\BSP\eeprom\flash.h(6): warning:  #1-D: last line of file ends without a newline
  #endif
..\..\BSP\BSP.h(22): warning:  #1-D: last line of file ends without a newline
  #endif // __BSP_H
..\..\BSP\MPU6050\MPU6050.c(155): warning:  #1-D: last line of file ends without a newline
  }
..\..\BSP\MPU6050\MPU6050.c: 5 warnings, 0 errors
compiling eeprom.c...
compiling flash.c...
..\..\BSP\eeprom\flash.c(133): warning:  #1-D: last line of file ends without a newline
  //}
..\..\BSP\eeprom\flash.c: 1 warning, 0 errors
compiling IMU.c...
..\..\BSP\HMC5883L\HMC5883L.h(11): warning:  #1-D: last line of file ends without a newline
  #endif
..\..\BSP\eeprom\eeprom.h(79): warning:  #1-D: last line of file ends without a newline
  /******************* (C) COPYRIGHT 2009 STMicroelectronics *****END OF FILE****/
..\..\BSP\eeprom\flash.h(6): warning:  #1-D: last line of file ends without a newline
  #endif
..\..\BSP\BSP.h(22): warning:  #1-D: last line of file ends without a newline
  #endif // __BSP_H
..\..\BSP\MPU6050\IMU.c(54): warning:  #177-D: variable "q" was declared but never referenced
    static int q=0,i=0;
..\..\BSP\MPU6050\IMU.c(54): warning:  #177-D: variable "i" was declared but never referenced
    static int q=0,i=0;
..\..\BSP\MPU6050\IMU.c: 6 warnings, 0 errors
compiling I2cdev.c...
..\..\BSP\I2cdev\I2cdev.c(314): warning:  #177-D: variable "i" was declared but never referenced
     unsigned char i,data_temp1,data_temp2;
..\..\BSP\I2cdev\I2cdev.c(346): warning:  #177-D: variable "i" was declared but never referenced
     unsigned char i,data_temp1,data_temp2,data_temp3;
..\..\BSP\I2cdev\I2cdev.c(420): warning:  #1-D: last line of file ends without a newline
  	
..\..\BSP\I2cdev\I2cdev.c: 3 warnings, 0 errors
compiling os_core.c...
compiling app.c...
..\..\BSP\HMC5883L\HMC5883L.h(11): warning:  #1-D: last line of file ends without a newline
  #endif
..\..\BSP\eeprom\eeprom.h(79): warning:  #1-D: last line of file ends without a newline
  /******************* (C) COPYRIGHT 2009 STMicroelectronics *****END OF FILE****/
..\..\BSP\eeprom\flash.h(6): warning:  #1-D: last line of file ends without a newline
  #endif
..\..\BSP\BSP.h(22): warning:  #1-D: last line of file ends without a newline
  #endif // __BSP_H
..\..\APP\app.c: 4 warnings, 0 errors
compiling os_flag.c...
compiling os_mbox.c...
compiling os_mem.c...
compiling os_sem.c...
compiling os_q.c...
compiling os_mutex.c...
compiling os_tmr.c...
compiling os_time.c...
compiling os_task.c...
compiling os_cpu_c.c...
compiling os_dbg.c...
assembling os_cpu_a.asm...
compiling appBluetooth.c...
..\..\BSP\HMC5883L\HMC5883L.h(11): warning:  #1-D: last line of file ends without a newline
  #endif
..\..\BSP\eeprom\eeprom.h(79): warning:  #1-D: last line of file ends without a newline
  /******************* (C) COPYRIGHT 2009 STMicroelectronics *****END OF FILE****/
..\..\BSP\eeprom\flash.h(6): warning:  #1-D: last line of file ends without a newline
  #endif
..\..\BSP\BSP.h(22): warning:  #1-D: last line of file ends without a newline
  #endif // __BSP_H
..\..\APP\BLUETOOTH\appBluetooth.c(31): warning:  #1-D: last line of file ends without a newline
  }
..\..\APP\BLUETOOTH\appBluetooth.c: 5 warnings, 0 errors
compiling control.c...
..\..\BSP\HMC5883L\HMC5883L.h(11): warning:  #1-D: last line of file ends without a newline
  #endif
..\..\BSP\eeprom\eeprom.h(79): warning:  #1-D: last line of file ends without a newline
  /******************* (C) COPYRIGHT 2009 STMicroelectronics *****END OF FILE****/
..\..\BSP\eeprom\flash.h(6): warning:  #1-D: last line of file ends without a newline
  #endif
..\..\BSP\BSP.h(22): warning:  #1-D: last line of file ends without a newline
  #endif // __BSP_H
..\..\APP\CONTROL\control.c(45): warning:  #1-D: last line of file ends without a newline
  }
..\..\APP\CONTROL\control.c: 5 warnings, 0 errors
compiling controlPID.c...
..\..\BSP\HMC5883L\HMC5883L.h(11): warning:  #1-D: last line of file ends without a newline
  #endif
..\..\BSP\eeprom\eeprom.h(79): warning:  #1-D: last line of file ends without a newline
  /******************* (C) COPYRIGHT 2009 STMicroelectronics *****END OF FILE****/
..\..\BSP\eeprom\flash.h(6): warning:  #1-D: last line of file ends without a newline
  #endif
..\..\BSP\BSP.h(22): warning:  #1-D: last line of file ends without a newline
  #endif // __BSP_H
..\..\APP\CONTROL\controlPID.c: 4 warnings, 0 errors
compiling APP_IMU.c...
..\..\BSP\HMC5883L\HMC5883L.h(11): warning:  #1-D: last line of file ends without a newline
  #endif
..\..\BSP\eeprom\eeprom.h(79): warning:  #1-D: last line of file ends without a newline
  /******************* (C) COPYRIGHT 2009 STMicroelectronics *****END OF FILE****/
..\..\BSP\eeprom\flash.h(6): warning:  #1-D: last line of file ends without a newline
  #endif
..\..\BSP\BSP.h(22): warning:  #1-D: last line of file ends without a newline
  #endif // __BSP_H
..\..\APP\IMU\APP_IMU.c: 4 warnings, 0 errors
linking...
Program Size: Code=32978 RO-data=902 RW-data=428 ZI-data=15804  
FromELF: creating hex file...
"..\..\Output\ucosii.axf" - 0 Error(s), 62 Warning(s).

<h2>Collection of Component include folders:</h2>
  D:\Source_Of_Lujie\嵌入式综合课程设计\最新的ucosii\ucosii\Project\RVMDK（uv4）\RTE
  H:\Install\ARM\PACK\Keil\STM32F1xx_DFP\2.1.0\Device\Include

<h2>Collection of Component Files used:</h2>
Build Time Elapsed:  00:00:15
</pre>
</body>
</html>
