<html>
<body>
<pre>
<h1>礦ision Build Log</h1>
<h2>Tool Versions:</h2>
IDE-Version: μVision V5.18a
Copyright (C) 2016 ARM Ltd and ARM Germany GmbH. All rights reserved.
License Information: 11 11, 11, LIC=RC9QD-8ZWJP-LCXJF-6Q09Q-6DJAQ-9GK0U
 
Tool Versions:
Toolchain:       MDK-ARM Standard  Version: 5.18a
Toolchain Path:  H:\Install\ARM\ARMCC\Bin
C Compiler:      Armcc.exe V5.06 update 1 (build 61)
Assembler:       Armasm.exe V5.06 update 1 (build 61)
Linker/Locator:  ArmLink.exe V5.06 update 1 (build 61)
Library Manager: ArmAr.exe V5.06 update 1 (build 61)
Hex Converter:   FromElf.exe V5.06 update 1 (build 61)
CPU DLL:         SARMCM3.DLL V5.18a
Dialog DLL:      DARMSTM.DLL V1.65.0.0
Target DLL:      Segger\JL2CM3.dll V2.99.19.0
Dialog DLL:      TARMSTM.DLL V1.64.0.0
 
<h2>Project:</h2>
D:\Source_Of_Lujie\嵌入式综合课程设计\ucos2移植\ucosii\Project\RVMDK（uv4）\iSO-STM32.uvprojx
Project File Date:  09/04/2016

<h2>Output:</h2>
*** Using Compiler 'V5.06 update 1 (build 61)', folder: 'H:\Install\ARM\ARMCC\Bin'
Build target 'os__stm32'
compiling BSP.c...
linking...
Program Size: Code=32978 RO-data=902 RW-data=420 ZI-data=15804  
FromELF: creating hex file...
"..\..\Output\ucosii.axf" - 0 Error(s), 0 Warning(s).

<h2>Collection of Component include folders:</h2>
  D:\Source_Of_Lujie\嵌入式综合课程设计\ucos2移植\ucosii\Project\RVMDK（uv4）\RTE
  H:\Install\ARM\PACK\Keil\STM32F1xx_DFP\2.1.0\Device\Include

<h2>Collection of Component Files used:</h2>
Build Time Elapsed:  00:00:01
</pre>
</body>
</html>
