<html>
<body>
<pre>
<h1>礦ision Build Log</h1>
<h2>Tool Versions:</h2>
IDE-Version: μVision V5.21.1.0
Copyright (C) 2016 ARM Ltd and ARM Germany GmbH. All rights reserved.
License Information: li li, uestc, LIC=QGX56-DLQFA-Y9BGB-2XN63-WDZA2-XRKLE
 
Tool Versions:
Toolchain:       MDK-ARM Standard Cortex-M only  Version: 5.21a
Toolchain Path:  D:\keil5\ARM\ARMCC\Bin
C Compiler:      Armcc.exe V5.06 update 3 (build 300)
Assembler:       Armasm.exe V5.06 update 3 (build 300)
Linker/Locator:  ArmLink.exe V5.06 update 3 (build 300)
Library Manager: ArmAr.exe V5.06 update 3 (build 300)
Hex Converter:   FromElf.exe V5.06 update 3 (build 300)
CPU DLL:         SARMCM3.DLL V5.21a
Dialog DLL:      DCM.DLL V1.13.8.0
Target DLL:      Segger\JL2CM3.dll V2.99.23.0
Dialog DLL:      TCM.DLL V1.14.14.0
 
<h2>Project:</h2>
F:\小桌面\ucos2移植\四轴完成版本\cc\ucosii\Project\RVMDK（uv4）\iSO-STM32.uvprojx
Project File Date:  11/01/2016

<h2>Output:</h2>
*** Using Compiler 'V5.06 update 3 (build 300)', folder: 'D:\keil5\ARM\ARMCC\Bin'
Build target 'os__stm32'
compiling BSP.c...
..\..\BSP\HMC5883L\HMC5883L.h(11): warning:  #1-D: last line of file ends without a newline
  #endif
..\..\BSP\eeprom\eeprom.h(79): warning:  #1-D: last line of file ends without a newline
  /******************* (C) COPYRIGHT 2009 STMicroelectronics *****END OF FILE****/
..\..\BSP\eeprom\flash.h(8): warning:  #1-D: last line of file ends without a newline
  #endif
..\..\BSP\BSP.h(22): warning:  #1-D: last line of file ends without a newline
  #endif // __BSP_H
..\..\BSP\BSP.c(133): warning:  #1-D: last line of file ends without a newline
  }
..\..\BSP\BSP.c: 5 warnings, 0 errors
linking...
Program Size: Code=40564 RO-data=836 RW-data=524 ZI-data=15820  
FromELF: creating hex file...
"..\..\Output\ucosii.axf" - 0 Error(s), 5 Warning(s).

<h2>Collection of Component include folders:</h2>
  F:\小桌面\ucos2移植\四轴完成版本\cc\ucosii\Project\RVMDK（uv4）\RTE
  D:\keil5\ARM\PACK\Keil\STM32F1xx_DFP\2.1.0\Device\Include

<h2>Collection of Component Files used:</h2>
Build Time Elapsed:  00:00:02
</pre>
</body>
</html>
