Component: ARM Compiler 5.06 update 1 (build 61) Tool: armlink [4d35a8]

==============================================================================

Section Cross References

    startup_stm32f10x_hd.o(RESET) refers to startup_stm32f10x_hd.o(STACK) for __initial_sp
    startup_stm32f10x_hd.o(RESET) refers to startup_stm32f10x_hd.o(.text) for Reset_Handler
    startup_stm32f10x_hd.o(RESET) refers to stm32f10x_it.o(.text) for NMI_Handler
    startup_stm32f10x_hd.o(RESET) refers to os_cpu_a.o(.text) for OS_CPU_PendSVHandler
    startup_stm32f10x_hd.o(RESET) refers to rev.o(.text) for TIM2_IRQHandler
    startup_stm32f10x_hd.o(RESET) refers to usart1.o(.text) for USART1_IRQHandler
    startup_stm32f10x_hd.o(RESET) refers to gps.o(.text) for USART2_IRQHandler
    startup_stm32f10x_hd.o(RESET) refers to bluetooth.o(.text) for USART3_IRQHandler
    startup_stm32f10x_hd.o(.text) refers to system_stm32f10x.o(.text) for SystemInit
    startup_stm32f10x_hd.o(.text) refers to entry.o(.ARM.Collect$$$$00000000) for __main
    system_stm32f10x.o(.text) refers to system_stm32f10x.o(.data) for SystemCoreClock
    stm32f10x_adc.o(.text) refers to stm32f10x_rcc.o(.text) for RCC_APB2PeriphResetCmd
    stm32f10x_bkp.o(.text) refers to stm32f10x_rcc.o(.text) for RCC_BackupResetCmd
    stm32f10x_can.o(.text) refers to stm32f10x_rcc.o(.text) for RCC_APB1PeriphResetCmd
    stm32f10x_cec.o(.text) refers to stm32f10x_rcc.o(.text) for RCC_APB1PeriphResetCmd
    stm32f10x_dac.o(.text) refers to stm32f10x_rcc.o(.text) for RCC_APB1PeriphResetCmd
    stm32f10x_gpio.o(.text) refers to stm32f10x_rcc.o(.text) for RCC_APB2PeriphResetCmd
    stm32f10x_i2c.o(.text) refers to stm32f10x_rcc.o(.text) for RCC_APB1PeriphResetCmd
    stm32f10x_pwr.o(.text) refers to stm32f10x_rcc.o(.text) for RCC_APB1PeriphResetCmd
    stm32f10x_rcc.o(.text) refers to stm32f10x_rcc.o(.data) for APBAHBPrescTable
    stm32f10x_spi.o(.text) refers to stm32f10x_rcc.o(.text) for RCC_APB2PeriphResetCmd
    stm32f10x_tim.o(.text) refers to stm32f10x_rcc.o(.text) for RCC_APB2PeriphResetCmd
    stm32f10x_usart.o(.text) refers to stm32f10x_rcc.o(.text) for RCC_APB2PeriphResetCmd
    stm32f10x_wwdg.o(.text) refers to stm32f10x_rcc.o(.text) for RCC_APB1PeriphResetCmd
    main.o(.text) refers to bsp.o(.text) for BSP_Init
    main.o(.text) refers to os_core.o(.text) for OSInit
    main.o(.text) refers to os_mutex.o(.text) for OSMutexCreate
    main.o(.text) refers to os_task.o(.text) for OSTaskCreate
    main.o(.text) refers to printfa.o(i.__0printf) for __2printf
    main.o(.text) refers to main.o(.data) for errANGLE
    main.o(.text) refers to main.o(.bss) for startup_task_stk
    main.o(.text) refers to app.o(.text) for Task_Start
    stm32f10x_it.o(.text) refers to os_core.o(.text) for OSIntEnter
    stm32f10x_it.o(.text) refers to stm32f10x_tim.o(.text) for TIM_GetITStatus
    stm32f10x_it.o(.text) refers to tim7.o(.data) for dms
    bsp.o(.text) refers to tim7.o(.text) for tim7_init
    bsp.o(.text) refers to bsp_led.o(.text) for LED_GPIO_Config
    bsp.o(.text) refers to bluetooth.o(.text) for BLUETOOTH_GPIO_Config
    bsp.o(.text) refers to motor.o(.text) for Motor_GPIO_init
    bsp.o(.text) refers to controlpid.o(.text) for Pid_init
    bsp.o(.text) refers to rev.o(.text) for Rev_GPIO_init
    bsp.o(.text) refers to usart1.o(.text) for USART1_Config
    bsp.o(.text) refers to printfa.o(i.__0printf) for __2printf
    bsp.o(.text) refers to i2cdev.o(.text) for I2C_GPIO_Configuration
    bsp.o(.text) refers to mpu6050.o(.text) for MPU6050_Init
    bsp.o(.text) refers to system_stm32f10x.o(.data) for SystemCoreClock
    bsp.o(.text) refers to mpu6050.o(.data) for GYRO_OFFSET_OK
    bsp_led.o(.text) refers to stm32f10x_rcc.o(.text) for RCC_APB2PeriphClockCmd
    bsp_led.o(.text) refers to stm32f10x_gpio.o(.text) for GPIO_Init
    bluetooth.o(.text) refers to f2d.o(.text) for __aeabi_f2d
    bluetooth.o(.text) refers to printfa.o(i.__0printf) for __2printf
    bluetooth.o(.text) refers to stm32f10x_rcc.o(.text) for RCC_APB1PeriphClockCmd
    bluetooth.o(.text) refers to stm32f10x_gpio.o(.text) for GPIO_PinRemapConfig
    bluetooth.o(.text) refers to stm32f10x_usart.o(.text) for USART_Init
    bluetooth.o(.text) refers to misc.o(.text) for NVIC_PriorityGroupConfig
    bluetooth.o(.text) refers to printfa.o(i.__0vsprintf) for __c89vsprintf
    bluetooth.o(.text) refers to strlen.o(.text) for strlen
    bluetooth.o(.text) refers to strtod.o(i.strtod) for strtod
    bluetooth.o(.text) refers to d2f.o(.text) for __aeabi_d2f
    bluetooth.o(.text) refers to strcmp.o(.text) for strcmp
    bluetooth.o(.text) refers to os_core.o(.text) for OSIntEnter
    bluetooth.o(.text) refers to bluetooth.o(.bss) for USART3_RX_BUF
    bluetooth.o(.text) refers to bluetooth.o(.data) for USART3_RX_STA
    bluetooth.o(.text) refers to controlpid.o(.data) for psp
    gps.o(.text) refers to stm32f10x_rcc.o(.text) for RCC_APB2PeriphClockCmd
[...]
    .text                                    0x08006bf8   Section        0  ffltui.o(.text)
    .text                                    0x08006c02   Section        0  dflti.o(.text)
    .text                                    0x08006c24   Section        0  ffixui.o(.text)
    .text                                    0x08006c4c   Section        0  f2d.o(.text)
    .text                                    0x08006c72   Section        0  d2f.o(.text)
    .text                                    0x08006cac   Section       20  cfcmple.o(.text)
    .text                                    0x08006cc0   Section       20  cfrcmple.o(.text)
    .text                                    0x08006cd4   Section        0  uidiv.o(.text)
    .text                                    0x08006d00   Section        0  uldiv.o(.text)
    .text                                    0x08006d62   Section        0  llshl.o(.text)
    .text                                    0x08006d80   Section        0  llsshr.o(.text)
    .text                                    0x08006da4   Section        0  strtod.o(.text)
    _local_sscanf                            0x08006da5   Thumb Code    54  strtod.o(.text)
    .text                                    0x08006e40   Section        0  iusefp.o(.text)
    .text                                    0x08006e40   Section        0  fepilogue.o(.text)
    .text                                    0x08006eae   Section        0  depilogue.o(.text)
    .text                                    0x08006f68   Section        0  dscalb.o(.text)
    .text                                    0x08006f96   Section        0  dsqrt.o(.text)
    .text                                    0x08007038   Section        0  dfixul.o(.text)
    .text                                    0x08007068   Section       48  cdrcmple.o(.text)
    .text                                    0x08007098   Section       36  init.o(.text)
    .text                                    0x080070bc   Section        0  llushr.o(.text)
    .text                                    0x080070dc   Section        0  isspace_c.o(.text)
    .text                                    0x080070e8   Section        0  scanf_fp.o(.text)
    _fp_value                                0x080070e9   Thumb Code   256  scanf_fp.o(.text)
    .text                                    0x08007420   Section        0  _sgetc.o(.text)
    .text                                    0x08007460   Section        0  ctype_c.o(.text)
    .text                                    0x08007488   Section        0  dfltul.o(.text)
    .text                                    0x080074a0   Section        0  __dczerorl2.o(.text)
    i.__0printf                              0x080074f8   Section        0  printfa.o(i.__0printf)
    i.__0vsprintf                            0x08007518   Section        0  printfa.o(i.__0vsprintf)
    i.__ARM_fpclassify                       0x0800753c   Section        0  fpclassify.o(i.__ARM_fpclassify)
    i.__kernel_poly                          0x08007564   Section        0  poly.o(i.__kernel_poly)
    i.__mathlib_dbl_infnan                   0x0800760e   Section        0  dunder.o(i.__mathlib_dbl_infnan)
    i.__mathlib_dbl_infnan2                  0x08007614   Section        0  dunder.o(i.__mathlib_dbl_infnan2)
    i.__mathlib_dbl_invalid                  0x08007618   Section        0  dunder.o(i.__mathlib_dbl_invalid)
    i.__mathlib_dbl_underflow                0x08007624   Section        0  dunder.o(i.__mathlib_dbl_underflow)
    i.__scatterload_copy                     0x08007634   Section       14  handlers.o(i.__scatterload_copy)
    i.__scatterload_null                     0x08007642   Section        2  handlers.o(i.__scatterload_null)
    i.__scatterload_zeroinit                 0x08007644   Section       14  handlers.o(i.__scatterload_zeroinit)
    i.__set_errno                            0x08007654   Section        0  errno.o(i.__set_errno)
    i._fp_digits                             0x08007660   Section        0  printfa.o(i._fp_digits)
    _fp_digits                               0x08007661   Thumb Code   334  printfa.o(i._fp_digits)
    i._is_digit                              0x080077c4   Section        0  scanf_fp.o(i._is_digit)
    i._printf_core                           0x080077d4   Section        0  printfa.o(i._printf_core)
    _printf_core                             0x080077d5   Thumb Code  1744  printfa.o(i._printf_core)
    i._printf_post_padding                   0x08007eb0   Section        0  printfa.o(i._printf_post_padding)
    _printf_post_padding                     0x08007eb1   Thumb Code    36  printfa.o(i._printf_post_padding)
    i._printf_pre_padding                    0x08007ed4   Section        0  printfa.o(i._printf_pre_padding)
    _printf_pre_padding                      0x08007ed5   Thumb Code    46  printfa.o(i._printf_pre_padding)
    i._sputc                                 0x08007f02   Section        0  printfa.o(i._sputc)
    _sputc                                   0x08007f03   Thumb Code    10  printfa.o(i._sputc)
    i.asin                                   0x08007f0c   Section        0  asin.o(i.asin)
    i.atan                                   0x0800817c   Section        0  atan.o(i.atan)
    i.atan2                                  0x0800839c   Section        0  atan2.o(i.atan2)
    i.sqrt                                   0x0800851c   Section        0  sqrt.o(i.sqrt)
    i.strtod                                 0x08008568   Section        0  strtod.o(i.strtod)
    .constdata                               0x08008584   Section      256  os_core.o(.constdata)
    .constdata                               0x08008688   Section       80  asin.o(.constdata)
    pS                                       0x08008688   Data          48  asin.o(.constdata)
    qS                                       0x080086b8   Data          32  asin.o(.constdata)
    .constdata                               0x080086d8   Section      152  atan.o(.constdata)
    atanhi                                   0x080086d8   Data          32  atan.o(.constdata)
    atanlo                                   0x080086f8   Data          32  atan.o(.constdata)
    aTodd                                    0x08008718   Data          40  atan.o(.constdata)
    aTeven                                   0x08008740   Data          48  atan.o(.constdata)
    .constdata                               0x08008770   Section        8  qnan.o(.constdata)
    .constdata                               0x08008778   Section       64  ctype_c.o(.constdata)
    .data                                    0x20000000   Section       20  system_stm32f10x.o(.data)
    .data                                    0x20000014   Section       20  stm32f10x_rcc.o(.data)
    APBAHBPrescTable                         0x20000014   Data          16  stm32f10x_rcc.o(.data)
    ADCPrescTable                            0x20000024   Data           4  stm32f10x_rcc.o(.data)
    .data                                    0x20000028   Section        6  main.o(.data)
    .data                                    0x2000002e   Section        6  bluetooth.o(.data)
    .data                                    0x20000034   Section        2  gps.o(.data)
    .data                                    0x20000038   Section       80  rev.o(.data)
    .data                                    0x20000088   Section        8  tim7.o(.data)
    .data                                    0x20000090   Section        3  usart1.o(.data)
    .data                                    0x20000094   Section       66  mpu6050.o(.data)
    tempgx                                   0x200000b8   Data           4  mpu6050.o(.data)
    tempgy                                   0x200000bc   Data           4  mpu6050.o(.data)
    tempgz                                   0x200000c0   Data           4  mpu6050.o(.data)
    cnt_g                                    0x200000c4   Data           2  mpu6050.o(.data)
    tempax                                   0x200000c8   Data           4  mpu6050.o(.data)
    tempay                                   0x200000cc   Data           4  mpu6050.o(.data)
    tempaz                                   0x200000d0   Data           4  mpu6050.o(.data)
    cnt_a                                    0x200000d4   Data           2  mpu6050.o(.data)
    .data                                    0x200000d8   Section       36  imu.o(.data)
    filter_cnt                               0x200000f4   Data           1  imu.o(.data)
    i                                        0x200000f8   Data           4  imu.o(.data)
    .data                                    0x200000fc   Section       60  os_core.o(.data)
    .data                                    0x20000138   Section        4  appbluetooth.o(.data)
    .data                                    0x2000013c   Section       96  controlpid.o(.data)
    .data                                    0x2000019c   Section        4  stdout.o(.data)
    .data                                    0x200001a0   Section        4  errno.o(.data)
    _errno                                   0x200001a0   Data           4  errno.o(.data)
    .bss                                     0x200001a8   Section     1024  main.o(.bss)
    startup_task_stk                         0x200001a8   Data        1024  main.o(.bss)
    .bss                                     0x200005a8   Section      436  bluetooth.o(.bss)
    .bss                                     0x2000075c   Section     1705  gps.o(.bss)
    .bss                                     0x20000e05   Section      200  usart1.o(.bss)
    .bss                                     0x20000ecd   Section       14  mpu6050.o(.bss)
    .bss                                     0x20000edc   Section      180  imu.o(.bss)
    .bss                                     0x20000f90   Section     8192  app.o(.bss)
    .bss                                     0x20002f90   Section     2912  os_core.o(.bss)
    .bss                                     0x20003af0   Section      108  controlpid.o(.bss)
    STACK                                    0x20003b60   Section     1024  startup_stm32f10x_hd.o(STACK)

    Global Symbols

    Symbol Name                              Value     Ov Type        Size  Object(Section)

    BuildAttributes$$THM_ISAv4$P$D$K$B$S$PE$A:L22UL41UL21$X:L11$S22US41US21$IEEE1$IW$USESV6$~STKCKD$USESV7$~SHL$OTIME$ROPI$IEEEX$EBA8$MICROLIB$REQ8$PRES8$EABIv2 0x00000000   Number         0  anon$$obj.o ABSOLUTE
    __ARM_use_no_argv                        0x00000000   Number         0  main.o ABSOLUTE
    _printf_a                                0x00000000   Number         0  stubs.o ABSOLUTE
    _printf_c                                0x00000000   Number         0  stubs.o ABSOLUTE
    _printf_charcount                        0x00000000   Number         0  stubs.o ABSOLUTE
    _printf_d                                0x00000000   Number         0  stubs.o ABSOLUTE
    _printf_e                                0x00000000   Number         0  stubs.o ABSOLUTE
    _printf_f                                0x00000000   Number         0  stubs.o ABSOLUTE
    _printf_flags                            0x00000000   Number         0  stubs.o ABSOLUTE
    _printf_fp_dec                           0x00000000   Number         0  stubs.o ABSOLUTE
    _printf_fp_hex                           0x00000000   Number         0  stubs.o ABSOLUTE
    _printf_g                                0x00000000   Number         0  stubs.o ABSOLUTE
    _printf_i                                0x00000000   Number         0  stubs.o ABSOLUTE
    _printf_int_dec                          0x00000000   Number         0  stubs.o ABSOLUTE
    _printf_l                                0x00000000   Number         0  stubs.o ABSOLUTE
    _printf_lc                               0x00000000   Number         0  stubs.o ABSOLUTE
    _printf_ll                               0x00000000   Number         0  stubs.o ABSOLUTE
    _printf_lld                              0x00000000   Number         0  stubs.o ABSOLUTE
    _printf_lli                              0x00000000   Number         0  stubs.o ABSOLUTE
    _printf_llo                              0x00000000   Number         0  stubs.o ABSOLUTE
    _printf_llu                              0x00000000   Number         0  stubs.o ABSOLUTE
    _printf_llx                              0x00000000   Number         0  stubs.o ABSOLUTE
    _printf_longlong_dec                     0x00000000   Number         0  stubs.o ABSOLUTE
    _printf_longlong_hex                     0x00000000   Number         0  stubs.o ABSOLUTE
    _printf_longlong_oct                     0x00000000   Number         0  stubs.o ABSOLUTE
    _printf_ls                               0x00000000   Number         0  stubs.o ABSOLUTE
    _printf_mbtowc                           0x00000000   Number         0  stubs.o ABSOLUTE
    _printf_n                                0x00000000   Number         0  stubs.o ABSOLUTE
    _printf_o                                0x00000000   Number         0  stubs.o ABSOLUTE
    _printf_p                                0x00000000   Number         0  stubs.o ABSOLUTE
    _printf_percent                          0x00000000   Number         0  stubs.o ABSOLUTE
    _printf_pre_padding                      0x00000000   Number         0  stubs.o ABSOLUTE
    _printf_return_value                     0x00000000   Number         0  stubs.o ABSOLUTE
    _printf_s                                0x00000000   Number         0  stubs.o ABSOLUTE
    _printf_sizespec                         0x00000000   Number         0  stubs.o ABSOLUTE
    _printf_str                              0x00000000   Number         0  stubs.o ABSOLUTE
    _printf_truncate_signed                  0x00000000   Number         0  stubs.o ABSOLUTE
    _printf_truncate_unsigned                0x00000000   Number         0  stubs.o ABSOLUTE
    _printf_u                                0x00000000   Number         0  stubs.o ABSOLUTE
    _printf_wc                               0x00000000   Number         0  stubs.o ABSOLUTE
    _printf_wctomb                           0x00000000   Number         0  stubs.o ABSOLUTE
    _printf_widthprec                        0x00000000   Number         0  stubs.o ABSOLUTE
    _printf_x                                0x00000000   Number         0  stubs.o ABSOLUTE
    __cpp_initialize__aeabi_                  - Undefined Weak Reference
    __cxa_finalize                            - Undefined Weak Reference
    _clock_init                               - Undefined Weak Reference
    _microlib_exit                            - Undefined Weak Reference
    __Vectors_Size                           0x00000130   Number         0  startup_stm32f10x_hd.o ABSOLUTE
    __Vectors                                0x08000000   Data           4  startup_stm32f10x_hd.o(RESET)
    __Vectors_End                            0x08000130   Data           0  startup_stm32f10x_hd.o(RESET)
    __main                                   0x08000131   Thumb Code     0  entry.o(.ARM.Collect$$$$00000000)
    _main_stk                                0x08000131   Thumb Code     0  entry2.o(.ARM.Collect$$$$00000001)
    _main_scatterload                        0x08000135   Thumb Code     0  entry5.o(.ARM.Collect$$$$00000004)
    __main_after_scatterload                 0x08000139   Thumb Code     0  entry5.o(.ARM.Collect$$$$00000004)
    _main_clock                              0x08000139   Thumb Code     0  entry7b.o(.ARM.Collect$$$$00000008)
    _main_cpp_init                           0x08000139   Thumb Code     0  entry8b.o(.ARM.Collect$$$$0000000A)
    _main_init                               0x08000139   Thumb Code     0  entry9a.o(.ARM.Collect$$$$0000000B)
    __rt_final_cpp                           0x08000141   Thumb Code     0  entry10a.o(.ARM.Collect$$$$0000000D)
    __rt_final_exit                          0x08000141   Thumb Code     0  entry11a.o(.ARM.Collect$$$$0000000F)
    Reset_Handler                            0x08000145   Thumb Code     8  startup_stm32f10x_hd.o(.text)
    ADC1_2_IRQHandler                        0x0800015f   Thumb Code     0  startup_stm32f10x_hd.o(.text)
    ADC3_IRQHandler                          0x0800015f   Thumb Code     0  startup_stm32f10x_hd.o(.text)
    CAN1_RX1_IRQHandler                      0x0800015f   Thumb Code     0  startup_stm32f10x_hd.o(.text)
    CAN1_SCE_IRQHandler                      0x0800015f   Thumb Code     0  startup_stm32f10x_hd.o(.text)
    DMA1_Channel1_IRQHandler                 0x0800015f   Thumb Code     0  startup_stm32f10x_hd.o(.text)
    DMA1_Channel2_IRQHandler                 0x0800015f   Thumb Code     0  startup_stm32f10x_hd.o(.text)
    DMA1_Channel3_IRQHandler                 0x0800015f   Thumb Code     0  startup_stm32f10x_hd.o(.text)
    DMA1_Channel4_IRQHandler                 0x0800015f   Thumb Code     0  startup_stm32f10x_hd.o(.text)
    DMA1_Channel5_IRQHandler                 0x0800015f   Thumb Code     0  startup_stm32f10x_hd.o(.text)
    DMA1_Channel6_IRQHandler                 0x0800015f   Thumb Code     0  startup_stm32f10x_hd.o(.text)
    DMA1_Channel7_IRQHandler                 0x0800015f   Thumb Code     0  startup_stm32f10x_hd.o(.text)
    DMA2_Channel1_IRQHandler                 0x0800015f   Thumb Code     0  startup_stm32f10x_hd.o(.text)
    DMA2_Channel2_IRQHandler                 0x0800015f   Thumb Code     0  startup_stm32f10x_hd.o(.text)
    DMA2_Channel3_IRQHandler                 0x0800015f   Thumb Code     0  startup_stm32f10x_hd.o(.text)
    DMA2_Channel4_5_IRQHandler               0x0800015f   Thumb Code     0  startup_stm32f10x_hd.o(.text)
    EXTI0_IRQHandler                         0x0800015f   Thumb Code     0  startup_stm32f10x_hd.o(.text)
    EXTI15_10_IRQHandler                     0x0800015f   Thumb Code     0  startup_stm32f10x_hd.o(.text)
    EXTI1_IRQHandler                         0x0800015f   Thumb Code     0  startup_stm32f10x_hd.o(.text)
    EXTI2_IRQHandler                         0x0800015f   Thumb Code     0  startup_stm32f10x_hd.o(.text)
    EXTI3_IRQHandler                         0x0800015f   Thumb Code     0  startup_stm32f10x_hd.o(.text)
    EXTI4_IRQHandler                         0x0800015f   Thumb Code     0  startup_stm32f10x_hd.o(.text)
    EXTI9_5_IRQHandler                       0x0800015f   Thumb Code     0  startup_stm32f10x_hd.o(.text)
    FLASH_IRQHandler                         0x0800015f   Thumb Code     0  startup_stm32f10x_hd.o(.text)
    FSMC_IRQHandler                          0x0800015f   Thumb Code     0  startup_stm32f10x_hd.o(.text)
    I2C1_ER_IRQHandler                       0x0800015f   Thumb Code     0  startup_stm32f10x_hd.o(.text)
    I2C1_EV_IRQHandler                       0x0800015f   Thumb Code     0  startup_stm32f10x_hd.o(.text)
    I2C2_ER_IRQHandler                       0x0800015f   Thumb Code     0  startup_stm32f10x_hd.o(.text)
    I2C2_EV_IRQHandler                       0x0800015f   Thumb Code     0  startup_stm32f10x_hd.o(.text)
    PVD_IRQHandler                           0x0800015f   Thumb Code     0  startup_stm32f10x_hd.o(.text)
    RCC_IRQHandler                           0x0800015f   Thumb Code     0  startup_stm32f10x_hd.o(.text)
    RTCAlarm_IRQHandler                      0x0800015f   Thumb Code     0  startup_stm32f10x_hd.o(.text)
    RTC_IRQHandler                           0x0800015f   Thumb Code     0  startup_stm32f10x_hd.o(.text)
    SDIO_IRQHandler                          0x0800015f   Thumb Code     0  startup_stm32f10x_hd.o(.text)
    SPI1_IRQHandler                          0x0800015f   Thumb Code     0  startup_stm32f10x_hd.o(.text)
    SPI2_IRQHandler                          0x0800015f   Thumb Code     0  startup_stm32f10x_hd.o(.text)
    SPI3_IRQHandler                          0x0800015f   Thumb Code     0  startup_stm32f10x_hd.o(.text)
    TAMPER_IRQHandler                        0x0800015f   Thumb Code     0  startup_stm32f10x_hd.o(.text)
    TIM1_BRK_IRQHandler                      0x0800015f   Thumb Code     0  startup_stm32f10x_hd.o(.text)
    TIM1_CC_IRQHandler                       0x0800015f   Thumb Code     0  startup_stm32f10x_hd.o(.text)
    TIM1_TRG_COM_IRQHandler                  0x0800015f   Thumb Code     0  startup_stm32f10x_hd.o(.text)
    TIM1_UP_IRQHandler                       0x0800015f   Thumb Code     0  startup_stm32f10x_hd.o(.text)
    TIM3_IRQHandler                          0x0800015f   Thumb Code     0  startup_stm32f10x_hd.o(.text)
    TIM4_IRQHandler                          0x0800015f   Thumb Code     0  startup_stm32f10x_hd.o(.text)
    TIM5_IRQHandler                          0x0800015f   Thumb Code     0  startup_stm32f10x_hd.o(.text)
    TIM6_IRQHandler                          0x0800015f   Thumb Code     0  startup_stm32f10x_hd.o(.text)
    TIM8_BRK_IRQHandler                      0x0800015f   Thumb Code     0  startup_stm32f10x_hd.o(.text)
    TIM8_CC_IRQHandler                       0x0800015f   Thumb Code     0  startup_stm32f10x_hd.o(.text)
    TIM8_TRG_COM_IRQHandler                  0x0800015f   Thumb Code     0  startup_stm32f10x_hd.o(.text)
    TIM8_UP_IRQHandler                       0x0800015f   Thumb Code     0  startup_stm32f10x_hd.o(.text)
    UART4_IRQHandler                         0x0800015f   Thumb Code     0  startup_stm32f10x_hd.o(.text)
    UART5_IRQHandler                         0x0800015f   Thumb Code     0  startup_stm32f10x_hd.o(.text)
    USBWakeUp_IRQHandler                     0x0800015f   Thumb Code     0  startup_stm32f10x_hd.o(.text)
    USB_HP_CAN1_TX_IRQHandler                0x0800015f   Thumb Code     0  startup_stm32f10x_hd.o(.text)
    USB_LP_CAN1_RX0_IRQHandler               0x0800015f   Thumb Code     0  startup_stm32f10x_hd.o(.text)
    WWDG_IRQHandler                          0x0800015f   Thumb Code     0  startup_stm32f10x_hd.o(.text)
    SystemInit                               0x08000247   Thumb Code    78  system_stm32f10x.o(.text)
    SystemCoreClockUpdate                    0x08000295   Thumb Code   142  system_stm32f10x.o(.text)
    NVIC_PriorityGroupConfig                 0x08000349   Thumb Code    10  misc.o(.text)
    NVIC_Init                                0x08000353   Thumb Code   100  misc.o(.text)
    NVIC_SetVectorTable                      0x080003b7   Thumb Code    14  misc.o(.text)
    NVIC_SystemLPConfig                      0x080003c5   Thumb Code    34  misc.o(.text)
    SysTick_CLKSourceConfig                  0x080003e7   Thumb Code    40  misc.o(.text)
    GPIO_DeInit                              0x08000425   Thumb Code   172  stm32f10x_gpio.o(.text)
    GPIO_AFIODeInit                          0x080004d1   Thumb Code    20  stm32f10x_gpio.o(.text)
    GPIO_Init                                0x080004e5   Thumb Code   278  stm32f10x_gpio.o(.text)
    GPIO_StructInit                          0x080005fb   Thumb Code    16  stm32f10x_gpio.o(.text)
    GPIO_ReadInputDataBit                    0x0800060b   Thumb Code    18  stm32f10x_gpio.o(.text)
    GPIO_ReadInputData                       0x0800061d   Thumb Code     8  stm32f10x_gpio.o(.text)
    GPIO_ReadOutputDataBit                   0x08000625   Thumb Code    18  stm32f10x_gpio.o(.text)
    GPIO_ReadOutputData                      0x08000637   Thumb Code     8  stm32f10x_gpio.o(.text)
    GPIO_SetBits                             0x0800063f   Thumb Code     4  stm32f10x_gpio.o(.text)
    GPIO_ResetBits                           0x08000643   Thumb Code     4  stm32f10x_gpio.o(.text)
    GPIO_WriteBit                            0x08000647   Thumb Code    10  stm32f10x_gpio.o(.text)
    GPIO_Write                               0x08000651   Thumb Code     4  stm32f10x_gpio.o(.text)
    GPIO_PinLockConfig                       0x08000655   Thumb Code    18  stm32f10x_gpio.o(.text)
    GPIO_EventOutputConfig                   0x08000667   Thumb Code    26  stm32f10x_gpio.o(.text)
    GPIO_EventOutputCmd                      0x08000681   Thumb Code     6  stm32f10x_gpio.o(.text)
    GPIO_PinRemapConfig                      0x08000687   Thumb Code   138  stm32f10x_gpio.o(.text)
    GPIO_EXTILineConfig                      0x08000711   Thumb Code    66  stm32f10x_gpio.o(.text)
    GPIO_ETH_MediaInterfaceConfig            0x08000753   Thumb Code     8  stm32f10x_gpio.o(.text)
    RCC_DeInit                               0x08000781   Thumb Code    64  stm32f10x_rcc.o(.text)
    RCC_HSEConfig                            0x080007c1   Thumb Code    70  stm32f10x_rcc.o(.text)
    RCC_GetFlagStatus                        0x08000807   Thumb Code    56  stm32f10x_rcc.o(.text)
    RCC_WaitForHSEStartUp                    0x0800083f   Thumb Code    56  stm32f10x_rcc.o(.text)
    RCC_AdjustHSICalibrationValue            0x08000877   Thumb Code    20  stm32f10x_rcc.o(.text)
    RCC_HSICmd                               0x0800088b   Thumb Code     6  stm32f10x_rcc.o(.text)
    RCC_PLLConfig                            0x08000891   Thumb Code    24  stm32f10x_rcc.o(.text)
    RCC_PLLCmd                               0x080008a9   Thumb Code     6  stm32f10x_rcc.o(.text)
    RCC_SYSCLKConfig                         0x080008af   Thumb Code    18  stm32f10x_rcc.o(.text)
    RCC_GetSYSCLKSource                      0x080008c1   Thumb Code    10  stm32f10x_rcc.o(.text)
    RCC_HCLKConfig                           0x080008cb   Thumb Code    18  stm32f10x_rcc.o(.text)
    RCC_PCLK1Config                          0x080008dd   Thumb Code    18  stm32f10x_rcc.o(.text)
    RCC_PCLK2Config                          0x080008ef   Thumb Code    20  stm32f10x_rcc.o(.text)
    RCC_ITConfig                             0x08000903   Thumb Code    26  stm32f10x_rcc.o(.text)
    RCC_USBCLKConfig                         0x0800091d   Thumb Code     8  stm32f10x_rcc.o(.text)
    RCC_ADCCLKConfig                         0x08000925   Thumb Code    18  stm32f10x_rcc.o(.text)
    RCC_LSEConfig                            0x08000937   Thumb Code    50  stm32f10x_rcc.o(.text)
    RCC_LSICmd                               0x08000969   Thumb Code     6  stm32f10x_rcc.o(.text)
    RCC_RTCCLKConfig                         0x0800096f   Thumb Code    12  stm32f10x_rcc.o(.text)
    RCC_RTCCLKCmd                            0x0800097b   Thumb Code     8  stm32f10x_rcc.o(.text)
    RCC_GetClocksFreq                        0x08000983   Thumb Code   192  stm32f10x_rcc.o(.text)
    RCC_AHBPeriphClockCmd                    0x08000a43   Thumb Code    26  stm32f10x_rcc.o(.text)
    RCC_APB2PeriphClockCmd                   0x08000a5d   Thumb Code    26  stm32f10x_rcc.o(.text)
    RCC_APB1PeriphClockCmd                   0x08000a77   Thumb Code    26  stm32f10x_rcc.o(.text)
    RCC_APB2PeriphResetCmd                   0x08000a91   Thumb Code    26  stm32f10x_rcc.o(.text)
    RCC_APB1PeriphResetCmd                   0x08000aab   Thumb Code    26  stm32f10x_rcc.o(.text)
    RCC_BackupResetCmd                       0x08000ac5   Thumb Code     8  stm32f10x_rcc.o(.text)
    RCC_ClockSecuritySystemCmd               0x08000acd   Thumb Code     6  stm32f10x_rcc.o(.text)
    RCC_MCOConfig                            0x08000ad3   Thumb Code     6  stm32f10x_rcc.o(.text)
    RCC_ClearFlag                            0x08000ad9   Thumb Code    14  stm32f10x_rcc.o(.text)
    RCC_GetITStatus                          0x08000ae7   Thumb Code    20  stm32f10x_rcc.o(.text)
    RCC_ClearITPendingBit                    0x08000afb   Thumb Code     6  stm32f10x_rcc.o(.text)
    TIM_DeInit                               0x08000b25   Thumb Code   424  stm32f10x_tim.o(.text)
    TIM_TimeBaseInit                         0x08000ccd   Thumb Code   122  stm32f10x_tim.o(.text)
    TIM_OC1Init                              0x08000d47   Thumb Code   132  stm32f10x_tim.o(.text)
    TIM_OC2Init                              0x08000dcb   Thumb Code   154  stm32f10x_tim.o(.text)
    TIM_OC3Init                              0x08000e65   Thumb Code   150  stm32f10x_tim.o(.text)
    TIM_OC4Init                              0x08000efb   Thumb Code   182  stm32f10x_tim.o(.text)
    TIM_SetIC4Prescaler                      0x08000fb1   Thumb Code    26  stm32f10x_tim.o(.text)
    TIM_SetIC3Prescaler                      0x0800104d   Thumb Code    18  stm32f10x_tim.o(.text)
    TIM_SetIC2Prescaler                      0x080010d9   Thumb Code    26  stm32f10x_tim.o(.text)
    TIM_SetIC1Prescaler                      0x08001175   Thumb Code    18  stm32f10x_tim.o(.text)
    TIM_ICInit                               0x080011f3   Thumb Code   150  stm32f10x_tim.o(.text)
    TIM_PWMIConfig                           0x08001289   Thumb Code   124  stm32f10x_tim.o(.text)
    TIM_BDTRConfig                           0x08001305   Thumb Code    32  stm32f10x_tim.o(.text)
    TIM_TimeBaseStructInit                   0x08001325   Thumb Code    18  stm32f10x_tim.o(.text)
    TIM_OCStructInit                         0x08001337   Thumb Code    20  stm32f10x_tim.o(.text)
    TIM_ICStructInit                         0x0800134b   Thumb Code    18  stm32f10x_tim.o(.text)
    TIM_BDTRStructInit                       0x0800135d   Thumb Code    40  stm32f10x_tim.o(.text)
    TIM_Cmd                                  0x08001385   Thumb Code    24  stm32f10x_tim.o(.text)
    TIM_CtrlPWMOutputs                       0x0800139d   Thumb Code    30  stm32f10x_tim.o(.text)
    TIM_ITConfig                             0x080013bb   Thumb Code    18  stm32f10x_tim.o(.text)
    TIM_GenerateEvent                        0x080013cd   Thumb Code     4  stm32f10x_tim.o(.text)
    TIM_DMAConfig                            0x080013d1   Thumb Code    10  stm32f10x_tim.o(.text)
    TIM_DMACmd                               0x080013db   Thumb Code    18  stm32f10x_tim.o(.text)
    TIM_InternalClockConfig                  0x080013ed   Thumb Code    12  stm32f10x_tim.o(.text)
    TIM_SelectInputTrigger                   0x080013f9   Thumb Code    18  stm32f10x_tim.o(.text)
    TIM_ITRxExternalClockConfig              0x0800140b   Thumb Code    24  stm32f10x_tim.o(.text)
    TIM_TIxExternalClockConfig               0x08001423   Thumb Code    62  stm32f10x_tim.o(.text)
    TIM_ETRConfig                            0x08001461   Thumb Code    28  stm32f10x_tim.o(.text)
    TIM_ETRClockMode1Config                  0x0800147d   Thumb Code    54  stm32f10x_tim.o(.text)
    TIM_ETRClockMode2Config                  0x080014b3   Thumb Code    32  stm32f10x_tim.o(.text)
    TIM_PrescalerConfig                      0x080014d3   Thumb Code     6  stm32f10x_tim.o(.text)
    TIM_CounterModeConfig                    0x080014d9   Thumb Code    18  stm32f10x_tim.o(.text)
    TIM_EncoderInterfaceConfig               0x080014eb   Thumb Code    66  stm32f10x_tim.o(.text)
    TIM_ForcedOC1Config                      0x0800152d   Thumb Code    18  stm32f10x_tim.o(.text)
    TIM_ForcedOC2Config                      0x0800153f   Thumb Code    26  stm32f10x_tim.o(.text)
    TIM_ForcedOC3Config                      0x08001559   Thumb Code    18  stm32f10x_tim.o(.text)
    TIM_ForcedOC4Config                      0x0800156b   Thumb Code    26  stm32f10x_tim.o(.text)
    TIM_ARRPreloadConfig                     0x08001585   Thumb Code    24  stm32f10x_tim.o(.text)
    TIM_SelectCOM                            0x0800159d   Thumb Code    24  stm32f10x_tim.o(.text)
    TIM_SelectCCDMA                          0x080015b5   Thumb Code    24  stm32f10x_tim.o(.text)
    TIM_CCPreloadControl                     0x080015cd   Thumb Code    24  stm32f10x_tim.o(.text)
    TIM_OC1PreloadConfig                     0x080015e5   Thumb Code    18  stm32f10x_tim.o(.text)
    TIM_OC2PreloadConfig                     0x080015f7   Thumb Code    26  stm32f10x_tim.o(.text)
    TIM_OC3PreloadConfig                     0x08001611   Thumb Code    18  stm32f10x_tim.o(.text)
    TIM_OC4PreloadConfig                     0x08001623   Thumb Code    26  stm32f10x_tim.o(.text)
    TIM_OC1FastConfig                        0x0800163d   Thumb Code    18  stm32f10x_tim.o(.text)
    TIM_OC2FastConfig                        0x0800164f   Thumb Code    26  stm32f10x_tim.o(.text)
    TIM_OC3FastConfig                        0x08001669   Thumb Code    18  stm32f10x_tim.o(.text)
    TIM_OC4FastConfig                        0x0800167b   Thumb Code    26  stm32f10x_tim.o(.text)
    TIM_ClearOC1Ref                          0x08001695   Thumb Code    18  stm32f10x_tim.o(.text)
    TIM_ClearOC2Ref                          0x080016a7   Thumb Code    24  stm32f10x_tim.o(.text)
    TIM_ClearOC3Ref                          0x080016bf   Thumb Code    18  stm32f10x_tim.o(.text)
    TIM_ClearOC4Ref                          0x080016d1   Thumb Code    24  stm32f10x_tim.o(.text)
    TIM_OC1PolarityConfig                    0x080016e9   Thumb Code    18  stm32f10x_tim.o(.text)
    TIM_OC1NPolarityConfig                   0x080016fb   Thumb Code    18  stm32f10x_tim.o(.text)
    TIM_OC2PolarityConfig                    0x0800170d   Thumb Code    26  stm32f10x_tim.o(.text)
    TIM_OC2NPolarityConfig                   0x08001727   Thumb Code    26  stm32f10x_tim.o(.text)
    TIM_OC3PolarityConfig                    0x08001741   Thumb Code    26  stm32f10x_tim.o(.text)
    TIM_OC3NPolarityConfig                   0x0800175b   Thumb Code    26  stm32f10x_tim.o(.text)
    TIM_OC4PolarityConfig                    0x08001775   Thumb Code    26  stm32f10x_tim.o(.text)
    TIM_CCxCmd                               0x0800178f   Thumb Code    30  stm32f10x_tim.o(.text)
    TIM_CCxNCmd                              0x080017ad   Thumb Code    30  stm32f10x_tim.o(.text)
    TIM_SelectOCxM                           0x080017cb   Thumb Code    82  stm32f10x_tim.o(.text)
    TIM_UpdateDisableConfig                  0x0800181d   Thumb Code    24  stm32f10x_tim.o(.text)
    TIM_UpdateRequestConfig                  0x08001835   Thumb Code    24  stm32f10x_tim.o(.text)
    TIM_SelectHallSensor                     0x0800184d   Thumb Code    24  stm32f10x_tim.o(.text)
    TIM_SelectOnePulseMode                   0x08001865   Thumb Code    18  stm32f10x_tim.o(.text)
    TIM_SelectOutputTrigger                  0x08001877   Thumb Code    18  stm32f10x_tim.o(.text)
    TIM_SelectSlaveMode                      0x08001889   Thumb Code    18  stm32f10x_tim.o(.text)
    TIM_SelectMasterSlaveMode                0x0800189b   Thumb Code    18  stm32f10x_tim.o(.text)
    TIM_SetCounter                           0x080018ad   Thumb Code     4  stm32f10x_tim.o(.text)
    TIM_SetAutoreload                        0x080018b1   Thumb Code     4  stm32f10x_tim.o(.text)
    TIM_SetCompare1                          0x080018b5   Thumb Code     4  stm32f10x_tim.o(.text)
    TIM_SetCompare2                          0x080018b9   Thumb Code     4  stm32f10x_tim.o(.text)
    TIM_SetCompare3                          0x080018bd   Thumb Code     4  stm32f10x_tim.o(.text)
    TIM_SetCompare4                          0x080018c1   Thumb Code     6  stm32f10x_tim.o(.text)
    TIM_SetClockDivision                     0x080018c7   Thumb Code    18  stm32f10x_tim.o(.text)
    TIM_GetCapture1                          0x080018d9   Thumb Code     6  stm32f10x_tim.o(.text)
    TIM_GetCapture2                          0x080018df   Thumb Code     6  stm32f10x_tim.o(.text)
    TIM_GetCapture3                          0x080018e5   Thumb Code     6  stm32f10x_tim.o(.text)
    TIM_GetCapture4                          0x080018eb   Thumb Code     8  stm32f10x_tim.o(.text)
    TIM_GetCounter                           0x080018f3   Thumb Code     6  stm32f10x_tim.o(.text)
    TIM_GetPrescaler                         0x080018f9   Thumb Code     6  stm32f10x_tim.o(.text)
    TIM_GetFlagStatus                        0x080018ff   Thumb Code    18  stm32f10x_tim.o(.text)
    TIM_ClearFlag                            0x08001911   Thumb Code     6  stm32f10x_tim.o(.text)
    TIM_GetITStatus                          0x08001917   Thumb Code    34  stm32f10x_tim.o(.text)
    TIM_ClearITPendingBit                    0x08001939   Thumb Code     6  stm32f10x_tim.o(.text)
    USART_DeInit                             0x08001941   Thumb Code   134  stm32f10x_usart.o(.text)
    USART_Init                               0x080019c7   Thumb Code   210  stm32f10x_usart.o(.text)
    USART_StructInit                         0x08001a99   Thumb Code    24  stm32f10x_usart.o(.text)
    USART_ClockInit                          0x08001ab1   Thumb Code    34  stm32f10x_usart.o(.text)
    USART_ClockStructInit                    0x08001ad3   Thumb Code    12  stm32f10x_usart.o(.text)
    USART_Cmd                                0x08001adf   Thumb Code    24  stm32f10x_usart.o(.text)
    USART_ITConfig                           0x08001af7   Thumb Code    74  stm32f10x_usart.o(.text)
    USART_DMACmd                             0x08001b41   Thumb Code    18  stm32f10x_usart.o(.text)
    USART_SetAddress                         0x08001b53   Thumb Code    18  stm32f10x_usart.o(.text)
    USART_WakeUpConfig                       0x08001b65   Thumb Code    18  stm32f10x_usart.o(.text)
    USART_ReceiverWakeUpCmd                  0x08001b77   Thumb Code    24  stm32f10x_usart.o(.text)
    USART_LINBreakDetectLengthConfig         0x08001b8f   Thumb Code    18  stm32f10x_usart.o(.text)
    USART_LINCmd                             0x08001ba1   Thumb Code    24  stm32f10x_usart.o(.text)
    USART_SendData                           0x08001bb9   Thumb Code     8  stm32f10x_usart.o(.text)
    USART_ReceiveData                        0x08001bc1   Thumb Code    10  stm32f10x_usart.o(.text)
    USART_SendBreak                          0x08001bcb   Thumb Code    10  stm32f10x_usart.o(.text)
    USART_SetGuardTime                       0x08001bd5   Thumb Code    16  stm32f10x_usart.o(.text)
    USART_SetPrescaler                       0x08001be5   Thumb Code    16  stm32f10x_usart.o(.text)
    USART_SmartCardCmd                       0x08001bf5   Thumb Code    24  stm32f10x_usart.o(.text)
    USART_SmartCardNACKCmd                   0x08001c0d   Thumb Code    24  stm32f10x_usart.o(.text)
    USART_HalfDuplexCmd                      0x08001c25   Thumb Code    24  stm32f10x_usart.o(.text)
    USART_OverSampling8Cmd                   0x08001c3d   Thumb Code    22  stm32f10x_usart.o(.text)
    USART_OneBitMethodCmd                    0x08001c53   Thumb Code    24  stm32f10x_usart.o(.text)
    USART_IrDAConfig                         0x08001c6b   Thumb Code    18  stm32f10x_usart.o(.text)
    USART_IrDACmd                            0x08001c7d   Thumb Code    24  stm32f10x_usart.o(.text)
    USART_GetFlagStatus                      0x08001c95   Thumb Code    26  stm32f10x_usart.o(.text)
    USART_ClearFlag                          0x08001caf   Thumb Code    18  stm32f10x_usart.o(.text)
    USART_GetITStatus                        0x08001cc1   Thumb Code    84  stm32f10x_usart.o(.text)
    USART_ClearITPendingBit                  0x08001d15   Thumb Code    52  stm32f10x_usart.o(.text)
    main                                     0x08001d49   Thumb Code    50  main.o(.text)
    NMI_Handler                              0x08001da1   Thumb Code     2  stm32f10x_it.o(.text)
    HardFault_Handler                        0x08001da3   Thumb Code     4  stm32f10x_it.o(.text)
    MemManage_Handler                        0x08001da7   Thumb Code     4  stm32f10x_it.o(.text)
    BusFault_Handler                         0x08001dab   Thumb Code     4  stm32f10x_it.o(.text)
    UsageFault_Handler                       0x08001daf   Thumb Code     4  stm32f10x_it.o(.text)
    SVC_Handler                              0x08001db3   Thumb Code     2  stm32f10x_it.o(.text)
    DebugMon_Handler                         0x08001db5   Thumb Code     2  stm32f10x_it.o(.text)
    PendSV_Handler                           0x08001db7   Thumb Code     2  stm32f10x_it.o(.text)
    SysTick_Handler                          0x08001db9   Thumb Code    16  stm32f10x_it.o(.text)
    TIM7_IRQHandler                          0x08001dc9   Thumb Code    32  stm32f10x_it.o(.text)
    SysTick_init                             0x08001df1   Thumb Code    84  bsp.o(.text)
    BSP_Init                                 0x08001e45   Thumb Code    76  bsp.o(.text)
    LED_GPIO_Config                          0x08001eb5   Thumb Code    82  bsp_led.o(.text)
    BT_Send                                  0x08001f11   Thumb Code    62  bluetooth.o(.text)
    BLUETOOTH_GPIO_Config                    0x08001f4f   Thumb Code   140  bluetooth.o(.text)
    USART3_NVIC_Config                       0x08001fdb   Thumb Code    42  bluetooth.o(.text)
    RX_BUF_Clear                             0x08002005   Thumb Code    18  bluetooth.o(.text)
    u3_printf                                0x08002017   Thumb Code    72  bluetooth.o(.text)
    Command_Read                             0x0800205f   Thumb Code   572  bluetooth.o(.text)
    USART3_IRQHandler                        0x0800229b   Thumb Code   104  bluetooth.o(.text)
    strmid                                   0x08002303   Thumb Code   578  bluetooth.o(.text)
    GPS_GPIO_init                            0x08002545   Thumb Code   170  gps.o(.text)
    USART2_NVIC_Config                       0x080025ef   Thumb Code    42  gps.o(.text)
    clear                                    0x08002619   Thumb Code    22  gps.o(.text)
    Gps_Msg_Show                             0x0800262f   Thumb Code   138  gps.o(.text)
    NMEA_Pow                                 0x080026b9   Thumb Code    22  gps.o(.text)
    NMEA_Str2num                             0x080026cf   Thumb Code   234  gps.o(.text)
    NMEA_Comma_Pos                           0x080027b9   Thumb Code    50  gps.o(.text)
    NMEA_GPRMC_Analysis                      0x080027eb   Thumb Code   686  gps.o(.text)
    NMEA_GPGGA_Analysis                      0x08002a99   Thumb Code    96  gps.o(.text)
    GPS_Analysis                             0x08002af9   Thumb Code    24  gps.o(.text)
    GPS_Read                                 0x08002b11   Thumb Code    58  gps.o(.text)
    USART2_IRQHandler                        0x08002b4b   Thumb Code   128  gps.o(.text)
    Moto_PwmRflash                           0x08002bed   Thumb Code    84  motor.o(.text)
    Motor_GPIO_init                          0x08002c41   Thumb Code    40  motor.o(.text)
    Motor_TIM_init                           0x08002c69   Thumb Code   212  motor.o(.text)
    Motor_PWM_ALL                            0x08002d3d   Thumb Code    88  motor.o(.text)
    Motor_PWM_SEPRATE                        0x08002d95   Thumb Code    90  motor.o(.text)
    Rev_GPIO_init                            0x08002df9   Thumb Code    54  rev.o(.text)
    Rev_NVIC_TIM_init                        0x08002e2f   Thumb Code   238  rev.o(.text)
    TIM2_IRQHandler                          0x08002f1d   Thumb Code   646  rev.o(.text)
    delay_ms                                 0x08003209   Thumb Code    42  tim7.o(.text)
    tim7_init                                0x08003233   Thumb Code   114  tim7.o(.text)
    USART1_Config                            0x080032ad   Thumb Code   114  usart1.o(.text)
    USART1_NVIC_Config                       0x0800331f   Thumb Code    40  usart1.o(.text)
    fputc                                    0x08003347   Thumb Code    32  usart1.o(.text)
    fgetc                                    0x08003367   Thumb Code    26  usart1.o(.text)
    USART1_IRQHandler                        0x08003381   Thumb Code   146  usart1.o(.text)
    MPU6050_Dataanl                          0x08003429   Thumb Code   532  mpu6050.o(.text)
    MPU6050_Read                             0x0800363d   Thumb Code   172  mpu6050.o(.text)
    MPU6050_WHO_AM_I                         0x080036e9   Thumb Code    44  mpu6050.o(.text)
    MPU6050_Init                             0x08003715   Thumb Code    66  mpu6050.o(.text)
    Prepare_Data                             0x080037d9   Thumb Code   170  imu.o(.text)
    IMUupdate                                0x08003883   Thumb Code  1614  imu.o(.text)
    Get_Attitude                             0x08003ed1   Thumb Code   518  imu.o(.text)
    delay2                                   0x080040e1   Thumb Code    12  i2cdev.o(.text)
    delay_nop                                0x080040ed   Thumb Code    14  i2cdev.o(.text)
    iic_start                                0x080040fb   Thumb Code    60  i2cdev.o(.text)
    iic_stop                                 0x08004137   Thumb Code    46  i2cdev.o(.text)
    iic_writex                               0x08004165   Thumb Code   116  i2cdev.o(.text)
    iic_SDA_Set_Dir                          0x080041d9   Thumb Code    62  i2cdev.o(.text)
    iic_readx                                0x08004217   Thumb Code   114  i2cdev.o(.text)
    iic_check_ACK                            0x08004289   Thumb Code    72  i2cdev.o(.text)
    I2C_Ack                                  0x080042d1   Thumb Code    60  i2cdev.o(.text)
    I2C_NoAck                                0x0800430d   Thumb Code    60  i2cdev.o(.text)
    I2C_ReadByte                             0x08004349   Thumb Code    66  i2cdev.o(.text)
    I2C_WriteByte                            0x0800438b   Thumb Code    54  i2cdev.o(.text)
    I2C_NoAddr_WriteByte                     0x080043c1   Thumb Code    42  i2cdev.o(.text)
    I2C_Read_MultiBytes                      0x080043eb   Thumb Code   102  i2cdev.o(.text)
    I2C_Read_2Bytes                          0x08004451   Thumb Code    88  i2cdev.o(.text)
    I2C_Read_3Bytes                          0x080044a9   Thumb Code   112  i2cdev.o(.text)
    I2C_GPIO_Configuration                   0x08004519   Thumb Code    68  i2cdev.o(.text)
    Task_Start                               0x08004561   Thumb Code    54  app.o(.text)
    OS_StrCopy                               0x080045b1   Thumb Code    28  os_core.o(.text)
    OSEventNameGet                           0x080045cd   Thumb Code   100  os_core.o(.text)
    OS_StrLen                                0x08004631   Thumb Code    20  os_core.o(.text)
    OSEventNameSet                           0x08004645   Thumb Code   120  os_core.o(.text)
    OS_TaskStatStkChk                        0x080046bd   Thumb Code    54  os_core.o(.text)
    OS_TaskStat                              0x080046f3   Thumb Code   114  os_core.o(.text)
    OS_TaskIdle                              0x08004799   Thumb Code    32  os_core.o(.text)
    OS_MemClr                                0x080047ed   Thumb Code    18  os_core.o(.text)
    OSInit                                   0x080048f5   Thumb Code    36  os_core.o(.text)
    OSIntEnter                               0x08004919   Thumb Code    28  os_core.o(.text)
    OSIntExit                                0x0800494f   Thumb Code   258  os_core.o(.text)
    OSSchedLock                              0x08004a51   Thumb Code    50  os_core.o(.text)
    OS_Sched                                 0x08004a83   Thumb Code    86  os_core.o(.text)
    OSSchedUnlock                            0x08004ad9   Thumb Code    84  os_core.o(.text)
    OSStart                                  0x08004b2d   Thumb Code    48  os_core.o(.text)
    OSStatInit                               0x08004b5d   Thumb Code    62  os_core.o(.text)
    OSTimeTick                               0x08004b9b   Thumb Code   210  os_core.o(.text)
    OSVersion                                0x08004c6d   Thumb Code     6  os_core.o(.text)
    OS_Dummy                                 0x08004c73   Thumb Code     2  os_core.o(.text)
    OS_EventTaskRemove                       0x08004c75   Thumb Code    42  os_core.o(.text)
    OS_EventTaskRdy                          0x08004c9f   Thumb Code   114  os_core.o(.text)
    OS_EventTaskWait                         0x08004d11   Thumb Code   112  os_core.o(.text)
    OS_EventWaitListInit                     0x08004d81   Thumb Code    28  os_core.o(.text)
    OS_MemCopy                               0x08004d9d   Thumb Code    20  os_core.o(.text)
    OS_TCBInit                               0x08004db1   Thumb Code   338  os_core.o(.text)
    OSMutexAccept                            0x08004f19   Thumb Code   138  os_mutex.o(.text)
    OSMutexCreate                            0x08004fa3   Thumb Code   144  os_mutex.o(.text)
    OSMutexDel                               0x080050a1   Thumb Code   284  os_mutex.o(.text)
    OSMutexPend                              0x080051bd   Thumb Code   568  os_mutex.o(.text)
    OSMutexPost                              0x080053f5   Thumb Code   188  os_mutex.o(.text)
    OSMutexQuery                             0x080054b1   Thumb Code   108  os_mutex.o(.text)
    OSTaskChangePrio                         0x08005529   Thumb Code   308  os_task.o(.text)
    OSTaskCreate                             0x0800565d   Thumb Code   150  os_task.o(.text)
    OS_TaskStkClr                            0x080056f3   Thumb Code    26  os_task.o(.text)
    OSTaskCreateExt                          0x0800570d   Thumb Code   172  os_task.o(.text)
    OSTaskDel                                0x080057b9   Thumb Code   292  os_task.o(.text)
    OSTaskDelReq                             0x080058dd   Thumb Code   142  os_task.o(.text)
    OSTaskNameGet                            0x0800596b   Thumb Code   116  os_task.o(.text)
    OSTaskNameSet                            0x080059df   Thumb Code   132  os_task.o(.text)
    OSTaskResume                             0x08005a63   Thumb Code   154  os_task.o(.text)
    OSTaskStkChk                             0x08005afd   Thumb Code   132  os_task.o(.text)
    OSTaskSuspend                            0x08005b81   Thumb Code   152  os_task.o(.text)
    OSTaskQuery                              0x08005c19   Thumb Code    82  os_task.o(.text)
    OSTimeDly                                0x08005c85   Thumb Code    96  os_time.o(.text)
    OSTimeDlyHMSM                            0x08005ce5   Thumb Code   108  os_time.o(.text)
    OSTimeDlyResume                          0x08005d51   Thumb Code   168  os_time.o(.text)
    OSTimeGet                                0x08005df9   Thumb Code    24  os_time.o(.text)
    OSTimeSet                                0x08005e11   Thumb Code    24  os_time.o(.text)
    OSInitHookBegin                          0x08005e41   Thumb Code     2  os_cpu_c.o(.text)
    OSInitHookEnd                            0x08005e43   Thumb Code     2  os_cpu_c.o(.text)
    OSTaskCreateHook                         0x08005e45   Thumb Code     2  os_cpu_c.o(.text)
    OSTaskDelHook                            0x08005e47   Thumb Code     2  os_cpu_c.o(.text)
    OSTaskIdleHook                           0x08005e49   Thumb Code     2  os_cpu_c.o(.text)
    OSTaskStatHook                           0x08005e4b   Thumb Code     2  os_cpu_c.o(.text)
    OSTaskStkInit                            0x08005e4d   Thumb Code   154  os_cpu_c.o(.text)
    OSTaskSwHook                             0x08005ee7   Thumb Code     2  os_cpu_c.o(.text)
    OSTCBInitHook                            0x08005ee9   Thumb Code     2  os_cpu_c.o(.text)
    OSTimeTickHook                           0x08005eeb   Thumb Code     2  os_cpu_c.o(.text)
    OS_CPU_SR_Save                           0x08005eed   Thumb Code     0  os_cpu_a.o(.text)
    OS_CPU_SR_Restore                        0x08005ef5   Thumb Code     0  os_cpu_a.o(.text)
    OSStartHighRdy                           0x08005efb   Thumb Code     0  os_cpu_a.o(.text)
    OSCtxSw                                  0x08005f1b   Thumb Code     0  os_cpu_a.o(.text)
    OSIntCtxSw                               0x08005f25   Thumb Code     0  os_cpu_a.o(.text)
    OS_CPU_PendSVHandler                     0x08005f2f   Thumb Code     0  os_cpu_a.o(.text)
    Task_BlueTooth                           0x08005f91   Thumb Code    72  appbluetooth.o(.text)
    Task_atttitude_pid                       0x0800600d   Thumb Code   214  control.o(.text)
    CONTROL                                  0x0800611d   Thumb Code  1330  controlpid.o(.text)
    Pid_init                                 0x0800664f   Thumb Code    94  controlpid.o(.text)
    Task_atttitude_computation               0x080066e1   Thumb Code    24  app_imu.o(.text)
    strstr                                   0x080066f9   Thumb Code    36  strstr.o(.text)
    strlen                                   0x0800671d   Thumb Code    14  strlen.o(.text)
    strcmp                                   0x0800672b   Thumb Code    28  strcmp.o(.text)
    __aeabi_fadd                             0x08006747   Thumb Code   164  fadd.o(.text)
    __aeabi_fsub                             0x080067eb   Thumb Code     6  fadd.o(.text)
    __aeabi_frsub                            0x080067f1   Thumb Code     6  fadd.o(.text)
    __aeabi_fmul                             0x080067f7   Thumb Code   100  fmul.o(.text)
    __aeabi_fdiv                             0x0800685b   Thumb Code   124  fdiv.o(.text)
    __aeabi_dadd                             0x080068d7   Thumb Code   322  dadd.o(.text)
    __aeabi_dsub                             0x08006a19   Thumb Code     6  dadd.o(.text)
    __aeabi_drsub                            0x08006a1f   Thumb Code     6  dadd.o(.text)
    __aeabi_dmul                             0x08006a25   Thumb Code   228  dmul.o(.text)
    __aeabi_ddiv                             0x08006b09   Thumb Code   222  ddiv.o(.text)
    __aeabi_i2f                              0x08006be7   Thumb Code    18  fflti.o(.text)
    __aeabi_ui2f                             0x08006bf9   Thumb Code    10  ffltui.o(.text)
    __aeabi_i2d                              0x08006c03   Thumb Code    34  dflti.o(.text)
    __aeabi_f2uiz                            0x08006c25   Thumb Code    40  ffixui.o(.text)
    __aeabi_f2d                              0x08006c4d   Thumb Code    38  f2d.o(.text)
    __aeabi_d2f                              0x08006c73   Thumb Code    56  d2f.o(.text)
    __aeabi_cfcmpeq                          0x08006cad   Thumb Code     0  cfcmple.o(.text)
    __aeabi_cfcmple                          0x08006cad   Thumb Code    20  cfcmple.o(.text)
    __aeabi_cfrcmple                         0x08006cc1   Thumb Code    20  cfrcmple.o(.text)
    __aeabi_uidiv                            0x08006cd5   Thumb Code     0  uidiv.o(.text)
    __aeabi_uidivmod                         0x08006cd5   Thumb Code    44  uidiv.o(.text)
    __aeabi_uldivmod                         0x08006d01   Thumb Code    98  uldiv.o(.text)
    __aeabi_llsl                             0x08006d63   Thumb Code    30  llshl.o(.text)
    _ll_shift_l                              0x08006d63   Thumb Code     0  llshl.o(.text)
    __aeabi_lasr                             0x08006d81   Thumb Code    36  llsshr.o(.text)
    _ll_sshift_r                             0x08006d81   Thumb Code     0  llsshr.o(.text)
    __strtod_int                             0x08006ddb   Thumb Code    88  strtod.o(.text)
    __I$use$fp                               0x08006e41   Thumb Code     0  iusefp.o(.text)
    _float_round                             0x08006e41   Thumb Code    18  fepilogue.o(.text)
    _float_epilogue                          0x08006e53   Thumb Code    92  fepilogue.o(.text)
    _double_round                            0x08006eaf   Thumb Code    30  depilogue.o(.text)
    _double_epilogue                         0x08006ecd   Thumb Code   156  depilogue.o(.text)
    __ARM_scalbn                             0x08006f69   Thumb Code    46  dscalb.o(.text)
    scalbn                                   0x08006f69   Thumb Code     0  dscalb.o(.text)
    _dsqrt                                   0x08006f97   Thumb Code   162  dsqrt.o(.text)
    __aeabi_d2ulz                            0x08007039   Thumb Code    48  dfixul.o(.text)
    __aeabi_cdrcmple                         0x08007069   Thumb Code    48  cdrcmple.o(.text)
    __scatterload                            0x08007099   Thumb Code    28  init.o(.text)
    __scatterload_rt2                        0x08007099   Thumb Code     0  init.o(.text)
    __aeabi_llsr                             0x080070bd   Thumb Code    32  llushr.o(.text)
    _ll_ushift_r                             0x080070bd   Thumb Code     0  llushr.o(.text)
    isspace                                  0x080070dd   Thumb Code    10  isspace_c.o(.text)
    _scanf_real                              0x080071e9   Thumb Code     0  scanf_fp.o(.text)
    _scanf_really_real                       0x080071e9   Thumb Code   556  scanf_fp.o(.text)
    _sgetc                                   0x08007421   Thumb Code    30  _sgetc.o(.text)
    _sbackspace                              0x0800743f   Thumb Code    34  _sgetc.o(.text)
    __ctype_lookup                           0x08007461   Thumb Code    34  ctype_c.o(.text)
    __aeabi_ul2d                             0x08007489   Thumb Code    24  dfltul.o(.text)
    __decompress                             0x080074a1   Thumb Code     0  __dczerorl2.o(.text)
    __decompress1                            0x080074a1   Thumb Code    86  __dczerorl2.o(.text)
    __0printf                                0x080074f9   Thumb Code    22  printfa.o(i.__0printf)
    __1printf                                0x080074f9   Thumb Code     0  printfa.o(i.__0printf)
    __2printf                                0x080074f9   Thumb Code     0  printfa.o(i.__0printf)
    __c89printf                              0x080074f9   Thumb Code     0  printfa.o(i.__0printf)
    printf                                   0x080074f9   Thumb Code     0  printfa.o(i.__0printf)
    __0vsprintf                              0x08007519   Thumb Code    30  printfa.o(i.__0vsprintf)
    __1vsprintf                              0x08007519   Thumb Code     0  printfa.o(i.__0vsprintf)
    __2vsprintf                              0x08007519   Thumb Code     0  printfa.o(i.__0vsprintf)
    __c89vsprintf                            0x08007519   Thumb Code     0  printfa.o(i.__0vsprintf)
    vsprintf                                 0x08007519   Thumb Code     0  printfa.o(i.__0vsprintf)
    __ARM_fpclassify                         0x0800753d   Thumb Code    40  fpclassify.o(i.__ARM_fpclassify)
    __kernel_poly                            0x08007565   Thumb Code   170  poly.o(i.__kernel_poly)
    __mathlib_dbl_infnan                     0x0800760f   Thumb Code     6  dunder.o(i.__mathlib_dbl_infnan)
    __mathlib_dbl_infnan2                    0x08007615   Thumb Code     4  dunder.o(i.__mathlib_dbl_infnan2)
    __mathlib_dbl_invalid                    0x08007619   Thumb Code    12  dunder.o(i.__mathlib_dbl_invalid)
    __mathlib_dbl_underflow                  0x08007625   Thumb Code    10  dunder.o(i.__mathlib_dbl_underflow)
    __scatterload_copy                       0x08007635   Thumb Code    14  handlers.o(i.__scatterload_copy)
    __scatterload_null                       0x08007643   Thumb Code     2  handlers.o(i.__scatterload_null)
    __scatterload_zeroinit                   0x08007645   Thumb Code    14  handlers.o(i.__scatterload_zeroinit)
    __set_errno                              0x08007655   Thumb Code     6  errno.o(i.__set_errno)
    _is_digit                                0x080077c5   Thumb Code    14  scanf_fp.o(i._is_digit)
    asin                                     0x08007f0d   Thumb Code   572  asin.o(i.asin)
    atan                                     0x0800817d   Thumb Code   474  atan.o(i.atan)
    atan2                                    0x0800839d   Thumb Code   346  atan2.o(i.atan2)
    sqrt                                     0x0800851d   Thumb Code    76  sqrt.o(i.sqrt)
    strtod                                   0x08008569   Thumb Code    28  strtod.o(i.strtod)
    OSUnMapTbl                               0x08008584   Data         256  os_core.o(.constdata)
    __mathlib_zero                           0x08008770   Data           8  qnan.o(.constdata)
    __ctype_categories                       0x08008778   Data          64  ctype_c.o(.constdata)
    Region$$Table$$Base                      0x080087b8   Number         0  anon$$obj.o(Region$$Table)
    Region$$Table$$Limit                     0x080087d8   Number         0  anon$$obj.o(Region$$Table)
    SystemCoreClock                          0x20000000   Data           4  system_stm32f10x.o(.data)
    AHBPrescTable                            0x20000004   Data          16  system_stm32f10x.o(.data)
    ANGLE                                    0x20000028   Data           4  main.o(.data)
    errANGLE                                 0x2000002c   Data           1  main.o(.data)
    prio                                     0x2000002d   Data           1  main.o(.data)
    USART3_RX_STA                            0x2000002e   Data           2  bluetooth.o(.data)
    Res                                      0x20000030   Data           1  bluetooth.o(.data)
    ARMED                                    0x20000031   Data           1  bluetooth.o(.data)
    pidset                                   0x20000032   Data           1  bluetooth.o(.data)
    send_angle                               0x20000033   Data           1  bluetooth.o(.data)
    USART2_RX_STA                            0x20000034   Data           2  gps.o(.data)
    Rc_Get                                   0x20000038   Data           8  rev.o(.data)
    TIM2CH1_CAPTURE_STA                      0x20000040   Data           1  rev.o(.data)
    TIM2CH1_CAPTURE_UPVAL                    0x20000042   Data           2  rev.o(.data)
    TIM2CH1_CAPTURE_DOWNVAL                  0x20000044   Data           2  rev.o(.data)
    TIM2CH2_CAPTURE_STA                      0x20000046   Data           1  rev.o(.data)
    TIM2CH2_CAPTURE_UPVAL                    0x20000048   Data           2  rev.o(.data)
    TIM2CH2_CAPTURE_DOWNVAL                  0x2000004a   Data           2  rev.o(.data)
    TIM2CH3_CAPTURE_STA                      0x2000004c   Data           1  rev.o(.data)
    TIM2CH3_CAPTURE_UPVAL                    0x2000004e   Data           2  rev.o(.data)
    TIM2CH3_CAPTURE_DOWNVAL                  0x20000050   Data           2  rev.o(.data)
    TIM2CH4_CAPTURE_STA                      0x20000052   Data           1  rev.o(.data)
    TIM2CH4_CAPTURE_UPVAL                    0x20000054   Data           2  rev.o(.data)
    TIM2CH4_CAPTURE_DOWNVAL                  0x20000056   Data           2  rev.o(.data)
    tempup1                                  0x20000058   Data           4  rev.o(.data)
    tempup2                                  0x2000005c   Data           4  rev.o(.data)
    tempup3                                  0x20000060   Data           4  rev.o(.data)
    tempup4                                  0x20000064   Data           4  rev.o(.data)
    tim2_T1                                  0x20000068   Data           4  rev.o(.data)
    tim2_T2                                  0x2000006c   Data           4  rev.o(.data)
    tim2_T3                                  0x20000070   Data           4  rev.o(.data)
    tim2_T4                                  0x20000074   Data           4  rev.o(.data)
    pwmout1                                  0x20000078   Data           4  rev.o(.data)
    pwmout2                                  0x2000007c   Data           4  rev.o(.data)
    pwmout3                                  0x20000080   Data           4  rev.o(.data)
    pwmout4                                  0x20000084   Data           4  rev.o(.data)
    time                                     0x20000088   Data           4  tim7.o(.data)
    dms                                      0x2000008c   Data           4  tim7.o(.data)
    USART_RX_STA                             0x20000090   Data           2  usart1.o(.data)
    Res1                                     0x20000092   Data           1  usart1.o(.data)
    GYRO_OFFSET                              0x20000094   Data           6  mpu6050.o(.data)
    ACC_OFFSET                               0x2000009a   Data           6  mpu6050.o(.data)
    GYRO_OFFSET_OK                           0x200000a0   Data           1  mpu6050.o(.data)
    ACC_OFFSET_OK                            0x200000a1   Data           1  mpu6050.o(.data)
    MPU6050_ACC_LAST                         0x200000a2   Data           6  mpu6050.o(.data)
    MPU6050_GYRO_LAST                        0x200000a8   Data           6  mpu6050.o(.data)
    GYRO_RADIAN_OLD                          0x200000ae   Data           6  mpu6050.o(.data)
    debug                                    0x200000b4   Data           4  mpu6050.o(.data)
    q0                                       0x200000d8   Data           4  imu.o(.data)
    q1                                       0x200000dc   Data           4  imu.o(.data)
    q2                                       0x200000e0   Data           4  imu.o(.data)
    q3                                       0x200000e4   Data           4  imu.o(.data)
    exInt                                    0x200000e8   Data           4  imu.o(.data)
    eyInt                                    0x200000ec   Data           4  imu.o(.data)
    ezInt                                    0x200000f0   Data           4  imu.o(.data)
    OSCtxSwCtr                               0x200000fc   Data           4  os_core.o(.data)
    OSEventFreeList                          0x20000100   Data           4  os_core.o(.data)
    OSCPUUsage                               0x20000104   Data           1  os_core.o(.data)
    OSIdleCtrMax                             0x20000108   Data           4  os_core.o(.data)
    OSIdleCtrRun                             0x2000010c   Data           4  os_core.o(.data)
    OSStatRdy                                0x20000110   Data           1  os_core.o(.data)
    OSIntNesting                             0x20000111   Data           1  os_core.o(.data)
    OSLockNesting                            0x20000112   Data           1  os_core.o(.data)
    OSPrioCur                                0x20000113   Data           1  os_core.o(.data)
    OSPrioHighRdy                            0x20000114   Data           1  os_core.o(.data)
    OSRdyGrp                                 0x20000115   Data           1  os_core.o(.data)
    OSRdyTbl                                 0x20000116   Data           4  os_core.o(.data)
    OSRunning                                0x2000011a   Data           1  os_core.o(.data)
    OSTaskCtr                                0x2000011b   Data           1  os_core.o(.data)
    OSIdleCtr                                0x2000011c   Data           4  os_core.o(.data)
    OSTCBCur                                 0x20000120   Data           4  os_core.o(.data)
    OSTCBFreeList                            0x20000124   Data           4  os_core.o(.data)
    OSTCBHighRdy                             0x20000128   Data           4  os_core.o(.data)
    OSTCBList                                0x2000012c   Data           4  os_core.o(.data)
    OSTickStepState                          0x20000130   Data           1  os_core.o(.data)
    OSTime                                   0x20000134   Data           4  os_core.o(.data)
    angleTX                                  0x20000138   Data           4  appbluetooth.o(.data)
    psp                                      0x2000013c   Data           4  controlpid.o(.data)
    psd                                      0x20000140   Data           4  controlpid.o(.data)
    psi                                      0x20000144   Data           4  controlpid.o(.data)
    pcp                                      0x20000148   Data           4  controlpid.o(.data)
    pcd                                      0x2000014c   Data           4  controlpid.o(.data)
    rsp                                      0x20000150   Data           4  controlpid.o(.data)
    rsd                                      0x20000154   Data           4  controlpid.o(.data)
    rsi                                      0x20000158   Data           4  controlpid.o(.data)
    rcp                                      0x2000015c   Data           4  controlpid.o(.data)
    rcd                                      0x20000160   Data           4  controlpid.o(.data)
    ysp                                      0x20000164   Data           4  controlpid.o(.data)
    ysd                                      0x20000168   Data           4  controlpid.o(.data)
    ysi                                      0x2000016c   Data           4  controlpid.o(.data)
    ycp                                      0x20000170   Data           4  controlpid.o(.data)
    ycd                                      0x20000174   Data           4  controlpid.o(.data)
    Pitch_i                                  0x20000178   Data           4  controlpid.o(.data)
    Roll_i                                   0x2000017c   Data           4  controlpid.o(.data)
    Yaw_i                                    0x20000180   Data           4  controlpid.o(.data)
    Pitch_old                                0x20000184   Data           4  controlpid.o(.data)
    Roll_old                                 0x20000188   Data           4  controlpid.o(.data)
    Yaw_old                                  0x2000018c   Data           4  controlpid.o(.data)
    Pitch_d                                  0x20000190   Data           4  controlpid.o(.data)
    Roll_d                                   0x20000194   Data           4  controlpid.o(.data)
    Yaw_d                                    0x20000198   Data           4  controlpid.o(.data)
    __stdout                                 0x2000019c   Data           4  stdout.o(.data)
    USART3_RX_BUF                            0x200005a8   Data         200  bluetooth.o(.bss)
    USART3_TX_BUF                            0x20000670   Data         200  bluetooth.o(.bss)
    P                                        0x20000738   Data          36  bluetooth.o(.bss)
    USART2_RX_BUF                            0x2000075c   Data         800  gps.o(.bss)
    TEMP_BUF                                 0x20000a7c   Data         800  gps.o(.bss)
    gpsx                                     0x20000d9c   Data         105  gps.o(.bss)
    USART_RX_BUF                             0x20000e05   Data         200  usart1.o(.bss)
    mpu6050_buffer                           0x20000ecd   Data          14  mpu6050.o(.bss)
    ACC_AVG                                  0x20000edc   Data          12  imu.o(.bss)
    GYRO_I                                   0x20000ee8   Data          12  imu.o(.bss)
    EXP_ANGLE                                0x20000ef4   Data          12  imu.o(.bss)
    DIF_ANGLE                                0x20000f00   Data          12  imu.o(.bss)
    Q_ANGLE                                  0x20000f0c   Data          12  imu.o(.bss)
    ACC_X_BUF                                0x20000f18   Data          40  imu.o(.bss)
    ACC_Y_BUF                                0x20000f40   Data          40  imu.o(.bss)
    ACC_Z_BUF                                0x20000f68   Data          40  imu.o(.bss)
    task_bluetooth_stk                       0x20000f90   Data        2048  app.o(.bss)
    task_atttitude_computation_stk           0x20001790   Data        2048  app.o(.bss)
    task_atttitude_pid_stk                   0x20001f90   Data        2048  app.o(.bss)
    task_gps_stk                             0x20002790   Data        2048  app.o(.bss)
    OSEventTbl                               0x20002f90   Data         320  os_core.o(.bss)
    OSTaskStatStk                            0x200030d0   Data         512  os_core.o(.bss)
    OSTaskIdleStk                            0x200032d0   Data         512  os_core.o(.bss)
    OSTCBPrioTbl                             0x200034d0   Data         128  os_core.o(.bss)
    OSTCBTbl                                 0x20003550   Data        1440  os_core.o(.bss)
    PID_ROL                                  0x20003af0   Data          36  controlpid.o(.bss)
    PID_PIT                                  0x20003b14   Data          36  controlpid.o(.bss)
    PID_YAW                                  0x20003b38   Data          36  controlpid.o(.bss)
    __initial_sp                             0x20003f60   Data           0  startup_stm32f10x_hd.o(STACK)



==============================================================================

Memory Map of the image

  Image Entry point : 0x08000131

  Load Region LR_IROM1 (Base: 0x08000000, Size: 0x0000897c, Max: 0x00080000, ABSOLUTE, COMPRESSED[0x00008804])

    Execution Region ER_IROM1 (Base: 0x08000000, Size: 0x000087d8, Max: 0x00080000, ABSOLUTE)

    Base Addr    Size         Type   Attr      Idx    E Section Name        Object

    0x08000000   0x00000130   Data   RO            3    RESET               startup_stm32f10x_hd.o
    0x08000130   0x00000000   Code   RO          961  * .ARM.Collect$$$$00000000  mc_w.l(entry.o)
    0x08000130   0x00000004   Code   RO         1288    .ARM.Collect$$$$00000001  mc_w.l(entry2.o)
    0x08000134   0x00000004   Code   RO         1291    .ARM.Collect$$$$00000004  mc_w.l(entry5.o)
    0x08000138   0x00000000   Code   RO         1293    .ARM.Collect$$$$00000008  mc_w.l(entry7b.o)
    0x08000138   0x00000000   Code   RO         1295    .ARM.Collect$$$$0000000A  mc_w.l(entry8b.o)
    0x08000138   0x00000008   Code   RO         1296    .ARM.Collect$$$$0000000B  mc_w.l(entry9a.o)
    0x08000140   0x00000000   Code   RO         1298    .ARM.Collect$$$$0000000D  mc_w.l(entry10a.o)
    0x08000140   0x00000000   Code   RO         1300    .ARM.Collect$$$$0000000F  mc_w.l(entry11a.o)
    0x08000140   0x00000004   Code   RO         1289    .ARM.Collect$$$$00002712  mc_w.l(entry2.o)
    0x08000144   0x00000024   Code   RO            4    .text               startup_stm32f10x_hd.o
    0x08000168   0x000001e0   Code   RO           24    .text               system_stm32f10x.o
    0x08000348   0x000000dc   Code   RO           73    .text               misc.o
    0x08000424   0x0000035c   Code   RO          248    .text               stm32f10x_gpio.o
    0x08000780   0x000003a4   Code   RO          305    .text               stm32f10x_rcc.o
    0x08000b24   0x00000e1a   Code   RO          364    .text               stm32f10x_tim.o
    0x0800193e   0x00000002   PAD
    0x08001940   0x00000408   Code   RO          376    .text               stm32f10x_usart.o
    0x08001d48   0x00000058   Code   RO          403    .text               main.o
    0x08001da0   0x00000050   Code   RO          495    .text               stm32f10x_it.o
    0x08001df0   0x000000c4   Code   RO          511    .text               bsp.o
    0x08001eb4   0x0000005c   Code   RO          530    .text               bsp_led.o
    0x08001f10   0x00000634   Code   RO          542    .text               bluetooth.o
    0x08002544   0x000006a8   Code   RO          576    .text               gps.o
    0x08002bec   0x0000020c   Code   RO          595    .text               motor.o
    0x08002df8   0x00000410   Code   RO          610    .text               rev.o
    0x08003208   0x000000a4   Code   RO          629    .text               tim7.o
    0x080032ac   0x0000017c   Code   RO          644    .text               usart1.o
    0x08003428   0x000003b0   Code   RO          660    .text               mpu6050.o
    0x080037d8   0x00000908   Code   RO          683    .text               imu.o
    0x080040e0   0x00000480   Code   RO          713    .text               i2cdev.o
    0x08004560   0x00000050   Code   RO          728    .text               app.o
    0x080045b0   0x00000968   Code   RO          743    .text               os_core.o
    0x08004f18   0x00000610   Code   RO          781    .text               os_mutex.o
    0x08005528   0x0000075c   Code   RO          805    .text               os_task.o
    0x08005c84   0x000001bc   Code   RO          817    .text               os_time.o
    0x08005e40   0x000000ac   Code   RO          835    .text               os_cpu_c.o
    0x08005eec   0x000000a4   Code   RO          863    .text               os_cpu_a.o
    0x08005f90   0x0000007c   Code   RO          866    .text               appbluetooth.o
    0x0800600c   0x00000110   Code   RO          882    .text               control.o
    0x0800611c   0x000005c4   Code   RO          895    .text               controlpid.o
    0x080066e0   0x00000018   Code   RO          919    .text               app_imu.o
    0x080066f8   0x00000024   Code   RO          964    .text               mc_w.l(strstr.o)
    0x0800671c   0x0000000e   Code   RO          966    .text               mc_w.l(strlen.o)
    0x0800672a   0x0000001c   Code   RO          968    .text               mc_w.l(strcmp.o)
    0x08006746   0x000000b0   Code   RO         1231    .text               mf_w.l(fadd.o)
    0x080067f6   0x00000064   Code   RO         1233    .text               mf_w.l(fmul.o)
    0x0800685a   0x0000007c   Code   RO         1235    .text               mf_w.l(fdiv.o)
    0x080068d6   0x0000014e   Code   RO         1237    .text               mf_w.l(dadd.o)
    0x08006a24   0x000000e4   Code   RO         1239    .text               mf_w.l(dmul.o)
    0x08006b08   0x000000de   Code   RO         1241    .text               mf_w.l(ddiv.o)
    0x08006be6   0x00000012   Code   RO         1243    .text               mf_w.l(fflti.o)
    0x08006bf8   0x0000000a   Code   RO         1245    .text               mf_w.l(ffltui.o)
    0x08006c02   0x00000022   Code   RO         1247    .text               mf_w.l(dflti.o)
    0x08006c24   0x00000028   Code   RO         1249    .text               mf_w.l(ffixui.o)
    0x08006c4c   0x00000026   Code   RO         1251    .text               mf_w.l(f2d.o)
    0x08006c72   0x00000038   Code   RO         1253    .text               mf_w.l(d2f.o)
    0x08006caa   0x00000002   PAD
    0x08006cac   0x00000014   Code   RO         1255    .text               mf_w.l(cfcmple.o)
    0x08006cc0   0x00000014   Code   RO         1257    .text               mf_w.l(cfrcmple.o)
    0x08006cd4   0x0000002c   Code   RO         1303    .text               mc_w.l(uidiv.o)
    0x08006d00   0x00000062   Code   RO         1305    .text               mc_w.l(uldiv.o)
    0x08006d62   0x0000001e   Code   RO         1307    .text               mc_w.l(llshl.o)
    0x08006d80   0x00000024   Code   RO         1309    .text               mc_w.l(llsshr.o)
    0x08006da4   0x0000009c   Code   RO         1318    .text               mc_w.l(strtod.o)
    0x08006e40   0x00000000   Code   RO         1320    .text               mc_w.l(iusefp.o)
    0x08006e40   0x0000006e   Code   RO         1321    .text               mf_w.l(fepilogue.o)
    0x08006eae   0x000000ba   Code   RO         1323    .text               mf_w.l(depilogue.o)
    0x08006f68   0x0000002e   Code   RO         1325    .text               mf_w.l(dscalb.o)
    0x08006f96   0x000000a2   Code   RO         1327    .text               mf_w.l(dsqrt.o)
    0x08007038   0x00000030   Code   RO         1329    .text               mf_w.l(dfixul.o)
    0x08007068   0x00000030   Code   RO         1333    .text               mf_w.l(cdrcmple.o)
    0x08007098   0x00000024   Code   RO         1335    .text               mc_w.l(init.o)
    0x080070bc   0x00000020   Code   RO         1337    .text               mc_w.l(llushr.o)
    0x080070dc   0x0000000a   Code   RO         1339    .text               mc_w.l(isspace_c.o)
    0x080070e6   0x00000002   PAD
    0x080070e8   0x00000338   Code   RO         1341    .text               mc_w.l(scanf_fp.o)
    0x08007420   0x00000040   Code   RO         1345    .text               mc_w.l(_sgetc.o)
    0x08007460   0x00000028   Code   RO         1347    .text               mc_w.l(ctype_c.o)
    0x08007488   0x00000018   Code   RO         1350    .text               mf_w.l(dfltul.o)
    0x080074a0   0x00000056   Code   RO         1360    .text               mc_w.l(__dczerorl2.o)
    0x080074f6   0x00000002   PAD
    0x080074f8   0x00000020   Code   RO         1203    i.__0printf         mc_w.l(printfa.o)
    0x08007518   0x00000024   Code   RO         1209    i.__0vsprintf       mc_w.l(printfa.o)
    0x0800753c   0x00000028   Code   RO         1283    i.__ARM_fpclassify  m_ws.l(fpclassify.o)
    0x08007564   0x000000aa   Code   RO         1285    i.__kernel_poly     m_ws.l(poly.o)
    0x0800760e   0x00000006   Code   RO         1270    i.__mathlib_dbl_infnan  m_ws.l(dunder.o)
    0x08007614   0x00000004   Code   RO         1271    i.__mathlib_dbl_infnan2  m_ws.l(dunder.o)
    0x08007618   0x0000000c   Code   RO         1272    i.__mathlib_dbl_invalid  m_ws.l(dunder.o)
    0x08007624   0x00000010   Code   RO         1275    i.__mathlib_dbl_underflow  m_ws.l(dunder.o)
    0x08007634   0x0000000e   Code   RO         1354    i.__scatterload_copy  mc_w.l(handlers.o)
    0x08007642   0x00000002   Code   RO         1355    i.__scatterload_null  mc_w.l(handlers.o)
    0x08007644   0x0000000e   Code   RO         1356    i.__scatterload_zeroinit  mc_w.l(handlers.o)
    0x08007652   0x00000002   PAD
    0x08007654   0x0000000c   Code   RO         1313    i.__set_errno       mc_w.l(errno.o)
    0x08007660   0x00000164   Code   RO         1210    i._fp_digits        mc_w.l(printfa.o)
    0x080077c4   0x0000000e   Code   RO         1343    i._is_digit         mc_w.l(scanf_fp.o)
    0x080077d2   0x00000002   PAD
    0x080077d4   0x000006dc   Code   RO         1211    i._printf_core      mc_w.l(printfa.o)
    0x08007eb0   0x00000024   Code   RO         1212    i._printf_post_padding  mc_w.l(printfa.o)
    0x08007ed4   0x0000002e   Code   RO         1213    i._printf_pre_padding  mc_w.l(printfa.o)
    0x08007f02   0x0000000a   Code   RO         1215    i._sputc            mc_w.l(printfa.o)
    0x08007f0c   0x00000270   Code   RO          932    i.asin              m_ws.l(asin.o)
    0x0800817c   0x00000220   Code   RO         1260    i.atan              m_ws.l(atan.o)
    0x0800839c   0x00000180   Code   RO          942    i.atan2             m_ws.l(atan2.o)
    0x0800851c   0x0000004c   Code   RO          950    i.sqrt              m_ws.l(sqrt.o)
    0x08008568   0x0000001c   Code   RO          958    i.strtod            m_ws.l(strtod.o)
    0x08008584   0x00000100   Data   RO          745    .constdata          os_core.o
    0x08008684   0x00000004   PAD
    0x08008688   0x00000050   Data   RO          933    .constdata          m_ws.l(asin.o)
    0x080086d8   0x00000098   Data   RO         1261    .constdata          m_ws.l(atan.o)
    0x08008770   0x00000008   Data   RO         1287    .constdata          m_ws.l(qnan.o)
    0x08008778   0x00000040   Data   RO         1348    .constdata          mc_w.l(ctype_c.o)
    0x080087b8   0x00000020   Data   RO         1352    Region$$Table       anon$$obj.o


    Execution Region RW_IRAM1 (Base: 0x20000000, Size: 0x00003f60, Max: 0x00010000, ABSOLUTE, COMPRESSED[0x0000002c])

    Base Addr    Size         Type   Attr      Idx    E Section Name        Object

    0x20000000   0x00000014   Data   RW           25    .data               system_stm32f10x.o
    0x20000014   0x00000014   Data   RW          306    .data               stm32f10x_rcc.o
    0x20000028   0x00000006   Data   RW          405    .data               main.o
    0x2000002e   0x00000006   Data   RW          544    .data               bluetooth.o
    0x20000034   0x00000002   Data   RW          578    .data               gps.o
    0x20000036   0x00000002   PAD
    0x20000038   0x00000050   Data   RW          611    .data               rev.o
    0x20000088   0x00000008   Data   RW          630    .data               tim7.o
    0x20000090   0x00000003   Data   RW          646    .data               usart1.o
    0x20000093   0x00000001   PAD
    0x20000094   0x00000042   Data   RW          662    .data               mpu6050.o
    0x200000d6   0x00000002   PAD
    0x200000d8   0x00000024   Data   RW          685    .data               imu.o
    0x200000fc   0x0000003c   Data   RW          746    .data               os_core.o
    0x20000138   0x00000004   Data   RW          867    .data               appbluetooth.o
    0x2000013c   0x00000060   Data   RW          897    .data               controlpid.o
    0x2000019c   0x00000004   Data   RW         1302    .data               mc_w.l(stdout.o)
    0x200001a0   0x00000004   Data   RW         1314    .data               mc_w.l(errno.o)
    0x200001a4   0x00000004   PAD
    0x200001a8   0x00000400   Zero   RW          404    .bss                main.o
    0x200005a8   0x000001b4   Zero   RW          543    .bss                bluetooth.o
    0x2000075c   0x000006a9   Zero   RW          577    .bss                gps.o
    0x20000e05   0x000000c8   Zero   RW          645    .bss                usart1.o
    0x20000ecd   0x0000000e   Zero   RW          661    .bss                mpu6050.o
    0x20000edb   0x00000001   PAD
    0x20000edc   0x000000b4   Zero   RW          684    .bss                imu.o
    0x20000f90   0x00002000   Zero   RW          729    .bss                app.o
    0x20002f90   0x00000b60   Zero   RW          744    .bss                os_core.o
    0x20003af0   0x0000006c   Zero   RW          896    .bss                controlpid.o
    0x20003b5c   0x00000004   PAD
    0x20003b60   0x00000400   Zero   RW            1    STACK               startup_stm32f10x_hd.o


==============================================================================

Image component sizes


      Code (inc. data)   RO Data    RW Data    ZI Data      Debug   Object Name

        80         26          0          0       8192       1297   app.o
        24          0          0          0          0        541   app_imu.o
       124         52          0          4          0       1336   appbluetooth.o
      1588        496          0          6        436       5270   bluetooth.o
       196         36          0          0          0      15995   bsp.o
        92         10          0          0          0        538   bsp_led.o
       272         58          0          0          0        581   control.o
      1476        124          0         96        108       2726   controlpid.o
         0          0          0          0          0       4500   core_cm3.o
      1704        182          0          2       1705       5519   gps.o
      1152          8          0          0          0       4494   i2cdev.o
      2312        164          0         36        180       3982   imu.o
        88         38          0          6       1024      12202   main.o
       220         22          0          0          0       1869   misc.o
       524         10          0          0          0       1732   motor.o
       944        130          0         66         14       3255   mpu6050.o
      2408        244        256         60       2912      16632   os_core.o
       164         32          0          0          0        352   os_cpu_a.o
       172          0          0          0          0      11205   os_cpu_c.o
      1552         40          0          0          0       4682   os_mutex.o
      1884         68          0          0          0       6989   os_task.o
       444         24          0          0          0       1930   os_time.o
      1040        102          0         80          0       3265   rev.o
        36          8        304          0       1024        888   startup_stm32f10x_hd.o
       860         38          0          0          0       5797   stm32f10x_gpio.o
        80          8          0          0          0       1462   stm32f10x_it.o
       932         36          0         20          0       9004   stm32f10x_rcc.o
      3610         88          0          0          0      22908   stm32f10x_tim.o
      1032         22          0          0          0       8528   stm32f10x_usart.o
       480         38          0         20          0     250519   system_stm32f10x.o
       164          8          0          8          0       1404   tim7.o
       380         22          0          3        200       2178   usart1.o

    ----------------------------------------------------------------------
     26036       2134        596        412      15800     413580   Object Totals
         0          0         32          0          0          0   (incl. Generated)
         2          0          4          5          5          0   (incl. Padding)

    ----------------------------------------------------------------------

      Code (inc. data)   RO Data    RW Data    ZI Data      Debug   Library Member Name

       624         52         80          0          0        168   asin.o
       544         70        152          0          0        124   atan.o
       384         38          0          0          0        144   atan2.o
        38          6          0          0          0        272   dunder.o
        40          0          0          0          0         68   fpclassify.o
       170          0          0          0          0         96   poly.o
         0          0          8          0          0          0   qnan.o
        76          0          0          0          0         84   sqrt.o
        28          0          0          0          0         80   strtod.o
        86          0          0          0          0          0   __dczerorl2.o
        64          0          0          0          0         84   _sgetc.o
        40          6         64          0          0         68   ctype_c.o
         0          0          0          0          0          0   entry.o
         0          0          0          0          0          0   entry10a.o
         0          0          0          0          0          0   entry11a.o
         8          4          0          0          0          0   entry2.o
         4          0          0          0          0          0   entry5.o
         0          0          0          0          0          0   entry7b.o
         0          0          0          0          0          0   entry8b.o
         8          4          0          0          0          0   entry9a.o
        12          6          0          4          0         68   errno.o
        30          0          0          0          0          0   handlers.o
        36          8          0          0          0         68   init.o
        10          0          0          0          0         68   isspace_c.o
         0          0          0          0          0          0   iusefp.o
        30          0          0          0          0         68   llshl.o
        36          0          0          0          0         68   llsshr.o
        32          0          0          0          0         68   llushr.o
      2272         96          0          0          0        592   printfa.o
       838         12          0          0          0        216   scanf_fp.o
         0          0          0          4          0          0   stdout.o
        28          0          0          0          0         76   strcmp.o
        14          0          0          0          0         68   strlen.o
        36          0          0          0          0         80   strstr.o
       156         14          0          0          0        120   strtod.o
        44          0          0          0          0         80   uidiv.o
        98          0          0          0          0         92   uldiv.o
        48          0          0          0          0         68   cdrcmple.o
        20          0          0          0          0         68   cfcmple.o
        20          0          0          0          0         68   cfrcmple.o
        56          0          0          0          0         88   d2f.o
       334          0          0          0          0        148   dadd.o
       222          0          0          0          0        100   ddiv.o
       186          0          0          0          0        176   depilogue.o
        48          0          0          0          0         68   dfixul.o
        34          0          0          0          0         76   dflti.o
        24          0          0          0          0         76   dfltul.o
       228          0          0          0          0         96   dmul.o
        46          0          0          0          0         80   dscalb.o
       162          0          0          0          0        100   dsqrt.o
        38          0          0          0          0         68   f2d.o
       176          0          0          0          0        140   fadd.o
       124          0          0          0          0         88   fdiv.o
       110          0          0          0          0        168   fepilogue.o
        40          0          0          0          0         68   ffixui.o
        18          0          0          0          0         68   fflti.o
        10          0          0          0          0         68   ffltui.o
       100          0          0          0          0         76   fmul.o

    ----------------------------------------------------------------------
      7840        316        304          8          4       4876   Library Totals
        10          0          0          0          4          0   (incl. Padding)

    ----------------------------------------------------------------------

      Code (inc. data)   RO Data    RW Data    ZI Data      Debug   Library Name

      1904        166        240          0          0       1036   m_ws.l
      3882        150         64          8          0       1884   mc_w.l
      2044          0          0          0          0       1956   mf_w.l

    ----------------------------------------------------------------------
      7840        316        304          8          4       4876   Library Totals

    ----------------------------------------------------------------------

==============================================================================


      Code (inc. data)   RO Data    RW Data    ZI Data      Debug   

     33876       2450        900        420      15804     413592   Grand Totals
     33876       2450        900         44      15804     413592   ELF Image Totals (compressed)
     33876       2450        900         44          0          0   ROM Totals

==============================================================================

    Total RO  Size (Code + RO Data)                34776 (  33.96kB)
    Total RW  Size (RW Data + ZI Data)             16224 (  15.84kB)
    Total ROM Size (Code + RO Data + RW Data)      34820 (  34.00kB)

==============================================================================

