Component: ARM Compiler 5.06 update 3 (build 300) Tool: armlink [4d35c9]

==============================================================================

Section Cross References

    startup_stm32f10x_hd.o(RESET) refers to startup_stm32f10x_hd.o(STACK) for __initial_sp
    startup_stm32f10x_hd.o(RESET) refers to startup_stm32f10x_hd.o(.text) for Reset_Handler
    startup_stm32f10x_hd.o(RESET) refers to stm32f10x_it.o(.text) for NMI_Handler
    startup_stm32f10x_hd.o(RESET) refers to os_cpu_a.o(.text) for OS_CPU_PendSVHandler
    startup_stm32f10x_hd.o(RESET) refers to rev.o(.text) for TIM2_IRQHandler
    startup_stm32f10x_hd.o(RESET) refers to usart1.o(.text) for USART1_IRQHandler
    startup_stm32f10x_hd.o(RESET) refers to gps.o(.text) for USART2_IRQHandler
    startup_stm32f10x_hd.o(RESET) refers to bluetooth.o(.text) for USART3_IRQHandler
    startup_stm32f10x_hd.o(.text) refers to system_stm32f10x.o(.text) for SystemInit
    startup_stm32f10x_hd.o(.text) refers to entry.o(.ARM.Collect$$$$00000000) for __main
    system_stm32f10x.o(.text) refers to system_stm32f10x.o(.data) for SystemCoreClock
    stm32f10x_adc.o(.text) refers to stm32f10x_rcc.o(.text) for RCC_APB2PeriphResetCmd
    stm32f10x_bkp.o(.text) refers to stm32f10x_rcc.o(.text) for RCC_BackupResetCmd
    stm32f10x_can.o(.text) refers to stm32f10x_rcc.o(.text) for RCC_APB1PeriphResetCmd
    stm32f10x_cec.o(.text) refers to stm32f10x_rcc.o(.text) for RCC_APB1PeriphResetCmd
    stm32f10x_dac.o(.text) refers to stm32f10x_rcc.o(.text) for RCC_APB1PeriphResetCmd
    stm32f10x_gpio.o(.text) refers to stm32f10x_rcc.o(.text) for RCC_APB2PeriphResetCmd
    stm32f10x_i2c.o(.text) refers to stm32f10x_rcc.o(.text) for RCC_APB1PeriphResetCmd
    stm32f10x_pwr.o(.text) refers to stm32f10x_rcc.o(.text) for RCC_APB1PeriphResetCmd
    stm32f10x_rcc.o(.text) refers to stm32f10x_rcc.o(.data) for APBAHBPrescTable
    stm32f10x_spi.o(.text) refers to stm32f10x_rcc.o(.text) for RCC_APB2PeriphResetCmd
    stm32f10x_tim.o(.text) refers to stm32f10x_rcc.o(.text) for RCC_APB2PeriphResetCmd
    stm32f10x_usart.o(.text) refers to stm32f10x_rcc.o(.text) for RCC_APB2PeriphResetCmd
    stm32f10x_wwdg.o(.text) refers to stm32f10x_rcc.o(.text) for RCC_APB1PeriphResetCmd
    main.o(.text) refers to bsp.o(.text) for BSP_Init
    main.o(.text) refers to os_core.o(.text) for OSInit
    main.o(.text) refers to os_mutex.o(.text) for OSMutexCreate
    main.o(.text) refers to os_task.o(.text) for OSTaskCreate
    main.o(.text) refers to printfa.o(i.__0printf) for __2printf
    main.o(.text) refers to main.o(.data) for errANGLE
    main.o(.text) refers to main.o(.bss) for startup_task_stk
    main.o(.text) refers to app.o(.text) for Task_Start
    stm32f10x_it.o(.text) refers to os_core.o(.text) for OSIntEnter
    stm32f10x_it.o(.text) refers to stm32f10x_tim.o(.text) for TIM_GetITStatus
    stm32f10x_it.o(.text) refers to tim7.o(.data) for dms
    bsp.o(.text) refers to tim7.o(.text) for tim7_init
    bsp.o(.text) refers to bsp_led.o(.text) for LED_GPIO_Config
    bsp.o(.text) refers to usart1.o(.text) for USART1_Config
    bsp.o(.text) refers to bluetooth.o(.text) for BLUETOOTH_GPIO_Config
    bsp.o(.text) refers to rev.o(.text) for Rev_GPIO_init
    bsp.o(.text) refers to motor.o(.text) for Motor_GPIO_init
    bsp.o(.text) refers to controlpid.o(.text) for Pid_init
    bsp.o(.text) refers to i2cdev.o(.text) for I2C_GPIO_Configuration
    bsp.o(.text) refers to mpu6050.o(.text) for MPU6050_Init
    bsp.o(.text) refers to hmc5883l.o(.text) for Init_HMC5883L
    bsp.o(.text) refers to printfa.o(i.__0printf) for __2printf
    bsp.o(.text) refers to imu.o(.text) for Prepare_Data
    bsp.o(.text) refers to fadd.o(.text) for __aeabi_fadd
    bsp.o(.text) refers to fdiv.o(.text) for __aeabi_fdiv
    bsp.o(.text) refers to stm32f10x_flash.o(.text) for FLASH_Unlock
    bsp.o(.text) refers to eeprom.o(.text) for EE_Init
    bsp.o(.text) refers to flash.o(.text) for EE_READ_PID
    bsp.o(.text) refers to system_stm32f10x.o(.data) for SystemCoreClock
    bsp.o(.text) refers to mpu6050.o(.data) for GYRO_OFFSET_OK
    bsp.o(.text) refers to imu.o(.bss) for Q_ANGLE
    bsp.o(.text) refers to imu.o(.data) for zoffset
    bsp_led.o(.text) refers to stm32f10x_rcc.o(.text) for RCC_APB2PeriphClockCmd
    bsp_led.o(.text) refers to stm32f10x_gpio.o(.text) for GPIO_Init
    bluetooth.o(.text) refers to f2d.o(.text) for __aeabi_f2d
    bluetooth.o(.text) refers to printfa.o(i.__0printf) for __2printf
    bluetooth.o(.text) refers to stm32f10x_rcc.o(.text) for RCC_APB1PeriphClockCmd
    bluetooth.o(.text) refers to stm32f10x_gpio.o(.text) for GPIO_PinRemapConfig
    bluetooth.o(.text) refers to stm32f10x_usart.o(.text) for USART_Init
    bluetooth.o(.text) refers to misc.o(.text) for NVIC_PriorityGroupConfig
    bluetooth.o(.text) refers to printfa.o(i.__0vsprintf) for __c89vsprintf
    bluetooth.o(.text) refers to strlen.o(.text) for strlen
    bluetooth.o(.text) refers to strcmp.o(.text) for strcmp
[...]
    ADCPrescTable                            0x20000024   Data           4  stm32f10x_rcc.o(.data)
    .data                                    0x20000028   Section        6  main.o(.data)
    .data                                    0x2000002e   Section        6  bluetooth.o(.data)
    .data                                    0x20000034   Section        2  gps.o(.data)
    .data                                    0x20000038   Section       80  rev.o(.data)
    .data                                    0x20000088   Section        8  tim7.o(.data)
    .data                                    0x20000090   Section        3  usart1.o(.data)
    .data                                    0x20000094   Section       66  mpu6050.o(.data)
    tempgx                                   0x200000b8   Data           4  mpu6050.o(.data)
    tempgy                                   0x200000bc   Data           4  mpu6050.o(.data)
    tempgz                                   0x200000c0   Data           4  mpu6050.o(.data)
    cnt_g                                    0x200000c4   Data           2  mpu6050.o(.data)
    tempax                                   0x200000c8   Data           4  mpu6050.o(.data)
    tempay                                   0x200000cc   Data           4  mpu6050.o(.data)
    tempaz                                   0x200000d0   Data           4  mpu6050.o(.data)
    cnt_a                                    0x200000d4   Data           2  mpu6050.o(.data)
    .data                                    0x200000d8   Section       64  imu.o(.data)
    filter_cnt                               0x20000108   Data           1  imu.o(.data)
    q                                        0x2000010c   Data           4  imu.o(.data)
    i                                        0x20000110   Data           4  imu.o(.data)
    i                                        0x20000114   Data           4  imu.o(.data)
    .data                                    0x20000118   Section        8  eeprom.o(.data)
    .data                                    0x20000120   Section       32  flash.o(.data)
    .data                                    0x20000140   Section       96  hmc5883l.o(.data)
    .data                                    0x200001a0   Section       60  os_core.o(.data)
    .data                                    0x200001dc   Section        4  appbluetooth.o(.data)
    .data                                    0x200001e0   Section       36  controlpid.o(.data)
    .data                                    0x20000204   Section        4  stdout.o(.data)
    .data                                    0x20000208   Section        4  errno.o(.data)
    _errno                                   0x20000208   Data           4  errno.o(.data)
    .bss                                     0x20000210   Section     1024  main.o(.bss)
    startup_task_stk                         0x20000210   Data        1024  main.o(.bss)
    .bss                                     0x20000610   Section      436  bluetooth.o(.bss)
    .bss                                     0x200007c4   Section     1705  gps.o(.bss)
    .bss                                     0x20000e6d   Section      200  usart1.o(.bss)
    .bss                                     0x20000f35   Section       14  mpu6050.o(.bss)
    .bss                                     0x20000f44   Section      192  imu.o(.bss)
    .bss                                     0x20001008   Section     8192  app.o(.bss)
    .bss                                     0x20003008   Section     2912  os_core.o(.bss)
    .bss                                     0x20003b68   Section      108  controlpid.o(.bss)
    STACK                                    0x20003bd8   Section     1024  startup_stm32f10x_hd.o(STACK)

    Global Symbols

    Symbol Name                              Value     Ov Type        Size  Object(Section)

    BuildAttributes$$THM_ISAv4$P$D$K$B$S$PE$A:L22UL41UL21$X:L11$S22US41US21$IEEE1$IW$USESV6$~STKCKD$USESV7$~SHL$OTIME$ROPI$IEEEX$EBA8$MICROLIB$REQ8$PRES8$EABIv2 0x00000000   Number         0  anon$$obj.o ABSOLUTE
    __ARM_use_no_argv                        0x00000000   Number         0  main.o ABSOLUTE
    _printf_a                                0x00000000   Number         0  stubs.o ABSOLUTE
    _printf_c                                0x00000000   Number         0  stubs.o ABSOLUTE
    _printf_charcount                        0x00000000   Number         0  stubs.o ABSOLUTE
    _printf_d                                0x00000000   Number         0  stubs.o ABSOLUTE
    _printf_e                                0x00000000   Number         0  stubs.o ABSOLUTE
    _printf_f                                0x00000000   Number         0  stubs.o ABSOLUTE
    _printf_flags                            0x00000000   Number         0  stubs.o ABSOLUTE
    _printf_fp_dec                           0x00000000   Number         0  stubs.o ABSOLUTE
    _printf_fp_hex                           0x00000000   Number         0  stubs.o ABSOLUTE
    _printf_g                                0x00000000   Number         0  stubs.o ABSOLUTE
    _printf_i                                0x00000000   Number         0  stubs.o ABSOLUTE
    _printf_int_dec                          0x00000000   Number         0  stubs.o ABSOLUTE
    _printf_l                                0x00000000   Number         0  stubs.o ABSOLUTE
    _printf_lc                               0x00000000   Number         0  stubs.o ABSOLUTE
    _printf_ll                               0x00000000   Number         0  stubs.o ABSOLUTE
    _printf_lld                              0x00000000   Number         0  stubs.o ABSOLUTE
    _printf_lli                              0x00000000   Number         0  stubs.o ABSOLUTE
    _printf_llo                              0x00000000   Number         0  stubs.o ABSOLUTE
    _printf_llu                              0x00000000   Number         0  stubs.o ABSOLUTE
    _printf_llx                              0x00000000   Number         0  stubs.o ABSOLUTE
    _printf_longlong_dec                     0x00000000   Number         0  stubs.o ABSOLUTE
    _printf_longlong_hex                     0x00000000   Number         0  stubs.o ABSOLUTE
    _printf_longlong_oct                     0x00000000   Number         0  stubs.o ABSOLUTE
    _printf_ls                               0x00000000   Number         0  stubs.o ABSOLUTE
    _printf_mbtowc                           0x00000000   Number         0  stubs.o ABSOLUTE
    _printf_n                                0x00000000   Number         0  stubs.o ABSOLUTE
    _printf_o                                0x00000000   Number         0  stubs.o ABSOLUTE
    _printf_p                                0x00000000   Number         0  stubs.o ABSOLUTE
    _printf_percent                          0x00000000   Number         0  stubs.o ABSOLUTE
    _printf_pre_padding                      0x00000000   Number         0  stubs.o ABSOLUTE
    _printf_return_value                     0x00000000   Number         0  stubs.o ABSOLUTE
    _printf_s                                0x00000000   Number         0  stubs.o ABSOLUTE
    _printf_sizespec                         0x00000000   Number         0  stubs.o ABSOLUTE
    _printf_str                              0x00000000   Number         0  stubs.o ABSOLUTE
    _printf_truncate_signed                  0x00000000   Number         0  stubs.o ABSOLUTE
    _printf_truncate_unsigned                0x00000000   Number         0  stubs.o ABSOLUTE
    _printf_u                                0x00000000   Number         0  stubs.o ABSOLUTE
    _printf_wc                               0x00000000   Number         0  stubs.o ABSOLUTE
    _printf_wctomb                           0x00000000   Number         0  stubs.o ABSOLUTE
    _printf_widthprec                        0x00000000   Number         0  stubs.o ABSOLUTE
    _printf_x                                0x00000000   Number         0  stubs.o ABSOLUTE
    __cpp_initialize__aeabi_                  - Undefined Weak Reference
    __cxa_finalize                            - Undefined Weak Reference
    _clock_init                               - Undefined Weak Reference
    _microlib_exit                            - Undefined Weak Reference
    __Vectors_Size                           0x00000130   Number         0  startup_stm32f10x_hd.o ABSOLUTE
    __Vectors                                0x08000000   Data           4  startup_stm32f10x_hd.o(RESET)
    __Vectors_End                            0x08000130   Data           0  startup_stm32f10x_hd.o(RESET)
    __main                                   0x08000131   Thumb Code     0  entry.o(.ARM.Collect$$$$00000000)
    _main_stk                                0x08000131   Thumb Code     0  entry2.o(.ARM.Collect$$$$00000001)
    _main_scatterload                        0x08000135   Thumb Code     0  entry5.o(.ARM.Collect$$$$00000004)
    __main_after_scatterload                 0x08000139   Thumb Code     0  entry5.o(.ARM.Collect$$$$00000004)
    _main_clock                              0x08000139   Thumb Code     0  entry7b.o(.ARM.Collect$$$$00000008)
    _main_cpp_init                           0x08000139   Thumb Code     0  entry8b.o(.ARM.Collect$$$$0000000A)
    _main_init                               0x08000139   Thumb Code     0  entry9a.o(.ARM.Collect$$$$0000000B)
    __rt_final_cpp                           0x08000141   Thumb Code     0  entry10a.o(.ARM.Collect$$$$0000000D)
    __rt_final_exit                          0x08000141   Thumb Code     0  entry11a.o(.ARM.Collect$$$$0000000F)
    Reset_Handler                            0x08000145   Thumb Code     8  startup_stm32f10x_hd.o(.text)
    ADC1_2_IRQHandler                        0x0800015f   Thumb Code     0  startup_stm32f10x_hd.o(.text)
    ADC3_IRQHandler                          0x0800015f   Thumb Code     0  startup_stm32f10x_hd.o(.text)
    CAN1_RX1_IRQHandler                      0x0800015f   Thumb Code     0  startup_stm32f10x_hd.o(.text)
    CAN1_SCE_IRQHandler                      0x0800015f   Thumb Code     0  startup_stm32f10x_hd.o(.text)
    DMA1_Channel1_IRQHandler                 0x0800015f   Thumb Code     0  startup_stm32f10x_hd.o(.text)
    DMA1_Channel2_IRQHandler                 0x0800015f   Thumb Code     0  startup_stm32f10x_hd.o(.text)
    DMA1_Channel3_IRQHandler                 0x0800015f   Thumb Code     0  startup_stm32f10x_hd.o(.text)
    DMA1_Channel4_IRQHandler                 0x0800015f   Thumb Code     0  startup_stm32f10x_hd.o(.text)
    DMA1_Channel5_IRQHandler                 0x0800015f   Thumb Code     0  startup_stm32f10x_hd.o(.text)
    DMA1_Channel6_IRQHandler                 0x0800015f   Thumb Code     0  startup_stm32f10x_hd.o(.text)
    DMA1_Channel7_IRQHandler                 0x0800015f   Thumb Code     0  startup_stm32f10x_hd.o(.text)
    DMA2_Channel1_IRQHandler                 0x0800015f   Thumb Code     0  startup_stm32f10x_hd.o(.text)
    DMA2_Channel2_IRQHandler                 0x0800015f   Thumb Code     0  startup_stm32f10x_hd.o(.text)
    DMA2_Channel3_IRQHandler                 0x0800015f   Thumb Code     0  startup_stm32f10x_hd.o(.text)
    DMA2_Channel4_5_IRQHandler               0x0800015f   Thumb Code     0  startup_stm32f10x_hd.o(.text)
    EXTI0_IRQHandler                         0x0800015f   Thumb Code     0  startup_stm32f10x_hd.o(.text)
    EXTI15_10_IRQHandler                     0x0800015f   Thumb Code     0  startup_stm32f10x_hd.o(.text)
    EXTI1_IRQHandler                         0x0800015f   Thumb Code     0  startup_stm32f10x_hd.o(.text)
    EXTI2_IRQHandler                         0x0800015f   Thumb Code     0  startup_stm32f10x_hd.o(.text)
    EXTI3_IRQHandler                         0x0800015f   Thumb Code     0  startup_stm32f10x_hd.o(.text)
    EXTI4_IRQHandler                         0x0800015f   Thumb Code     0  startup_stm32f10x_hd.o(.text)
    EXTI9_5_IRQHandler                       0x0800015f   Thumb Code     0  startup_stm32f10x_hd.o(.text)
    FLASH_IRQHandler                         0x0800015f   Thumb Code     0  startup_stm32f10x_hd.o(.text)
    FSMC_IRQHandler                          0x0800015f   Thumb Code     0  startup_stm32f10x_hd.o(.text)
    I2C1_ER_IRQHandler                       0x0800015f   Thumb Code     0  startup_stm32f10x_hd.o(.text)
    I2C1_EV_IRQHandler                       0x0800015f   Thumb Code     0  startup_stm32f10x_hd.o(.text)
    I2C2_ER_IRQHandler                       0x0800015f   Thumb Code     0  startup_stm32f10x_hd.o(.text)
    I2C2_EV_IRQHandler                       0x0800015f   Thumb Code     0  startup_stm32f10x_hd.o(.text)
    PVD_IRQHandler                           0x0800015f   Thumb Code     0  startup_stm32f10x_hd.o(.text)
    RCC_IRQHandler                           0x0800015f   Thumb Code     0  startup_stm32f10x_hd.o(.text)
    RTCAlarm_IRQHandler                      0x0800015f   Thumb Code     0  startup_stm32f10x_hd.o(.text)
    RTC_IRQHandler                           0x0800015f   Thumb Code     0  startup_stm32f10x_hd.o(.text)
    SDIO_IRQHandler                          0x0800015f   Thumb Code     0  startup_stm32f10x_hd.o(.text)
    SPI1_IRQHandler                          0x0800015f   Thumb Code     0  startup_stm32f10x_hd.o(.text)
    SPI2_IRQHandler                          0x0800015f   Thumb Code     0  startup_stm32f10x_hd.o(.text)
    SPI3_IRQHandler                          0x0800015f   Thumb Code     0  startup_stm32f10x_hd.o(.text)
    TAMPER_IRQHandler                        0x0800015f   Thumb Code     0  startup_stm32f10x_hd.o(.text)
    TIM1_BRK_IRQHandler                      0x0800015f   Thumb Code     0  startup_stm32f10x_hd.o(.text)
    TIM1_CC_IRQHandler                       0x0800015f   Thumb Code     0  startup_stm32f10x_hd.o(.text)
    TIM1_TRG_COM_IRQHandler                  0x0800015f   Thumb Code     0  startup_stm32f10x_hd.o(.text)
    TIM1_UP_IRQHandler                       0x0800015f   Thumb Code     0  startup_stm32f10x_hd.o(.text)
    TIM3_IRQHandler                          0x0800015f   Thumb Code     0  startup_stm32f10x_hd.o(.text)
    TIM4_IRQHandler                          0x0800015f   Thumb Code     0  startup_stm32f10x_hd.o(.text)
    TIM5_IRQHandler                          0x0800015f   Thumb Code     0  startup_stm32f10x_hd.o(.text)
    TIM6_IRQHandler                          0x0800015f   Thumb Code     0  startup_stm32f10x_hd.o(.text)
    TIM8_BRK_IRQHandler                      0x0800015f   Thumb Code     0  startup_stm32f10x_hd.o(.text)
    TIM8_CC_IRQHandler                       0x0800015f   Thumb Code     0  startup_stm32f10x_hd.o(.text)
    TIM8_TRG_COM_IRQHandler                  0x0800015f   Thumb Code     0  startup_stm32f10x_hd.o(.text)
    TIM8_UP_IRQHandler                       0x0800015f   Thumb Code     0  startup_stm32f10x_hd.o(.text)
    UART4_IRQHandler                         0x0800015f   Thumb Code     0  startup_stm32f10x_hd.o(.text)
    UART5_IRQHandler                         0x0800015f   Thumb Code     0  startup_stm32f10x_hd.o(.text)
    USBWakeUp_IRQHandler                     0x0800015f   Thumb Code     0  startup_stm32f10x_hd.o(.text)
    USB_HP_CAN1_TX_IRQHandler                0x0800015f   Thumb Code     0  startup_stm32f10x_hd.o(.text)
    USB_LP_CAN1_RX0_IRQHandler               0x0800015f   Thumb Code     0  startup_stm32f10x_hd.o(.text)
    WWDG_IRQHandler                          0x0800015f   Thumb Code     0  startup_stm32f10x_hd.o(.text)
    SystemInit                               0x08000247   Thumb Code    78  system_stm32f10x.o(.text)
    SystemCoreClockUpdate                    0x08000295   Thumb Code   142  system_stm32f10x.o(.text)
    NVIC_PriorityGroupConfig                 0x08000349   Thumb Code    10  misc.o(.text)
    NVIC_Init                                0x08000353   Thumb Code   100  misc.o(.text)
    NVIC_SetVectorTable                      0x080003b7   Thumb Code    14  misc.o(.text)
    NVIC_SystemLPConfig                      0x080003c5   Thumb Code    34  misc.o(.text)
    SysTick_CLKSourceConfig                  0x080003e7   Thumb Code    40  misc.o(.text)
    FLASH_SetLatency                         0x08000425   Thumb Code    18  stm32f10x_flash.o(.text)
    FLASH_HalfCycleAccessCmd                 0x08000437   Thumb Code    22  stm32f10x_flash.o(.text)
    FLASH_PrefetchBufferCmd                  0x0800044d   Thumb Code    22  stm32f10x_flash.o(.text)
    FLASH_Unlock                             0x08000463   Thumb Code    12  stm32f10x_flash.o(.text)
    FLASH_UnlockBank1                        0x0800046f   Thumb Code    12  stm32f10x_flash.o(.text)
    FLASH_Lock                               0x0800047b   Thumb Code    14  stm32f10x_flash.o(.text)
    FLASH_LockBank1                          0x08000489   Thumb Code    14  stm32f10x_flash.o(.text)
    FLASH_GetBank1Status                     0x08000497   Thumb Code    48  stm32f10x_flash.o(.text)
    FLASH_WaitForLastOperation               0x080004c7   Thumb Code    38  stm32f10x_flash.o(.text)
    FLASH_ErasePage                          0x080004ed   Thumb Code    72  stm32f10x_flash.o(.text)
    FLASH_EraseAllPages                      0x08000535   Thumb Code    68  stm32f10x_flash.o(.text)
    FLASH_WaitForLastBank1Operation          0x08000579   Thumb Code    38  stm32f10x_flash.o(.text)
    FLASH_EraseAllBank1Pages                 0x0800059f   Thumb Code    68  stm32f10x_flash.o(.text)
    FLASH_GetReadOutProtectionStatus         0x080005e3   Thumb Code    20  stm32f10x_flash.o(.text)
    FLASH_EraseOptionBytes                   0x080005f7   Thumb Code   150  stm32f10x_flash.o(.text)
    FLASH_ProgramWord                        0x0800068d   Thumb Code   102  stm32f10x_flash.o(.text)
    FLASH_ProgramHalfWord                    0x080006f3   Thumb Code    60  stm32f10x_flash.o(.text)
    FLASH_ProgramOptionByteData              0x0800072f   Thumb Code    72  stm32f10x_flash.o(.text)
    FLASH_EnableWriteProtection              0x08000777   Thumb Code   200  stm32f10x_flash.o(.text)
    FLASH_ReadOutProtection                  0x0800083f   Thumb Code   156  stm32f10x_flash.o(.text)
    FLASH_UserOptionByteConfig               0x080008db   Thumb Code    88  stm32f10x_flash.o(.text)
    FLASH_GetUserOptionByte                  0x08000933   Thumb Code     8  stm32f10x_flash.o(.text)
    FLASH_GetWriteProtectionOptionByte       0x0800093b   Thumb Code     6  stm32f10x_flash.o(.text)
    FLASH_GetPrefetchBufferStatus            0x08000941   Thumb Code    20  stm32f10x_flash.o(.text)
    FLASH_ITConfig                           0x08000955   Thumb Code    26  stm32f10x_flash.o(.text)
    FLASH_GetFlagStatus                      0x0800096f   Thumb Code    42  stm32f10x_flash.o(.text)
    FLASH_ClearFlag                          0x08000999   Thumb Code     6  stm32f10x_flash.o(.text)
    FLASH_GetStatus                          0x0800099f   Thumb Code    48  stm32f10x_flash.o(.text)
    GPIO_DeInit                              0x080009e1   Thumb Code   172  stm32f10x_gpio.o(.text)
    GPIO_AFIODeInit                          0x08000a8d   Thumb Code    20  stm32f10x_gpio.o(.text)
    GPIO_Init                                0x08000aa1   Thumb Code   278  stm32f10x_gpio.o(.text)
    GPIO_StructInit                          0x08000bb7   Thumb Code    16  stm32f10x_gpio.o(.text)
    GPIO_ReadInputDataBit                    0x08000bc7   Thumb Code    18  stm32f10x_gpio.o(.text)
    GPIO_ReadInputData                       0x08000bd9   Thumb Code     8  stm32f10x_gpio.o(.text)
    GPIO_ReadOutputDataBit                   0x08000be1   Thumb Code    18  stm32f10x_gpio.o(.text)
    GPIO_ReadOutputData                      0x08000bf3   Thumb Code     8  stm32f10x_gpio.o(.text)
    GPIO_SetBits                             0x08000bfb   Thumb Code     4  stm32f10x_gpio.o(.text)
    GPIO_ResetBits                           0x08000bff   Thumb Code     4  stm32f10x_gpio.o(.text)
    GPIO_WriteBit                            0x08000c03   Thumb Code    10  stm32f10x_gpio.o(.text)
    GPIO_Write                               0x08000c0d   Thumb Code     4  stm32f10x_gpio.o(.text)
    GPIO_PinLockConfig                       0x08000c11   Thumb Code    18  stm32f10x_gpio.o(.text)
    GPIO_EventOutputConfig                   0x08000c23   Thumb Code    26  stm32f10x_gpio.o(.text)
    GPIO_EventOutputCmd                      0x08000c3d   Thumb Code     6  stm32f10x_gpio.o(.text)
    GPIO_PinRemapConfig                      0x08000c43   Thumb Code   138  stm32f10x_gpio.o(.text)
    GPIO_EXTILineConfig                      0x08000ccd   Thumb Code    66  stm32f10x_gpio.o(.text)
    GPIO_ETH_MediaInterfaceConfig            0x08000d0f   Thumb Code     8  stm32f10x_gpio.o(.text)
    RCC_DeInit                               0x08000d3d   Thumb Code    64  stm32f10x_rcc.o(.text)
    RCC_HSEConfig                            0x08000d7d   Thumb Code    70  stm32f10x_rcc.o(.text)
    RCC_GetFlagStatus                        0x08000dc3   Thumb Code    56  stm32f10x_rcc.o(.text)
    RCC_WaitForHSEStartUp                    0x08000dfb   Thumb Code    56  stm32f10x_rcc.o(.text)
    RCC_AdjustHSICalibrationValue            0x08000e33   Thumb Code    20  stm32f10x_rcc.o(.text)
    RCC_HSICmd                               0x08000e47   Thumb Code     6  stm32f10x_rcc.o(.text)
    RCC_PLLConfig                            0x08000e4d   Thumb Code    24  stm32f10x_rcc.o(.text)
    RCC_PLLCmd                               0x08000e65   Thumb Code     6  stm32f10x_rcc.o(.text)
    RCC_SYSCLKConfig                         0x08000e6b   Thumb Code    18  stm32f10x_rcc.o(.text)
    RCC_GetSYSCLKSource                      0x08000e7d   Thumb Code    10  stm32f10x_rcc.o(.text)
    RCC_HCLKConfig                           0x08000e87   Thumb Code    18  stm32f10x_rcc.o(.text)
    RCC_PCLK1Config                          0x08000e99   Thumb Code    18  stm32f10x_rcc.o(.text)
    RCC_PCLK2Config                          0x08000eab   Thumb Code    20  stm32f10x_rcc.o(.text)
    RCC_ITConfig                             0x08000ebf   Thumb Code    26  stm32f10x_rcc.o(.text)
    RCC_USBCLKConfig                         0x08000ed9   Thumb Code     8  stm32f10x_rcc.o(.text)
    RCC_ADCCLKConfig                         0x08000ee1   Thumb Code    18  stm32f10x_rcc.o(.text)
    RCC_LSEConfig                            0x08000ef3   Thumb Code    50  stm32f10x_rcc.o(.text)
    RCC_LSICmd                               0x08000f25   Thumb Code     6  stm32f10x_rcc.o(.text)
    RCC_RTCCLKConfig                         0x08000f2b   Thumb Code    12  stm32f10x_rcc.o(.text)
    RCC_RTCCLKCmd                            0x08000f37   Thumb Code     8  stm32f10x_rcc.o(.text)
    RCC_GetClocksFreq                        0x08000f3f   Thumb Code   192  stm32f10x_rcc.o(.text)
    RCC_AHBPeriphClockCmd                    0x08000fff   Thumb Code    26  stm32f10x_rcc.o(.text)
    RCC_APB2PeriphClockCmd                   0x08001019   Thumb Code    26  stm32f10x_rcc.o(.text)
    RCC_APB1PeriphClockCmd                   0x08001033   Thumb Code    26  stm32f10x_rcc.o(.text)
    RCC_APB2PeriphResetCmd                   0x0800104d   Thumb Code    26  stm32f10x_rcc.o(.text)
    RCC_APB1PeriphResetCmd                   0x08001067   Thumb Code    26  stm32f10x_rcc.o(.text)
    RCC_BackupResetCmd                       0x08001081   Thumb Code     8  stm32f10x_rcc.o(.text)
    RCC_ClockSecuritySystemCmd               0x08001089   Thumb Code     6  stm32f10x_rcc.o(.text)
    RCC_MCOConfig                            0x0800108f   Thumb Code     6  stm32f10x_rcc.o(.text)
    RCC_ClearFlag                            0x08001095   Thumb Code    14  stm32f10x_rcc.o(.text)
    RCC_GetITStatus                          0x080010a3   Thumb Code    20  stm32f10x_rcc.o(.text)
    RCC_ClearITPendingBit                    0x080010b7   Thumb Code     6  stm32f10x_rcc.o(.text)
    TIM_DeInit                               0x080010e1   Thumb Code   424  stm32f10x_tim.o(.text)
    TIM_TimeBaseInit                         0x08001289   Thumb Code   122  stm32f10x_tim.o(.text)
    TIM_OC1Init                              0x08001303   Thumb Code   132  stm32f10x_tim.o(.text)
    TIM_OC2Init                              0x08001387   Thumb Code   154  stm32f10x_tim.o(.text)
    TIM_OC3Init                              0x08001421   Thumb Code   150  stm32f10x_tim.o(.text)
    TIM_OC4Init                              0x080014b7   Thumb Code   182  stm32f10x_tim.o(.text)
    TIM_SetIC4Prescaler                      0x0800156d   Thumb Code    26  stm32f10x_tim.o(.text)
    TIM_SetIC3Prescaler                      0x08001609   Thumb Code    18  stm32f10x_tim.o(.text)
    TIM_SetIC2Prescaler                      0x08001695   Thumb Code    26  stm32f10x_tim.o(.text)
    TIM_SetIC1Prescaler                      0x08001731   Thumb Code    18  stm32f10x_tim.o(.text)
    TIM_ICInit                               0x080017af   Thumb Code   150  stm32f10x_tim.o(.text)
    TIM_PWMIConfig                           0x08001845   Thumb Code   124  stm32f10x_tim.o(.text)
    TIM_BDTRConfig                           0x080018c1   Thumb Code    32  stm32f10x_tim.o(.text)
    TIM_TimeBaseStructInit                   0x080018e1   Thumb Code    18  stm32f10x_tim.o(.text)
    TIM_OCStructInit                         0x080018f3   Thumb Code    20  stm32f10x_tim.o(.text)
    TIM_ICStructInit                         0x08001907   Thumb Code    18  stm32f10x_tim.o(.text)
    TIM_BDTRStructInit                       0x08001919   Thumb Code    40  stm32f10x_tim.o(.text)
    TIM_Cmd                                  0x08001941   Thumb Code    24  stm32f10x_tim.o(.text)
    TIM_CtrlPWMOutputs                       0x08001959   Thumb Code    30  stm32f10x_tim.o(.text)
    TIM_ITConfig                             0x08001977   Thumb Code    18  stm32f10x_tim.o(.text)
    TIM_GenerateEvent                        0x08001989   Thumb Code     4  stm32f10x_tim.o(.text)
    TIM_DMAConfig                            0x0800198d   Thumb Code    10  stm32f10x_tim.o(.text)
    TIM_DMACmd                               0x08001997   Thumb Code    18  stm32f10x_tim.o(.text)
    TIM_InternalClockConfig                  0x080019a9   Thumb Code    12  stm32f10x_tim.o(.text)
    TIM_SelectInputTrigger                   0x080019b5   Thumb Code    18  stm32f10x_tim.o(.text)
    TIM_ITRxExternalClockConfig              0x080019c7   Thumb Code    24  stm32f10x_tim.o(.text)
    TIM_TIxExternalClockConfig               0x080019df   Thumb Code    62  stm32f10x_tim.o(.text)
    TIM_ETRConfig                            0x08001a1d   Thumb Code    28  stm32f10x_tim.o(.text)
    TIM_ETRClockMode1Config                  0x08001a39   Thumb Code    54  stm32f10x_tim.o(.text)
    TIM_ETRClockMode2Config                  0x08001a6f   Thumb Code    32  stm32f10x_tim.o(.text)
    TIM_PrescalerConfig                      0x08001a8f   Thumb Code     6  stm32f10x_tim.o(.text)
    TIM_CounterModeConfig                    0x08001a95   Thumb Code    18  stm32f10x_tim.o(.text)
    TIM_EncoderInterfaceConfig               0x08001aa7   Thumb Code    66  stm32f10x_tim.o(.text)
    TIM_ForcedOC1Config                      0x08001ae9   Thumb Code    18  stm32f10x_tim.o(.text)
    TIM_ForcedOC2Config                      0x08001afb   Thumb Code    26  stm32f10x_tim.o(.text)
    TIM_ForcedOC3Config                      0x08001b15   Thumb Code    18  stm32f10x_tim.o(.text)
    TIM_ForcedOC4Config                      0x08001b27   Thumb Code    26  stm32f10x_tim.o(.text)
    TIM_ARRPreloadConfig                     0x08001b41   Thumb Code    24  stm32f10x_tim.o(.text)
    TIM_SelectCOM                            0x08001b59   Thumb Code    24  stm32f10x_tim.o(.text)
    TIM_SelectCCDMA                          0x08001b71   Thumb Code    24  stm32f10x_tim.o(.text)
    TIM_CCPreloadControl                     0x08001b89   Thumb Code    24  stm32f10x_tim.o(.text)
    TIM_OC1PreloadConfig                     0x08001ba1   Thumb Code    18  stm32f10x_tim.o(.text)
    TIM_OC2PreloadConfig                     0x08001bb3   Thumb Code    26  stm32f10x_tim.o(.text)
    TIM_OC3PreloadConfig                     0x08001bcd   Thumb Code    18  stm32f10x_tim.o(.text)
    TIM_OC4PreloadConfig                     0x08001bdf   Thumb Code    26  stm32f10x_tim.o(.text)
    TIM_OC1FastConfig                        0x08001bf9   Thumb Code    18  stm32f10x_tim.o(.text)
    TIM_OC2FastConfig                        0x08001c0b   Thumb Code    26  stm32f10x_tim.o(.text)
    TIM_OC3FastConfig                        0x08001c25   Thumb Code    18  stm32f10x_tim.o(.text)
    TIM_OC4FastConfig                        0x08001c37   Thumb Code    26  stm32f10x_tim.o(.text)
    TIM_ClearOC1Ref                          0x08001c51   Thumb Code    18  stm32f10x_tim.o(.text)
    TIM_ClearOC2Ref                          0x08001c63   Thumb Code    24  stm32f10x_tim.o(.text)
    TIM_ClearOC3Ref                          0x08001c7b   Thumb Code    18  stm32f10x_tim.o(.text)
    TIM_ClearOC4Ref                          0x08001c8d   Thumb Code    24  stm32f10x_tim.o(.text)
    TIM_OC1PolarityConfig                    0x08001ca5   Thumb Code    18  stm32f10x_tim.o(.text)
    TIM_OC1NPolarityConfig                   0x08001cb7   Thumb Code    18  stm32f10x_tim.o(.text)
    TIM_OC2PolarityConfig                    0x08001cc9   Thumb Code    26  stm32f10x_tim.o(.text)
    TIM_OC2NPolarityConfig                   0x08001ce3   Thumb Code    26  stm32f10x_tim.o(.text)
    TIM_OC3PolarityConfig                    0x08001cfd   Thumb Code    26  stm32f10x_tim.o(.text)
    TIM_OC3NPolarityConfig                   0x08001d17   Thumb Code    26  stm32f10x_tim.o(.text)
    TIM_OC4PolarityConfig                    0x08001d31   Thumb Code    26  stm32f10x_tim.o(.text)
    TIM_CCxCmd                               0x08001d4b   Thumb Code    30  stm32f10x_tim.o(.text)
    TIM_CCxNCmd                              0x08001d69   Thumb Code    30  stm32f10x_tim.o(.text)
    TIM_SelectOCxM                           0x08001d87   Thumb Code    82  stm32f10x_tim.o(.text)
    TIM_UpdateDisableConfig                  0x08001dd9   Thumb Code    24  stm32f10x_tim.o(.text)
    TIM_UpdateRequestConfig                  0x08001df1   Thumb Code    24  stm32f10x_tim.o(.text)
    TIM_SelectHallSensor                     0x08001e09   Thumb Code    24  stm32f10x_tim.o(.text)
    TIM_SelectOnePulseMode                   0x08001e21   Thumb Code    18  stm32f10x_tim.o(.text)
    TIM_SelectOutputTrigger                  0x08001e33   Thumb Code    18  stm32f10x_tim.o(.text)
    TIM_SelectSlaveMode                      0x08001e45   Thumb Code    18  stm32f10x_tim.o(.text)
    TIM_SelectMasterSlaveMode                0x08001e57   Thumb Code    18  stm32f10x_tim.o(.text)
    TIM_SetCounter                           0x08001e69   Thumb Code     4  stm32f10x_tim.o(.text)
    TIM_SetAutoreload                        0x08001e6d   Thumb Code     4  stm32f10x_tim.o(.text)
    TIM_SetCompare1                          0x08001e71   Thumb Code     4  stm32f10x_tim.o(.text)
    TIM_SetCompare2                          0x08001e75   Thumb Code     4  stm32f10x_tim.o(.text)
    TIM_SetCompare3                          0x08001e79   Thumb Code     4  stm32f10x_tim.o(.text)
    TIM_SetCompare4                          0x08001e7d   Thumb Code     6  stm32f10x_tim.o(.text)
    TIM_SetClockDivision                     0x08001e83   Thumb Code    18  stm32f10x_tim.o(.text)
    TIM_GetCapture1                          0x08001e95   Thumb Code     6  stm32f10x_tim.o(.text)
    TIM_GetCapture2                          0x08001e9b   Thumb Code     6  stm32f10x_tim.o(.text)
    TIM_GetCapture3                          0x08001ea1   Thumb Code     6  stm32f10x_tim.o(.text)
    TIM_GetCapture4                          0x08001ea7   Thumb Code     8  stm32f10x_tim.o(.text)
    TIM_GetCounter                           0x08001eaf   Thumb Code     6  stm32f10x_tim.o(.text)
    TIM_GetPrescaler                         0x08001eb5   Thumb Code     6  stm32f10x_tim.o(.text)
    TIM_GetFlagStatus                        0x08001ebb   Thumb Code    18  stm32f10x_tim.o(.text)
    TIM_ClearFlag                            0x08001ecd   Thumb Code     6  stm32f10x_tim.o(.text)
    TIM_GetITStatus                          0x08001ed3   Thumb Code    34  stm32f10x_tim.o(.text)
    TIM_ClearITPendingBit                    0x08001ef5   Thumb Code     6  stm32f10x_tim.o(.text)
    USART_DeInit                             0x08001efd   Thumb Code   134  stm32f10x_usart.o(.text)
    USART_Init                               0x08001f83   Thumb Code   210  stm32f10x_usart.o(.text)
    USART_StructInit                         0x08002055   Thumb Code    24  stm32f10x_usart.o(.text)
    USART_ClockInit                          0x0800206d   Thumb Code    34  stm32f10x_usart.o(.text)
    USART_ClockStructInit                    0x0800208f   Thumb Code    12  stm32f10x_usart.o(.text)
    USART_Cmd                                0x0800209b   Thumb Code    24  stm32f10x_usart.o(.text)
    USART_ITConfig                           0x080020b3   Thumb Code    74  stm32f10x_usart.o(.text)
    USART_DMACmd                             0x080020fd   Thumb Code    18  stm32f10x_usart.o(.text)
    USART_SetAddress                         0x0800210f   Thumb Code    18  stm32f10x_usart.o(.text)
    USART_WakeUpConfig                       0x08002121   Thumb Code    18  stm32f10x_usart.o(.text)
    USART_ReceiverWakeUpCmd                  0x08002133   Thumb Code    24  stm32f10x_usart.o(.text)
    USART_LINBreakDetectLengthConfig         0x0800214b   Thumb Code    18  stm32f10x_usart.o(.text)
    USART_LINCmd                             0x0800215d   Thumb Code    24  stm32f10x_usart.o(.text)
    USART_SendData                           0x08002175   Thumb Code     8  stm32f10x_usart.o(.text)
    USART_ReceiveData                        0x0800217d   Thumb Code    10  stm32f10x_usart.o(.text)
    USART_SendBreak                          0x08002187   Thumb Code    10  stm32f10x_usart.o(.text)
    USART_SetGuardTime                       0x08002191   Thumb Code    16  stm32f10x_usart.o(.text)
    USART_SetPrescaler                       0x080021a1   Thumb Code    16  stm32f10x_usart.o(.text)
    USART_SmartCardCmd                       0x080021b1   Thumb Code    24  stm32f10x_usart.o(.text)
    USART_SmartCardNACKCmd                   0x080021c9   Thumb Code    24  stm32f10x_usart.o(.text)
    USART_HalfDuplexCmd                      0x080021e1   Thumb Code    24  stm32f10x_usart.o(.text)
    USART_OverSampling8Cmd                   0x080021f9   Thumb Code    22  stm32f10x_usart.o(.text)
    USART_OneBitMethodCmd                    0x0800220f   Thumb Code    24  stm32f10x_usart.o(.text)
    USART_IrDAConfig                         0x08002227   Thumb Code    18  stm32f10x_usart.o(.text)
    USART_IrDACmd                            0x08002239   Thumb Code    24  stm32f10x_usart.o(.text)
    USART_GetFlagStatus                      0x08002251   Thumb Code    26  stm32f10x_usart.o(.text)
    USART_ClearFlag                          0x0800226b   Thumb Code    18  stm32f10x_usart.o(.text)
    USART_GetITStatus                        0x0800227d   Thumb Code    84  stm32f10x_usart.o(.text)
    USART_ClearITPendingBit                  0x080022d1   Thumb Code    52  stm32f10x_usart.o(.text)
    main                                     0x08002305   Thumb Code    50  main.o(.text)
    NMI_Handler                              0x08002361   Thumb Code     2  stm32f10x_it.o(.text)
    HardFault_Handler                        0x08002363   Thumb Code     4  stm32f10x_it.o(.text)
    MemManage_Handler                        0x08002367   Thumb Code     4  stm32f10x_it.o(.text)
    BusFault_Handler                         0x0800236b   Thumb Code     4  stm32f10x_it.o(.text)
    UsageFault_Handler                       0x0800236f   Thumb Code     4  stm32f10x_it.o(.text)
    SVC_Handler                              0x08002373   Thumb Code     2  stm32f10x_it.o(.text)
    DebugMon_Handler                         0x08002375   Thumb Code     2  stm32f10x_it.o(.text)
    PendSV_Handler                           0x08002377   Thumb Code     2  stm32f10x_it.o(.text)
    SysTick_Handler                          0x08002379   Thumb Code    16  stm32f10x_it.o(.text)
    TIM7_IRQHandler                          0x08002389   Thumb Code    32  stm32f10x_it.o(.text)
    SysTick_init                             0x080023b1   Thumb Code    84  bsp.o(.text)
    BSP_Init                                 0x08002405   Thumb Code   250  bsp.o(.text)
    LED_GPIO_Config                          0x08002595   Thumb Code    82  bsp_led.o(.text)
    BT_Send                                  0x080025f1   Thumb Code    62  bluetooth.o(.text)
    BLUETOOTH_GPIO_Config                    0x0800262f   Thumb Code   140  bluetooth.o(.text)
    USART3_NVIC_Config                       0x080026bb   Thumb Code    42  bluetooth.o(.text)
    RX_BUF_Clear                             0x080026e5   Thumb Code    18  bluetooth.o(.text)
    u3_printf                                0x080026f7   Thumb Code    72  bluetooth.o(.text)
    Command_Read                             0x0800273f   Thumb Code   122  bluetooth.o(.text)
    USART3_IRQHandler                        0x080027b9   Thumb Code   104  bluetooth.o(.text)
    GPS_GPIO_init                            0x080028ad   Thumb Code   170  gps.o(.text)
    USART2_NVIC_Config                       0x08002957   Thumb Code    42  gps.o(.text)
    clear                                    0x08002981   Thumb Code    22  gps.o(.text)
    Gps_Msg_Show                             0x08002997   Thumb Code   138  gps.o(.text)
    NMEA_Pow                                 0x08002a21   Thumb Code    22  gps.o(.text)
    NMEA_Str2num                             0x08002a37   Thumb Code   234  gps.o(.text)
    NMEA_Comma_Pos                           0x08002b21   Thumb Code    50  gps.o(.text)
    NMEA_GPRMC_Analysis                      0x08002b53   Thumb Code   686  gps.o(.text)
    NMEA_GPGGA_Analysis                      0x08002e01   Thumb Code    96  gps.o(.text)
    GPS_Analysis                             0x08002e61   Thumb Code    24  gps.o(.text)
    GPS_Read                                 0x08002e79   Thumb Code    58  gps.o(.text)
    USART2_IRQHandler                        0x08002eb3   Thumb Code   128  gps.o(.text)
    Moto_PwmRflash                           0x08002f55   Thumb Code    84  motor.o(.text)
    Motor_GPIO_init                          0x08002fa9   Thumb Code    40  motor.o(.text)
    Motor_TIM_init                           0x08002fd1   Thumb Code   210  motor.o(.text)
    Motor_PWM_ALL                            0x080030a3   Thumb Code    88  motor.o(.text)
    Motor_PWM_SEPRATE                        0x080030fb   Thumb Code    90  motor.o(.text)
    Rev_GPIO_init                            0x0800315d   Thumb Code    54  rev.o(.text)
    Rev_NVIC_TIM_init                        0x08003193   Thumb Code   238  rev.o(.text)
    TIM2_IRQHandler                          0x08003281   Thumb Code   646  rev.o(.text)
    delay_ms                                 0x0800356d   Thumb Code    42  tim7.o(.text)
    tim7_init                                0x08003597   Thumb Code   114  tim7.o(.text)
    USART1_Config                            0x08003611   Thumb Code   114  usart1.o(.text)
    USART1_NVIC_Config                       0x08003683   Thumb Code    40  usart1.o(.text)
    fputc                                    0x080036ab   Thumb Code    32  usart1.o(.text)
    fgetc                                    0x080036cb   Thumb Code    26  usart1.o(.text)
    USART1_IRQHandler                        0x080036e5   Thumb Code   146  usart1.o(.text)
    MPU6050_Dataanl                          0x0800378d   Thumb Code   512  mpu6050.o(.text)
    MPU6050_Read                             0x0800398d   Thumb Code   172  mpu6050.o(.text)
    MPU6050_WHO_AM_I                         0x08003a39   Thumb Code    44  mpu6050.o(.text)
    MPU6050_Init                             0x08003a65   Thumb Code   114  mpu6050.o(.text)
    Prepare_Data                             0x08003b4d   Thumb Code   170  imu.o(.text)
    AHRSupdate                               0x08003bf7   Thumb Code  2920  imu.o(.text)
    Get_Attitude                             0x0800475f   Thumb Code   662  imu.o(.text)
    IMUupdate                                0x080049f5   Thumb Code  1642  imu.o(.text)
    InitCurrWrAddress                        0x08005101   Thumb Code    92  eeprom.o(.text)
    EE_ReadVariable                          0x0800520f   Thumb Code    88  eeprom.o(.text)
    __EE_Init                                0x08005267   Thumb Code   488  eeprom.o(.text)
    EE_Init                                  0x0800544f   Thumb Code    16  eeprom.o(.text)
    EE_WriteVariable                         0x08005555   Thumb Code    36  eeprom.o(.text)
    EE_INIT                                  0x08005589   Thumb Code     8  flash.o(.text)
    EE_SAVE_PID                              0x08005591   Thumb Code   472  flash.o(.text)
    EE_READ_PID                              0x08005769   Thumb Code   454  flash.o(.text)
    EE_READ_PID_Send                         0x0800592f   Thumb Code    48  flash.o(.text)
    delay2                                   0x0800598d   Thumb Code    12  i2cdev.o(.text)
    delay_nop                                0x08005999   Thumb Code    14  i2cdev.o(.text)
    iic_start                                0x080059a7   Thumb Code    60  i2cdev.o(.text)
    iic_stop                                 0x080059e3   Thumb Code    46  i2cdev.o(.text)
    iic_writex                               0x08005a11   Thumb Code   116  i2cdev.o(.text)
    iic_SDA_Set_Dir                          0x08005a85   Thumb Code    62  i2cdev.o(.text)
    iic_readx                                0x08005ac3   Thumb Code   114  i2cdev.o(.text)
    iic_check_ACK                            0x08005b35   Thumb Code    72  i2cdev.o(.text)
    I2C_Ack                                  0x08005b7d   Thumb Code    60  i2cdev.o(.text)
    I2C_NoAck                                0x08005bb9   Thumb Code    60  i2cdev.o(.text)
    I2C_ReadByte                             0x08005bf5   Thumb Code    66  i2cdev.o(.text)
    I2C_WriteByte                            0x08005c37   Thumb Code    54  i2cdev.o(.text)
    I2C_NoAddr_WriteByte                     0x08005c6d   Thumb Code    42  i2cdev.o(.text)
    I2C_Read_MultiBytes                      0x08005c97   Thumb Code   102  i2cdev.o(.text)
    I2C_Read_2Bytes                          0x08005cfd   Thumb Code    88  i2cdev.o(.text)
    I2C_Read_3Bytes                          0x08005d55   Thumb Code   112  i2cdev.o(.text)
    I2C_GPIO_Configuration                   0x08005dc5   Thumb Code    68  i2cdev.o(.text)
    Identify_HMC5883L                        0x08005e0d   Thumb Code    66  hmc5883l.o(.text)
    Read_HMC5883L                            0x08005e4f   Thumb Code   136  hmc5883l.o(.text)
    Init_HMC5883L                            0x08005ed7   Thumb Code    60  hmc5883l.o(.text)
    HMC58X3_Offset                           0x08005f13   Thumb Code    88  hmc5883l.o(.text)
    Initialize_Cal_Variables                 0x08005f6b   Thumb Code    26  hmc5883l.o(.text)
    Calibrate                                0x08005f85   Thumb Code    88  hmc5883l.o(.text)
    Compute_and_Save                         0x08005fdd   Thumb Code   176  hmc5883l.o(.text)
    Hard_Iron_Correction                     0x0800608d   Thumb Code    50  hmc5883l.o(.text)
    HMC5883L_Self_Test                       0x080060bf   Thumb Code     2  hmc5883l.o(.text)
    Task_Start                               0x08006159   Thumb Code    54  app.o(.text)
    OS_StrCopy                               0x080061a9   Thumb Code    28  os_core.o(.text)
    OSEventNameGet                           0x080061c5   Thumb Code   100  os_core.o(.text)
    OS_StrLen                                0x08006229   Thumb Code    20  os_core.o(.text)
    OSEventNameSet                           0x0800623d   Thumb Code   120  os_core.o(.text)
    OS_TaskStatStkChk                        0x080062b5   Thumb Code    54  os_core.o(.text)
    OS_TaskStat                              0x080062eb   Thumb Code   114  os_core.o(.text)
    OS_TaskIdle                              0x08006391   Thumb Code    32  os_core.o(.text)
    OS_MemClr                                0x080063e5   Thumb Code    18  os_core.o(.text)
    OSInit                                   0x080064ed   Thumb Code    36  os_core.o(.text)
    OSIntEnter                               0x08006511   Thumb Code    28  os_core.o(.text)
    OSIntExit                                0x08006547   Thumb Code   258  os_core.o(.text)
    OSSchedLock                              0x08006649   Thumb Code    50  os_core.o(.text)
    OS_Sched                                 0x0800667b   Thumb Code    86  os_core.o(.text)
    OSSchedUnlock                            0x080066d1   Thumb Code    84  os_core.o(.text)
    OSStart                                  0x08006725   Thumb Code    48  os_core.o(.text)
    OSStatInit                               0x08006755   Thumb Code    62  os_core.o(.text)
    OSTimeTick                               0x08006793   Thumb Code   210  os_core.o(.text)
    OSVersion                                0x08006865   Thumb Code     6  os_core.o(.text)
    OS_Dummy                                 0x0800686b   Thumb Code     2  os_core.o(.text)
    OS_EventTaskRemove                       0x0800686d   Thumb Code    42  os_core.o(.text)
    OS_EventTaskRdy                          0x08006897   Thumb Code   114  os_core.o(.text)
    OS_EventTaskWait                         0x08006909   Thumb Code   112  os_core.o(.text)
    OS_EventWaitListInit                     0x08006979   Thumb Code    28  os_core.o(.text)
    OS_MemCopy                               0x08006995   Thumb Code    20  os_core.o(.text)
    OS_TCBInit                               0x080069a9   Thumb Code   338  os_core.o(.text)
    OSMutexAccept                            0x08006b11   Thumb Code   138  os_mutex.o(.text)
    OSMutexCreate                            0x08006b9b   Thumb Code   144  os_mutex.o(.text)
    OSMutexDel                               0x08006c99   Thumb Code   284  os_mutex.o(.text)
    OSMutexPend                              0x08006db5   Thumb Code   568  os_mutex.o(.text)
    OSMutexPost                              0x08006fed   Thumb Code   188  os_mutex.o(.text)
    OSMutexQuery                             0x080070a9   Thumb Code   108  os_mutex.o(.text)
    OSTaskChangePrio                         0x08007121   Thumb Code   308  os_task.o(.text)
    OSTaskCreate                             0x08007255   Thumb Code   150  os_task.o(.text)
    OS_TaskStkClr                            0x080072eb   Thumb Code    26  os_task.o(.text)
    OSTaskCreateExt                          0x08007305   Thumb Code   172  os_task.o(.text)
    OSTaskDel                                0x080073b1   Thumb Code   292  os_task.o(.text)
    OSTaskDelReq                             0x080074d5   Thumb Code   142  os_task.o(.text)
    OSTaskNameGet                            0x08007563   Thumb Code   116  os_task.o(.text)
    OSTaskNameSet                            0x080075d7   Thumb Code   132  os_task.o(.text)
    OSTaskResume                             0x0800765b   Thumb Code   154  os_task.o(.text)
    OSTaskStkChk                             0x080076f5   Thumb Code   132  os_task.o(.text)
    OSTaskSuspend                            0x08007779   Thumb Code   152  os_task.o(.text)
    OSTaskQuery                              0x08007811   Thumb Code    82  os_task.o(.text)
    OSTimeDly                                0x0800787d   Thumb Code    96  os_time.o(.text)
    OSTimeDlyHMSM                            0x080078dd   Thumb Code   108  os_time.o(.text)
    OSTimeDlyResume                          0x08007949   Thumb Code   168  os_time.o(.text)
    OSTimeGet                                0x080079f1   Thumb Code    24  os_time.o(.text)
    OSTimeSet                                0x08007a09   Thumb Code    24  os_time.o(.text)
    OSInitHookBegin                          0x08007a39   Thumb Code     2  os_cpu_c.o(.text)
    OSInitHookEnd                            0x08007a3b   Thumb Code     2  os_cpu_c.o(.text)
    OSTaskCreateHook                         0x08007a3d   Thumb Code     2  os_cpu_c.o(.text)
    OSTaskDelHook                            0x08007a3f   Thumb Code     2  os_cpu_c.o(.text)
    OSTaskIdleHook                           0x08007a41   Thumb Code     2  os_cpu_c.o(.text)
    OSTaskStatHook                           0x08007a43   Thumb Code     2  os_cpu_c.o(.text)
    OSTaskStkInit                            0x08007a45   Thumb Code   154  os_cpu_c.o(.text)
    OSTaskSwHook                             0x08007adf   Thumb Code     2  os_cpu_c.o(.text)
    OSTCBInitHook                            0x08007ae1   Thumb Code     2  os_cpu_c.o(.text)
    OSTimeTickHook                           0x08007ae3   Thumb Code     2  os_cpu_c.o(.text)
    OS_CPU_SR_Save                           0x08007ae5   Thumb Code     0  os_cpu_a.o(.text)
    OS_CPU_SR_Restore                        0x08007aed   Thumb Code     0  os_cpu_a.o(.text)
    OSStartHighRdy                           0x08007af3   Thumb Code     0  os_cpu_a.o(.text)
    OSCtxSw                                  0x08007b13   Thumb Code     0  os_cpu_a.o(.text)
    OSIntCtxSw                               0x08007b1d   Thumb Code     0  os_cpu_a.o(.text)
    OS_CPU_PendSVHandler                     0x08007b27   Thumb Code     0  os_cpu_a.o(.text)
    Task_BlueTooth                           0x08007b89   Thumb Code    80  appbluetooth.o(.text)
    Task_atttitude_pid                       0x08007c11   Thumb Code   214  control.o(.text)
    CONTROL                                  0x08007d21   Thumb Code  1326  controlpid.o(.text)
    Pid_init                                 0x0800824f   Thumb Code    70  controlpid.o(.text)
    Task_atttitude_computation               0x080082c1   Thumb Code    28  app_imu.o(.text)
    strstr                                   0x080082dd   Thumb Code    36  strstr.o(.text)
    strlen                                   0x08008301   Thumb Code    14  strlen.o(.text)
    strcmp                                   0x0800830f   Thumb Code    28  strcmp.o(.text)
    __aeabi_fadd                             0x0800832b   Thumb Code   164  fadd.o(.text)
    __aeabi_fsub                             0x080083cf   Thumb Code     6  fadd.o(.text)
    __aeabi_frsub                            0x080083d5   Thumb Code     6  fadd.o(.text)
    __aeabi_fmul                             0x080083db   Thumb Code   100  fmul.o(.text)
    __aeabi_fdiv                             0x0800843f   Thumb Code   124  fdiv.o(.text)
    __aeabi_dadd                             0x080084bb   Thumb Code   322  dadd.o(.text)
    __aeabi_dsub                             0x080085fd   Thumb Code     6  dadd.o(.text)
    __aeabi_drsub                            0x08008603   Thumb Code     6  dadd.o(.text)
    __aeabi_dmul                             0x08008609   Thumb Code   228  dmul.o(.text)
    __aeabi_ddiv                             0x080086ed   Thumb Code   222  ddiv.o(.text)
    __aeabi_i2f                              0x080087cb   Thumb Code    18  fflti.o(.text)
    __aeabi_ui2f                             0x080087dd   Thumb Code    10  ffltui.o(.text)
    __aeabi_i2d                              0x080087e7   Thumb Code    34  dflti.o(.text)
    __aeabi_f2uiz                            0x08008809   Thumb Code    40  ffixui.o(.text)
    __aeabi_f2d                              0x08008831   Thumb Code    38  f2d.o(.text)
    __aeabi_d2f                              0x08008857   Thumb Code    56  d2f.o(.text)
    __aeabi_cfcmpeq                          0x08008891   Thumb Code     0  cfcmple.o(.text)
    __aeabi_cfcmple                          0x08008891   Thumb Code    20  cfcmple.o(.text)
    __aeabi_cfrcmple                         0x080088a5   Thumb Code    20  cfrcmple.o(.text)
    __aeabi_uidiv                            0x080088b9   Thumb Code     0  uidiv.o(.text)
    __aeabi_uidivmod                         0x080088b9   Thumb Code    44  uidiv.o(.text)
    __aeabi_uldivmod                         0x080088e5   Thumb Code    98  uldiv.o(.text)
    __aeabi_llsl                             0x08008947   Thumb Code    30  llshl.o(.text)
    _ll_shift_l                              0x08008947   Thumb Code     0  llshl.o(.text)
    __aeabi_lasr                             0x08008965   Thumb Code    36  llsshr.o(.text)
    _ll_sshift_r                             0x08008965   Thumb Code     0  llsshr.o(.text)
    __I$use$fp                               0x08008989   Thumb Code     0  iusefp.o(.text)
    _float_round                             0x08008989   Thumb Code    18  fepilogue.o(.text)
    _float_epilogue                          0x0800899b   Thumb Code    92  fepilogue.o(.text)
    _double_round                            0x080089f7   Thumb Code    30  depilogue.o(.text)
    _double_epilogue                         0x08008a15   Thumb Code   156  depilogue.o(.text)
    __ARM_scalbn                             0x08008ab1   Thumb Code    46  dscalb.o(.text)
    scalbn                                   0x08008ab1   Thumb Code     0  dscalb.o(.text)
    _dsqrt                                   0x08008adf   Thumb Code   162  dsqrt.o(.text)
    __aeabi_d2ulz                            0x08008b81   Thumb Code    48  dfixul.o(.text)
    __aeabi_cdrcmple                         0x08008bb1   Thumb Code    48  cdrcmple.o(.text)
    __scatterload                            0x08008be1   Thumb Code    28  init.o(.text)
    __scatterload_rt2                        0x08008be1   Thumb Code     0  init.o(.text)
    __aeabi_llsr                             0x08008c05   Thumb Code    32  llushr.o(.text)
    _ll_ushift_r                             0x08008c05   Thumb Code     0  llushr.o(.text)
    __ARM_scalbnf                            0x08008c25   Thumb Code    24  fscalb.o(.text)
    scalbnf                                  0x08008c25   Thumb Code     0  fscalb.o(.text)
    __decompress                             0x08008c3d   Thumb Code     0  __dczerorl2.o(.text)
    __decompress1                            0x08008c3d   Thumb Code    86  __dczerorl2.o(.text)
    __0printf                                0x08008c95   Thumb Code    22  printfa.o(i.__0printf)
    __1printf                                0x08008c95   Thumb Code     0  printfa.o(i.__0printf)
    __2printf                                0x08008c95   Thumb Code     0  printfa.o(i.__0printf)
    __c89printf                              0x08008c95   Thumb Code     0  printfa.o(i.__0printf)
    printf                                   0x08008c95   Thumb Code     0  printfa.o(i.__0printf)
    __0vsprintf                              0x08008cb5   Thumb Code    30  printfa.o(i.__0vsprintf)
    __1vsprintf                              0x08008cb5   Thumb Code     0  printfa.o(i.__0vsprintf)
    __2vsprintf                              0x08008cb5   Thumb Code     0  printfa.o(i.__0vsprintf)
    __c89vsprintf                            0x08008cb5   Thumb Code     0  printfa.o(i.__0vsprintf)
    vsprintf                                 0x08008cb5   Thumb Code     0  printfa.o(i.__0vsprintf)
    __ARM_fpclassify                         0x08008cd9   Thumb Code    40  fpclassify.o(i.__ARM_fpclassify)
    __ARM_fpclassifyf                        0x08008d01   Thumb Code    38  fpclassifyf.o(i.__ARM_fpclassifyf)
    __kernel_poly                            0x08008d27   Thumb Code   170  poly.o(i.__kernel_poly)
    __mathlib_dbl_infnan                     0x08008dd1   Thumb Code     6  dunder.o(i.__mathlib_dbl_infnan)
    __mathlib_dbl_infnan2                    0x08008dd7   Thumb Code     4  dunder.o(i.__mathlib_dbl_infnan2)
    __mathlib_dbl_invalid                    0x08008ddb   Thumb Code    12  dunder.o(i.__mathlib_dbl_invalid)
    __mathlib_dbl_underflow                  0x08008de9   Thumb Code    10  dunder.o(i.__mathlib_dbl_underflow)
    __mathlib_flt_infnan2                    0x08008df9   Thumb Code     4  funder.o(i.__mathlib_flt_infnan2)
    __mathlib_flt_underflow                  0x08008dfd   Thumb Code    10  funder.o(i.__mathlib_flt_underflow)
    __scatterload_copy                       0x08008e07   Thumb Code    14  handlers.o(i.__scatterload_copy)
    __scatterload_null                       0x08008e15   Thumb Code     2  handlers.o(i.__scatterload_null)
    __scatterload_zeroinit                   0x08008e17   Thumb Code    14  handlers.o(i.__scatterload_zeroinit)
    __set_errno                              0x08008e25   Thumb Code     6  errno.o(i.__set_errno)
    asin                                     0x080096ed   Thumb Code   572  asin.o(i.asin)
    atan                                     0x0800995d   Thumb Code   474  atan.o(i.atan)
    atan2                                    0x08009b7d   Thumb Code   346  atan2.o(i.atan2)
    atan2f                                   0x08009cfd   Thumb Code   528  atan2f.o(i.atan2f)
    sqrt                                     0x08009f59   Thumb Code    76  sqrt.o(i.sqrt)
    OSUnMapTbl                               0x08009fa4   Data         256  os_core.o(.constdata)
    __mathlib_zero                           0x0800a190   Data           8  qnan.o(.constdata)
    Region$$Table$$Base                      0x0800a198   Number         0  anon$$obj.o(Region$$Table)
    Region$$Table$$Limit                     0x0800a1b8   Number         0  anon$$obj.o(Region$$Table)
    SystemCoreClock                          0x20000000   Data           4  system_stm32f10x.o(.data)
    AHBPrescTable                            0x20000004   Data          16  system_stm32f10x.o(.data)
    ANGLE                                    0x20000028   Data           4  main.o(.data)
    errANGLE                                 0x2000002c   Data           1  main.o(.data)
    prio                                     0x2000002d   Data           1  main.o(.data)
    USART3_RX_STA                            0x2000002e   Data           2  bluetooth.o(.data)
    Res                                      0x20000030   Data           1  bluetooth.o(.data)
    ARMED                                    0x20000031   Data           1  bluetooth.o(.data)
    pidset                                   0x20000032   Data           1  bluetooth.o(.data)
    send_angle                               0x20000033   Data           1  bluetooth.o(.data)
    USART2_RX_STA                            0x20000034   Data           2  gps.o(.data)
    Rc_Get                                   0x20000038   Data           8  rev.o(.data)
    TIM2CH1_CAPTURE_STA                      0x20000040   Data           1  rev.o(.data)
    TIM2CH1_CAPTURE_UPVAL                    0x20000042   Data           2  rev.o(.data)
    TIM2CH1_CAPTURE_DOWNVAL                  0x20000044   Data           2  rev.o(.data)
    TIM2CH2_CAPTURE_STA                      0x20000046   Data           1  rev.o(.data)
    TIM2CH2_CAPTURE_UPVAL                    0x20000048   Data           2  rev.o(.data)
    TIM2CH2_CAPTURE_DOWNVAL                  0x2000004a   Data           2  rev.o(.data)
    TIM2CH3_CAPTURE_STA                      0x2000004c   Data           1  rev.o(.data)
    TIM2CH3_CAPTURE_UPVAL                    0x2000004e   Data           2  rev.o(.data)
    TIM2CH3_CAPTURE_DOWNVAL                  0x20000050   Data           2  rev.o(.data)
    TIM2CH4_CAPTURE_STA                      0x20000052   Data           1  rev.o(.data)
    TIM2CH4_CAPTURE_UPVAL                    0x20000054   Data           2  rev.o(.data)
    TIM2CH4_CAPTURE_DOWNVAL                  0x20000056   Data           2  rev.o(.data)
    tempup1                                  0x20000058   Data           4  rev.o(.data)
    tempup2                                  0x2000005c   Data           4  rev.o(.data)
    tempup3                                  0x20000060   Data           4  rev.o(.data)
    tempup4                                  0x20000064   Data           4  rev.o(.data)
    tim2_T1                                  0x20000068   Data           4  rev.o(.data)
    tim2_T2                                  0x2000006c   Data           4  rev.o(.data)
    tim2_T3                                  0x20000070   Data           4  rev.o(.data)
    tim2_T4                                  0x20000074   Data           4  rev.o(.data)
    pwmout1                                  0x20000078   Data           4  rev.o(.data)
    pwmout2                                  0x2000007c   Data           4  rev.o(.data)
    pwmout3                                  0x20000080   Data           4  rev.o(.data)
    pwmout4                                  0x20000084   Data           4  rev.o(.data)
    time                                     0x20000088   Data           4  tim7.o(.data)
    dms                                      0x2000008c   Data           4  tim7.o(.data)
    USART_RX_STA                             0x20000090   Data           2  usart1.o(.data)
    Res1                                     0x20000092   Data           1  usart1.o(.data)
    GYRO_OFFSET                              0x20000094   Data           6  mpu6050.o(.data)
    ACC_OFFSET                               0x2000009a   Data           6  mpu6050.o(.data)
    GYRO_OFFSET_OK                           0x200000a0   Data           1  mpu6050.o(.data)
    ACC_OFFSET_OK                            0x200000a1   Data           1  mpu6050.o(.data)
    MPU6050_ACC_LAST                         0x200000a2   Data           6  mpu6050.o(.data)
    MPU6050_GYRO_LAST                        0x200000a8   Data           6  mpu6050.o(.data)
    GYRO_RADIAN_OLD                          0x200000ae   Data           6  mpu6050.o(.data)
    debug                                    0x200000b4   Data           4  mpu6050.o(.data)
    zoffset                                  0x200000d8   Data           4  imu.o(.data)
    q0                                       0x200000dc   Data           4  imu.o(.data)
    q1                                       0x200000e0   Data           4  imu.o(.data)
    q2                                       0x200000e4   Data           4  imu.o(.data)
    q3                                       0x200000e8   Data           4  imu.o(.data)
    temp1                                    0x200000ec   Data           4  imu.o(.data)
    temp2                                    0x200000f0   Data           4  imu.o(.data)
    temp3                                    0x200000f4   Data           4  imu.o(.data)
    temp0                                    0x200000f8   Data           4  imu.o(.data)
    exInt                                    0x200000fc   Data           4  imu.o(.data)
    eyInt                                    0x20000100   Data           4  imu.o(.data)
    ezInt                                    0x20000104   Data           4  imu.o(.data)
    DataVar                                  0x20000118   Data           2  eeprom.o(.data)
    CurWrAddress                             0x2000011c   Data           4  eeprom.o(.data)
    VirtAddVarTab                            0x20000120   Data          30  flash.o(.data)
    temp                                     0x2000013e   Data           2  flash.o(.data)
    Magn_x                                   0x20000140   Data           2  hmc5883l.o(.data)
    Magn_y                                   0x20000142   Data           2  hmc5883l.o(.data)
    Magn_z                                   0x20000144   Data           2  hmc5883l.o(.data)
    Magn_x_Max                               0x20000146   Data           2  hmc5883l.o(.data)
    Magn_y_Max                               0x20000148   Data           2  hmc5883l.o(.data)
    Magn_z_Max                               0x2000014a   Data           2  hmc5883l.o(.data)
    Magn_x_Min                               0x2000014c   Data           2  hmc5883l.o(.data)
    Magn_y_Min                               0x2000014e   Data           2  hmc5883l.o(.data)
    Magn_z_Min                               0x20000150   Data           2  hmc5883l.o(.data)
    X_Offset                                 0x20000154   Data           4  hmc5883l.o(.data)
    Y_Offset                                 0x20000158   Data           4  hmc5883l.o(.data)
    Z_Offset                                 0x2000015c   Data           4  hmc5883l.o(.data)
    X_scale                                  0x20000160   Data           4  hmc5883l.o(.data)
    Y_scale                                  0x20000164   Data           4  hmc5883l.o(.data)
    Z_scale                                  0x20000168   Data           4  hmc5883l.o(.data)
    Magn_fx                                  0x2000016c   Data           4  hmc5883l.o(.data)
    Magn_fy                                  0x20000170   Data           4  hmc5883l.o(.data)
    Magn_fz                                  0x20000174   Data           4  hmc5883l.o(.data)
    Xmax                                     0x20000178   Data           4  hmc5883l.o(.data)
    Xmin                                     0x2000017c   Data           4  hmc5883l.o(.data)
    Ymax                                     0x20000180   Data           4  hmc5883l.o(.data)
    Ymin                                     0x20000184   Data           4  hmc5883l.o(.data)
    Zmax                                     0x20000188   Data           4  hmc5883l.o(.data)
    Zmin                                     0x2000018c   Data           4  hmc5883l.o(.data)
    Mag_UserCal_Offset_X                     0x20000190   Data           4  hmc5883l.o(.data)
    Mag_UserCal_Offset_Y                     0x20000194   Data           4  hmc5883l.o(.data)
    Mag_UserCal_Offset_Z                     0x20000198   Data           4  hmc5883l.o(.data)
    anglez_offset                            0x2000019c   Data           4  hmc5883l.o(.data)
    OSCtxSwCtr                               0x200001a0   Data           4  os_core.o(.data)
    OSEventFreeList                          0x200001a4   Data           4  os_core.o(.data)
    OSCPUUsage                               0x200001a8   Data           1  os_core.o(.data)
    OSIdleCtrMax                             0x200001ac   Data           4  os_core.o(.data)
    OSIdleCtrRun                             0x200001b0   Data           4  os_core.o(.data)
    OSStatRdy                                0x200001b4   Data           1  os_core.o(.data)
    OSIntNesting                             0x200001b5   Data           1  os_core.o(.data)
    OSLockNesting                            0x200001b6   Data           1  os_core.o(.data)
    OSPrioCur                                0x200001b7   Data           1  os_core.o(.data)
    OSPrioHighRdy                            0x200001b8   Data           1  os_core.o(.data)
    OSRdyGrp                                 0x200001b9   Data           1  os_core.o(.data)
    OSRdyTbl                                 0x200001ba   Data           4  os_core.o(.data)
    OSRunning                                0x200001be   Data           1  os_core.o(.data)
    OSTaskCtr                                0x200001bf   Data           1  os_core.o(.data)
    OSIdleCtr                                0x200001c0   Data           4  os_core.o(.data)
    OSTCBCur                                 0x200001c4   Data           4  os_core.o(.data)
    OSTCBFreeList                            0x200001c8   Data           4  os_core.o(.data)
    OSTCBHighRdy                             0x200001cc   Data           4  os_core.o(.data)
    OSTCBList                                0x200001d0   Data           4  os_core.o(.data)
    OSTickStepState                          0x200001d4   Data           1  os_core.o(.data)
    OSTime                                   0x200001d8   Data           4  os_core.o(.data)
    angleTX                                  0x200001dc   Data           4  appbluetooth.o(.data)
    Pitch_i                                  0x200001e0   Data           4  controlpid.o(.data)
    Roll_i                                   0x200001e4   Data           4  controlpid.o(.data)
    Yaw_i                                    0x200001e8   Data           4  controlpid.o(.data)
    Pitch_old                                0x200001ec   Data           4  controlpid.o(.data)
    Roll_old                                 0x200001f0   Data           4  controlpid.o(.data)
    Yaw_old                                  0x200001f4   Data           4  controlpid.o(.data)
    Pitch_d                                  0x200001f8   Data           4  controlpid.o(.data)
    Roll_d                                   0x200001fc   Data           4  controlpid.o(.data)
    Yaw_d                                    0x20000200   Data           4  controlpid.o(.data)
    __stdout                                 0x20000204   Data           4  stdout.o(.data)
    USART3_RX_BUF                            0x20000610   Data         200  bluetooth.o(.bss)
    USART3_TX_BUF                            0x200006d8   Data         200  bluetooth.o(.bss)
    P                                        0x200007a0   Data          36  bluetooth.o(.bss)
    USART2_RX_BUF                            0x200007c4   Data         800  gps.o(.bss)
    TEMP_BUF                                 0x20000ae4   Data         800  gps.o(.bss)
    gpsx                                     0x20000e04   Data         105  gps.o(.bss)
    USART_RX_BUF                             0x20000e6d   Data         200  usart1.o(.bss)
    mpu6050_buffer                           0x20000f35   Data          14  mpu6050.o(.bss)
    ACC_AVG                                  0x20000f44   Data          12  imu.o(.bss)
    GYRO_I                                   0x20000f50   Data          12  imu.o(.bss)
    EXP_ANGLE                                0x20000f5c   Data          12  imu.o(.bss)
    DIF_ANGLE                                0x20000f68   Data          12  imu.o(.bss)
    Q_ANGLE                                  0x20000f74   Data          12  imu.o(.bss)
    OFFSET_ANGLE                             0x20000f80   Data          12  imu.o(.bss)
    ACC_X_BUF                                0x20000f8c   Data          40  imu.o(.bss)
    ACC_Y_BUF                                0x20000fb4   Data          40  imu.o(.bss)
    ACC_Z_BUF                                0x20000fdc   Data          40  imu.o(.bss)
    task_bluetooth_stk                       0x20001008   Data        2048  app.o(.bss)
    task_atttitude_computation_stk           0x20001808   Data        2048  app.o(.bss)
    task_atttitude_pid_stk                   0x20002008   Data        2048  app.o(.bss)
    task_gps_stk                             0x20002808   Data        2048  app.o(.bss)
    OSEventTbl                               0x20003008   Data         320  os_core.o(.bss)
    OSTaskStatStk                            0x20003148   Data         512  os_core.o(.bss)
    OSTaskIdleStk                            0x20003348   Data         512  os_core.o(.bss)
    OSTCBPrioTbl                             0x20003548   Data         128  os_core.o(.bss)
    OSTCBTbl                                 0x200035c8   Data        1440  os_core.o(.bss)
    PID_ROL                                  0x20003b68   Data          36  controlpid.o(.bss)
    PID_PIT                                  0x20003b8c   Data          36  controlpid.o(.bss)
    PID_YAW                                  0x20003bb0   Data          36  controlpid.o(.bss)
    __initial_sp                             0x20003fd8   Data           0  startup_stm32f10x_hd.o(STACK)



==============================================================================

Memory Map of the image

  Image Entry point : 0x08000131

  Load Region LR_IROM1 (Base: 0x08000000, Size: 0x0000a3c4, Max: 0x00080000, ABSOLUTE, COMPRESSED[0x0000a204])

    Execution Region ER_IROM1 (Base: 0x08000000, Size: 0x0000a1b8, Max: 0x00080000, ABSOLUTE)

    Base Addr    Size         Type   Attr      Idx    E Section Name        Object

    0x08000000   0x00000130   Data   RO            3    RESET               startup_stm32f10x_hd.o
    0x08000130   0x00000000   Code   RO         1002  * .ARM.Collect$$$$00000000  mc_w.l(entry.o)
    0x08000130   0x00000004   Code   RO         1345    .ARM.Collect$$$$00000001  mc_w.l(entry2.o)
    0x08000134   0x00000004   Code   RO         1348    .ARM.Collect$$$$00000004  mc_w.l(entry5.o)
    0x08000138   0x00000000   Code   RO         1350    .ARM.Collect$$$$00000008  mc_w.l(entry7b.o)
    0x08000138   0x00000000   Code   RO         1352    .ARM.Collect$$$$0000000A  mc_w.l(entry8b.o)
    0x08000138   0x00000008   Code   RO         1353    .ARM.Collect$$$$0000000B  mc_w.l(entry9a.o)
    0x08000140   0x00000000   Code   RO         1355    .ARM.Collect$$$$0000000D  mc_w.l(entry10a.o)
    0x08000140   0x00000000   Code   RO         1357    .ARM.Collect$$$$0000000F  mc_w.l(entry11a.o)
    0x08000140   0x00000004   Code   RO         1346    .ARM.Collect$$$$00002712  mc_w.l(entry2.o)
    0x08000144   0x00000024   Code   RO            4    .text               startup_stm32f10x_hd.o
    0x08000168   0x000001e0   Code   RO           24    .text               system_stm32f10x.o
    0x08000348   0x000000dc   Code   RO           73    .text               misc.o
    0x08000424   0x000005bc   Code   RO          221    .text               stm32f10x_flash.o
    0x080009e0   0x0000035c   Code   RO          248    .text               stm32f10x_gpio.o
    0x08000d3c   0x000003a4   Code   RO          305    .text               stm32f10x_rcc.o
    0x080010e0   0x00000e1a   Code   RO          364    .text               stm32f10x_tim.o
    0x08001efa   0x00000002   PAD
    0x08001efc   0x00000408   Code   RO          376    .text               stm32f10x_usart.o
    0x08002304   0x0000005c   Code   RO          403    .text               main.o
    0x08002360   0x00000050   Code   RO          495    .text               stm32f10x_it.o
    0x080023b0   0x000001e4   Code   RO          511    .text               bsp.o
    0x08002594   0x0000005c   Code   RO          531    .text               bsp_led.o
    0x080025f0   0x000002bc   Code   RO          543    .text               bluetooth.o
    0x080028ac   0x000006a8   Code   RO          573    .text               gps.o
    0x08002f54   0x00000208   Code   RO          592    .text               motor.o
    0x0800315c   0x00000410   Code   RO          607    .text               rev.o
    0x0800356c   0x000000a4   Code   RO          626    .text               tim7.o
    0x08003610   0x0000017c   Code   RO          641    .text               usart1.o
    0x0800378c   0x000003c0   Code   RO          657    .text               mpu6050.o
    0x08003b4c   0x00001564   Code   RO          680    .text               imu.o
    0x080050b0   0x000004d8   Code   RO          704    .text               eeprom.o
    0x08005588   0x00000404   Code   RO          720    .text               flash.o
    0x0800598c   0x00000480   Code   RO          735    .text               i2cdev.o
    0x08005e0c   0x0000034c   Code   RO          750    .text               hmc5883l.o
    0x08006158   0x00000050   Code   RO          765    .text               app.o
    0x080061a8   0x00000968   Code   RO          780    .text               os_core.o
    0x08006b10   0x00000610   Code   RO          818    .text               os_mutex.o
    0x08007120   0x0000075c   Code   RO          842    .text               os_task.o
    0x0800787c   0x000001bc   Code   RO          854    .text               os_time.o
    0x08007a38   0x000000ac   Code   RO          872    .text               os_cpu_c.o
    0x08007ae4   0x000000a4   Code   RO          900    .text               os_cpu_a.o
    0x08007b88   0x00000088   Code   RO          903    .text               appbluetooth.o
    0x08007c10   0x00000110   Code   RO          919    .text               control.o
    0x08007d20   0x000005a0   Code   RO          932    .text               controlpid.o
    0x080082c0   0x0000001c   Code   RO          956    .text               app_imu.o
    0x080082dc   0x00000024   Code   RO         1005    .text               mc_w.l(strstr.o)
    0x08008300   0x0000000e   Code   RO         1007    .text               mc_w.l(strlen.o)
    0x0800830e   0x0000001c   Code   RO         1009    .text               mc_w.l(strcmp.o)
    0x0800832a   0x000000b0   Code   RO         1272    .text               mf_w.l(fadd.o)
    0x080083da   0x00000064   Code   RO         1274    .text               mf_w.l(fmul.o)
    0x0800843e   0x0000007c   Code   RO         1276    .text               mf_w.l(fdiv.o)
    0x080084ba   0x0000014e   Code   RO         1278    .text               mf_w.l(dadd.o)
    0x08008608   0x000000e4   Code   RO         1280    .text               mf_w.l(dmul.o)
    0x080086ec   0x000000de   Code   RO         1282    .text               mf_w.l(ddiv.o)
    0x080087ca   0x00000012   Code   RO         1284    .text               mf_w.l(fflti.o)
    0x080087dc   0x0000000a   Code   RO         1286    .text               mf_w.l(ffltui.o)
    0x080087e6   0x00000022   Code   RO         1288    .text               mf_w.l(dflti.o)
    0x08008808   0x00000028   Code   RO         1290    .text               mf_w.l(ffixui.o)
    0x08008830   0x00000026   Code   RO         1292    .text               mf_w.l(f2d.o)
    0x08008856   0x00000038   Code   RO         1294    .text               mf_w.l(d2f.o)
    0x0800888e   0x00000002   PAD
    0x08008890   0x00000014   Code   RO         1296    .text               mf_w.l(cfcmple.o)
    0x080088a4   0x00000014   Code   RO         1298    .text               mf_w.l(cfrcmple.o)
    0x080088b8   0x0000002c   Code   RO         1360    .text               mc_w.l(uidiv.o)
    0x080088e4   0x00000062   Code   RO         1362    .text               mc_w.l(uldiv.o)
    0x08008946   0x0000001e   Code   RO         1364    .text               mc_w.l(llshl.o)
    0x08008964   0x00000024   Code   RO         1366    .text               mc_w.l(llsshr.o)
    0x08008988   0x00000000   Code   RO         1375    .text               mc_w.l(iusefp.o)
    0x08008988   0x0000006e   Code   RO         1376    .text               mf_w.l(fepilogue.o)
    0x080089f6   0x000000ba   Code   RO         1378    .text               mf_w.l(depilogue.o)
    0x08008ab0   0x0000002e   Code   RO         1380    .text               mf_w.l(dscalb.o)
    0x08008ade   0x000000a2   Code   RO         1382    .text               mf_w.l(dsqrt.o)
    0x08008b80   0x00000030   Code   RO         1384    .text               mf_w.l(dfixul.o)
    0x08008bb0   0x00000030   Code   RO         1388    .text               mf_w.l(cdrcmple.o)
    0x08008be0   0x00000024   Code   RO         1390    .text               mc_w.l(init.o)
    0x08008c04   0x00000020   Code   RO         1392    .text               mc_w.l(llushr.o)
    0x08008c24   0x00000018   Code   RO         1394    .text               mf_w.l(fscalb.o)
    0x08008c3c   0x00000056   Code   RO         1404    .text               mc_w.l(__dczerorl2.o)
    0x08008c92   0x00000002   PAD
    0x08008c94   0x00000020   Code   RO         1244    i.__0printf         mc_w.l(printfa.o)
    0x08008cb4   0x00000024   Code   RO         1250    i.__0vsprintf       mc_w.l(printfa.o)
    0x08008cd8   0x00000028   Code   RO         1324    i.__ARM_fpclassify  m_ws.l(fpclassify.o)
    0x08008d00   0x00000026   Code   RO         1326    i.__ARM_fpclassifyf  m_ws.l(fpclassifyf.o)
    0x08008d26   0x000000aa   Code   RO         1342    i.__kernel_poly     m_ws.l(poly.o)
    0x08008dd0   0x00000006   Code   RO         1311    i.__mathlib_dbl_infnan  m_ws.l(dunder.o)
    0x08008dd6   0x00000004   Code   RO         1312    i.__mathlib_dbl_infnan2  m_ws.l(dunder.o)
    0x08008dda   0x0000000c   Code   RO         1313    i.__mathlib_dbl_invalid  m_ws.l(dunder.o)
    0x08008de6   0x00000002   PAD
    0x08008de8   0x00000010   Code   RO         1316    i.__mathlib_dbl_underflow  m_ws.l(dunder.o)
    0x08008df8   0x00000004   Code   RO         1330    i.__mathlib_flt_infnan2  m_ws.l(funder.o)
    0x08008dfc   0x0000000a   Code   RO         1334    i.__mathlib_flt_underflow  m_ws.l(funder.o)
    0x08008e06   0x0000000e   Code   RO         1398    i.__scatterload_copy  mc_w.l(handlers.o)
    0x08008e14   0x00000002   Code   RO         1399    i.__scatterload_null  mc_w.l(handlers.o)
    0x08008e16   0x0000000e   Code   RO         1400    i.__scatterload_zeroinit  mc_w.l(handlers.o)
    0x08008e24   0x0000000c   Code   RO         1370    i.__set_errno       mc_w.l(errno.o)
    0x08008e30   0x00000184   Code   RO         1251    i._fp_digits        mc_w.l(printfa.o)
    0x08008fb4   0x000006dc   Code   RO         1252    i._printf_core      mc_w.l(printfa.o)
    0x08009690   0x00000024   Code   RO         1253    i._printf_post_padding  mc_w.l(printfa.o)
    0x080096b4   0x0000002e   Code   RO         1254    i._printf_pre_padding  mc_w.l(printfa.o)
    0x080096e2   0x0000000a   Code   RO         1256    i._sputc            mc_w.l(printfa.o)
    0x080096ec   0x00000270   Code   RO          969    i.asin              m_ws.l(asin.o)
    0x0800995c   0x00000220   Code   RO         1301    i.atan              m_ws.l(atan.o)
    0x08009b7c   0x00000180   Code   RO          979    i.atan2             m_ws.l(atan2.o)
    0x08009cfc   0x0000025c   Code   RO          987    i.atan2f            m_ws.l(atan2f.o)
    0x08009f58   0x0000004c   Code   RO          995    i.sqrt              m_ws.l(sqrt.o)
    0x08009fa4   0x00000100   Data   RO          782    .constdata          os_core.o
    0x0800a0a4   0x00000004   PAD
    0x0800a0a8   0x00000050   Data   RO          970    .constdata          m_ws.l(asin.o)
    0x0800a0f8   0x00000098   Data   RO         1302    .constdata          m_ws.l(atan.o)
    0x0800a190   0x00000008   Data   RO         1344    .constdata          m_ws.l(qnan.o)
    0x0800a198   0x00000020   Data   RO         1396    Region$$Table       anon$$obj.o


    Execution Region RW_IRAM1 (Base: 0x20000000, Size: 0x00003fd8, Max: 0x00010000, ABSOLUTE, COMPRESSED[0x0000004c])

    Base Addr    Size         Type   Attr      Idx    E Section Name        Object

    0x20000000   0x00000014   Data   RW           25    .data               system_stm32f10x.o
    0x20000014   0x00000014   Data   RW          306    .data               stm32f10x_rcc.o
    0x20000028   0x00000006   Data   RW          405    .data               main.o
    0x2000002e   0x00000006   Data   RW          545    .data               bluetooth.o
    0x20000034   0x00000002   Data   RW          575    .data               gps.o
    0x20000036   0x00000002   PAD
    0x20000038   0x00000050   Data   RW          608    .data               rev.o
    0x20000088   0x00000008   Data   RW          627    .data               tim7.o
    0x20000090   0x00000003   Data   RW          643    .data               usart1.o
    0x20000093   0x00000001   PAD
    0x20000094   0x00000042   Data   RW          659    .data               mpu6050.o
    0x200000d6   0x00000002   PAD
    0x200000d8   0x00000040   Data   RW          682    .data               imu.o
    0x20000118   0x00000008   Data   RW          705    .data               eeprom.o
    0x20000120   0x00000020   Data   RW          721    .data               flash.o
    0x20000140   0x00000060   Data   RW          751    .data               hmc5883l.o
    0x200001a0   0x0000003c   Data   RW          783    .data               os_core.o
    0x200001dc   0x00000004   Data   RW          904    .data               appbluetooth.o
    0x200001e0   0x00000024   Data   RW          934    .data               controlpid.o
    0x20000204   0x00000004   Data   RW         1359    .data               mc_w.l(stdout.o)
    0x20000208   0x00000004   Data   RW         1371    .data               mc_w.l(errno.o)
    0x2000020c   0x00000004   PAD
    0x20000210   0x00000400   Zero   RW          404    .bss                main.o
    0x20000610   0x000001b4   Zero   RW          544    .bss                bluetooth.o
    0x200007c4   0x000006a9   Zero   RW          574    .bss                gps.o
    0x20000e6d   0x000000c8   Zero   RW          642    .bss                usart1.o
    0x20000f35   0x0000000e   Zero   RW          658    .bss                mpu6050.o
    0x20000f43   0x00000001   PAD
    0x20000f44   0x000000c0   Zero   RW          681    .bss                imu.o
    0x20001004   0x00000004   PAD
    0x20001008   0x00002000   Zero   RW          766    .bss                app.o
    0x20003008   0x00000b60   Zero   RW          781    .bss                os_core.o
    0x20003b68   0x0000006c   Zero   RW          933    .bss                controlpid.o
    0x20003bd4   0x00000004   PAD
    0x20003bd8   0x00000400   Zero   RW            1    STACK               startup_stm32f10x_hd.o


==============================================================================

Image component sizes


      Code (inc. data)   RO Data    RW Data    ZI Data      Debug   Object Name

        80         26          0          0       8192       1261   app.o
        28          0          0          0          0        533   app_imu.o
       136         56          0          4          0       1274   appbluetooth.o
       700        140          0          6        436       4061   bluetooth.o
       484        150          0          0          0      16155   bsp.o
        92         10          0          0          0        526   bsp_led.o
       272         58          0          0          0        569   control.o
      1440        116          0         36        108       2370   controlpid.o
         0          0          0          0          0       4500   core_cm3.o
      1240         40          0          8          0       5222   eeprom.o
      1028         46          0         32          0       1984   flash.o
      1704        182          0          2       1705       5475   gps.o
       844        152          0         96          0       3534   hmc5883l.o
      1152          8          0          0          0       4482   i2cdev.o
      5476        410          0         64        192       5925   imu.o
        92         42          0          6       1024      12130   main.o
       220         22          0          0          0       1845   misc.o
       520          8          0          0          0       1716   motor.o
       960        118          0         66         14       3295   mpu6050.o
      2408        244        256         60       2912      16584   os_core.o
       164         32          0          0          0        340   os_cpu_a.o
       172          0          0          0          0      11165   os_cpu_c.o
      1552         40          0          0          0       4658   os_mutex.o
      1884         68          0          0          0       6965   os_task.o
       444         24          0          0          0       1918   os_time.o
      1040        102          0         80          0       3229   rev.o
        36          8        304          0       1024        876   startup_stm32f10x_hd.o
      1468         34          0          0          0       8250   stm32f10x_flash.o
       860         38          0          0          0       5777   stm32f10x_gpio.o
        80          8          0          0          0       1454   stm32f10x_it.o
       932         36          0         20          0       8976   stm32f10x_rcc.o
      3610         88          0          0          0      22888   stm32f10x_tim.o
      1032         22          0          0          0       8504   stm32f10x_usart.o
       480         38          0         20          0     256795   system_stm32f10x.o
       164          8          0          8          0       1372   tim7.o
       380         22          0          3        200       2142   usart1.o

    ----------------------------------------------------------------------
     33176       2396        596        516      15816     438750   Object Totals
         0          0         32          0          0          0   (incl. Generated)
         2          0          4          5          9          0   (incl. Padding)

    ----------------------------------------------------------------------

      Code (inc. data)   RO Data    RW Data    ZI Data      Debug   Library Member Name

       624         52         80          0          0        168   asin.o
       544         70        152          0          0        124   atan.o
       384         38          0          0          0        144   atan2.o
       604         76          0          0          0        116   atan2f.o
        38          6          0          0          0        272   dunder.o
        40          0          0          0          0         68   fpclassify.o
        38          0          0          0          0         68   fpclassifyf.o
        14          0          0          0          0        136   funder.o
       170          0          0          0          0         96   poly.o
         0          0          8          0          0          0   qnan.o
        76          0          0          0          0         84   sqrt.o
        86          0          0          0          0          0   __dczerorl2.o
         0          0          0          0          0          0   entry.o
         0          0          0          0          0          0   entry10a.o
         0          0          0          0          0          0   entry11a.o
         8          4          0          0          0          0   entry2.o
         4          0          0          0          0          0   entry5.o
         0          0          0          0          0          0   entry7b.o
         0          0          0          0          0          0   entry8b.o
         8          4          0          0          0          0   entry9a.o
        12          6          0          4          0         68   errno.o
        30          0          0          0          0          0   handlers.o
        36          8          0          0          0         68   init.o
         0          0          0          0          0          0   iusefp.o
        30          0          0          0          0         68   llshl.o
        36          0          0          0          0         68   llsshr.o
        32          0          0          0          0         68   llushr.o
      2304         96          0          0          0        600   printfa.o
         0          0          0          4          0          0   stdout.o
        28          0          0          0          0         76   strcmp.o
        14          0          0          0          0         68   strlen.o
        36          0          0          0          0         80   strstr.o
        44          0          0          0          0         80   uidiv.o
        98          0          0          0          0         92   uldiv.o
        48          0          0          0          0         68   cdrcmple.o
        20          0          0          0          0         68   cfcmple.o
        20          0          0          0          0         68   cfrcmple.o
        56          0          0          0          0         88   d2f.o
       334          0          0          0          0        148   dadd.o
       222          0          0          0          0        100   ddiv.o
       186          0          0          0          0        176   depilogue.o
        48          0          0          0          0         68   dfixul.o
        34          0          0          0          0         76   dflti.o
       228          0          0          0          0         96   dmul.o
        46          0          0          0          0         80   dscalb.o
       162          0          0          0          0        100   dsqrt.o
        38          0          0          0          0         68   f2d.o
       176          0          0          0          0        140   fadd.o
       124          0          0          0          0         88   fdiv.o
       110          0          0          0          0        168   fepilogue.o
        40          0          0          0          0         68   ffixui.o
        18          0          0          0          0         68   fflti.o
        10          0          0          0          0         68   ffltui.o
       100          0          0          0          0         76   fmul.o
        24          0          0          0          0         68   fscalb.o

    ----------------------------------------------------------------------
      7388        360        240          8          4       4560   Library Totals
         6          0          0          0          4          0   (incl. Padding)

    ----------------------------------------------------------------------

      Code (inc. data)   RO Data    RW Data    ZI Data      Debug   Library Name

      2532        242        240          0          0       1276   m_ws.l
      2806        118          0          8          0       1336   mc_w.l
      2044          0          0          0          0       1948   mf_w.l

    ----------------------------------------------------------------------
      7388        360        240          8          4       4560   Library Totals

    ----------------------------------------------------------------------

==============================================================================


      Code (inc. data)   RO Data    RW Data    ZI Data      Debug   

     40564       2756        836        524      15820     437978   Grand Totals
     40564       2756        836         76      15820     437978   ELF Image Totals (compressed)
     40564       2756        836         76          0          0   ROM Totals

==============================================================================

    Total RO  Size (Code + RO Data)                41400 (  40.43kB)
    Total RW  Size (RW Data + ZI Data)             16344 (  15.96kB)
    Total ROM Size (Code + RO Data + RW Data)      41476 (  40.50kB)

==============================================================================

